Archive member included to satisfy reference by file (symbol)

C:/ST/STM32CubeIDE_1.19.0/STM32CubeIDE/plugins/com.st.stm32cube.ide.mcu.externaltools.gnu-tools-for-stm32.13.3.rel1.win32_1.0.0.202411081344/tools/bin/../lib/gcc/arm-none-eabi/13.3.1/../../../../arm-none-eabi/lib/thumb/v7-m/nofp\libc_nano.a(libc_a-exit.o)
                              C:/ST/STM32CubeIDE_1.19.0/STM32CubeIDE/plugins/com.st.stm32cube.ide.mcu.externaltools.gnu-tools-for-stm32.13.3.rel1.win32_1.0.0.202411081344/tools/bin/../lib/gcc/arm-none-eabi/13.3.1/../../../../arm-none-eabi/lib/thumb/v7-m/nofp/crt0.o (exit)
C:/ST/STM32CubeIDE_1.19.0/STM32CubeIDE/plugins/com.st.stm32cube.ide.mcu.externaltools.gnu-tools-for-stm32.13.3.rel1.win32_1.0.0.202411081344/tools/bin/../lib/gcc/arm-none-eabi/13.3.1/../../../../arm-none-eabi/lib/thumb/v7-m/nofp\libc_nano.a(libc_a-findfp.o)
                              C:/ST/STM32CubeIDE_1.19.0/STM32CubeIDE/plugins/com.st.stm32cube.ide.mcu.externaltools.gnu-tools-for-stm32.13.3.rel1.win32_1.0.0.202411081344/tools/bin/../lib/gcc/arm-none-eabi/13.3.1/../../../../arm-none-eabi/lib/thumb/v7-m/nofp\libc_nano.a(libc_a-exit.o) (__stdio_exit_handler)
C:/ST/STM32CubeIDE_1.19.0/STM32CubeIDE/plugins/com.st.stm32cube.ide.mcu.externaltools.gnu-tools-for-stm32.13.3.rel1.win32_1.0.0.202411081344/tools/bin/../lib/gcc/arm-none-eabi/13.3.1/../../../../arm-none-eabi/lib/thumb/v7-m/nofp\libc_nano.a(libc_a-fwalk.o)
                              C:/ST/STM32CubeIDE_1.19.0/STM32CubeIDE/plugins/com.st.stm32cube.ide.mcu.externaltools.gnu-tools-for-stm32.13.3.rel1.win32_1.0.0.202411081344/tools/bin/../lib/gcc/arm-none-eabi/13.3.1/../../../../arm-none-eabi/lib/thumb/v7-m/nofp\libc_nano.a(libc_a-findfp.o) (_fwalk_sglue)
C:/ST/STM32CubeIDE_1.19.0/STM32CubeIDE/plugins/com.st.stm32cube.ide.mcu.externaltools.gnu-tools-for-stm32.13.3.rel1.win32_1.0.0.202411081344/tools/bin/../lib/gcc/arm-none-eabi/13.3.1/../../../../arm-none-eabi/lib/thumb/v7-m/nofp\libc_nano.a(libc_a-stdio.o)
                              C:/ST/STM32CubeIDE_1.19.0/STM32CubeIDE/plugins/com.st.stm32cube.ide.mcu.externaltools.gnu-tools-for-stm32.13.3.rel1.win32_1.0.0.202411081344/tools/bin/../lib/gcc/arm-none-eabi/13.3.1/../../../../arm-none-eabi/lib/thumb/v7-m/nofp\libc_nano.a(libc_a-findfp.o) (__sread)
C:/ST/STM32CubeIDE_1.19.0/STM32CubeIDE/plugins/com.st.stm32cube.ide.mcu.externaltools.gnu-tools-for-stm32.13.3.rel1.win32_1.0.0.202411081344/tools/bin/../lib/gcc/arm-none-eabi/13.3.1/../../../../arm-none-eabi/lib/thumb/v7-m/nofp\libc_nano.a(libc_a-memset.o)
                              C:/ST/STM32CubeIDE_1.19.0/STM32CubeIDE/plugins/com.st.stm32cube.ide.mcu.externaltools.gnu-tools-for-stm32.13.3.rel1.win32_1.0.0.202411081344/tools/bin/../lib/gcc/arm-none-eabi/13.3.1/../../../../arm-none-eabi/lib/thumb/v7-m/nofp/crt0.o (memset)
C:/ST/STM32CubeIDE_1.19.0/STM32CubeIDE/plugins/com.st.stm32cube.ide.mcu.externaltools.gnu-tools-for-stm32.13.3.rel1.win32_1.0.0.202411081344/tools/bin/../lib/gcc/arm-none-eabi/13.3.1/../../../../arm-none-eabi/lib/thumb/v7-m/nofp\libc_nano.a(libc_a-closer.o)
                              C:/ST/STM32CubeIDE_1.19.0/STM32CubeIDE/plugins/com.st.stm32cube.ide.mcu.externaltools.gnu-tools-for-stm32.13.3.rel1.win32_1.0.0.202411081344/tools/bin/../lib/gcc/arm-none-eabi/13.3.1/../../../../arm-none-eabi/lib/thumb/v7-m/nofp\libc_nano.a(libc_a-stdio.o) (_close_r)
C:/ST/STM32CubeIDE_1.19.0/STM32CubeIDE/plugins/com.st.stm32cube.ide.mcu.externaltools.gnu-tools-for-stm32.13.3.rel1.win32_1.0.0.202411081344/tools/bin/../lib/gcc/arm-none-eabi/13.3.1/../../../../arm-none-eabi/lib/thumb/v7-m/nofp\libc_nano.a(libc_a-reent.o)
                              C:/ST/STM32CubeIDE_1.19.0/STM32CubeIDE/plugins/com.st.stm32cube.ide.mcu.externaltools.gnu-tools-for-stm32.13.3.rel1.win32_1.0.0.202411081344/tools/bin/../lib/gcc/arm-none-eabi/13.3.1/../../../../arm-none-eabi/lib/thumb/v7-m/nofp\libc_nano.a(libc_a-closer.o) (errno)
C:/ST/STM32CubeIDE_1.19.0/STM32CubeIDE/plugins/com.st.stm32cube.ide.mcu.externaltools.gnu-tools-for-stm32.13.3.rel1.win32_1.0.0.202411081344/tools/bin/../lib/gcc/arm-none-eabi/13.3.1/../../../../arm-none-eabi/lib/thumb/v7-m/nofp\libc_nano.a(libc_a-impure.o)
                              C:/ST/STM32CubeIDE_1.19.0/STM32CubeIDE/plugins/com.st.stm32cube.ide.mcu.externaltools.gnu-tools-for-stm32.13.3.rel1.win32_1.0.0.202411081344/tools/bin/../lib/gcc/arm-none-eabi/13.3.1/../../../../arm-none-eabi/lib/thumb/v7-m/nofp\libc_nano.a(libc_a-reent.o) (_impure_ptr)
C:/ST/STM32CubeIDE_1.19.0/STM32CubeIDE/plugins/com.st.stm32cube.ide.mcu.externaltools.gnu-tools-for-stm32.13.3.rel1.win32_1.0.0.202411081344/tools/bin/../lib/gcc/arm-none-eabi/13.3.1/../../../../arm-none-eabi/lib/thumb/v7-m/nofp\libc_nano.a(libc_a-lseekr.o)
[...]
Memory Configuration

Name             Origin             Length             Attributes
RAM              0x20000000         0x00002800         xrw
FLASH            0x08000000         0x00008000         xr
*default*        0x00000000         0xffffffff

Linker script and memory map

LOAD C:/ST/STM32CubeIDE_1.19.0/STM32CubeIDE/plugins/com.st.stm32cube.ide.mcu.externaltools.gnu-tools-for-stm32.13.3.rel1.win32_1.0.0.202411081344/tools/bin/../lib/gcc/arm-none-eabi/13.3.1/thumb/v7-m/nofp/crti.o
LOAD C:/ST/STM32CubeIDE_1.19.0/STM32CubeIDE/plugins/com.st.stm32cube.ide.mcu.externaltools.gnu-tools-for-stm32.13.3.rel1.win32_1.0.0.202411081344/tools/bin/../lib/gcc/arm-none-eabi/13.3.1/thumb/v7-m/nofp/crtbegin.o
LOAD C:/ST/STM32CubeIDE_1.19.0/STM32CubeIDE/plugins/com.st.stm32cube.ide.mcu.externaltools.gnu-tools-for-stm32.13.3.rel1.win32_1.0.0.202411081344/tools/bin/../lib/gcc/arm-none-eabi/13.3.1/../../../../arm-none-eabi/lib/thumb/v7-m/nofp/crt0.o
LOAD ./Core/Src/action.o
LOAD ./Core/Src/gpio.o
LOAD ./Core/Src/main.o
LOAD ./Core/Src/receive.o
LOAD ./Core/Src/stm32f1xx_hal_msp.o
LOAD ./Core/Src/stm32f1xx_it.o
LOAD ./Core/Src/syscalls.o
LOAD ./Core/Src/sysmem.o
LOAD ./Core/Src/system_stm32f1xx.o
LOAD ./Core/Src/transmit.o
LOAD ./Core/Src/usart.o
LOAD ./Core/Startup/startup_stm32f103c6tx.o
LOAD ./Drivers/STM32F1xx_HAL_Driver/Src/stm32f1xx_hal.o
LOAD ./Drivers/STM32F1xx_HAL_Driver/Src/stm32f1xx_hal_cortex.o
LOAD ./Drivers/STM32F1xx_HAL_Driver/Src/stm32f1xx_hal_dma.o
LOAD ./Drivers/STM32F1xx_HAL_Driver/Src/stm32f1xx_hal_exti.o
LOAD ./Drivers/STM32F1xx_HAL_Driver/Src/stm32f1xx_hal_flash.o
LOAD ./Drivers/STM32F1xx_HAL_Driver/Src/stm32f1xx_hal_flash_ex.o
LOAD ./Drivers/STM32F1xx_HAL_Driver/Src/stm32f1xx_hal_gpio.o
LOAD ./Drivers/STM32F1xx_HAL_Driver/Src/stm32f1xx_hal_gpio_ex.o
LOAD ./Drivers/STM32F1xx_HAL_Driver/Src/stm32f1xx_hal_pcd.o
LOAD ./Drivers/STM32F1xx_HAL_Driver/Src/stm32f1xx_hal_pcd_ex.o
LOAD ./Drivers/STM32F1xx_HAL_Driver/Src/stm32f1xx_hal_pwr.o
LOAD ./Drivers/STM32F1xx_HAL_Driver/Src/stm32f1xx_hal_rcc.o
LOAD ./Drivers/STM32F1xx_HAL_Driver/Src/stm32f1xx_hal_rcc_ex.o
LOAD ./Drivers/STM32F1xx_HAL_Driver/Src/stm32f1xx_hal_uart.o
LOAD ./Drivers/STM32F1xx_HAL_Driver/Src/stm32f1xx_ll_usb.o
LOAD ./Middlewares/ST/STM32_USB_Device_Library/Class/CDC/Src/usbd_cdc.o
LOAD ./Middlewares/ST/STM32_USB_Device_Library/Core/Src/usbd_core.o
LOAD ./Middlewares/ST/STM32_USB_Device_Library/Core/Src/usbd_ctlreq.o
LOAD ./Middlewares/ST/STM32_USB_Device_Library/Core/Src/usbd_ioreq.o
LOAD ./USB_DEVICE/App/usb_device.o
LOAD ./USB_DEVICE/App/usbd_cdc_if.o
LOAD ./USB_DEVICE/App/usbd_desc.o
LOAD ./USB_DEVICE/Target/usbd_conf.o
START GROUP
LOAD C:/ST/STM32CubeIDE_1.19.0/STM32CubeIDE/plugins/com.st.stm32cube.ide.mcu.externaltools.gnu-tools-for-stm32.13.3.rel1.win32_1.0.0.202411081344/tools/bin/../lib/gcc/arm-none-eabi/13.3.1/../../../../arm-none-eabi/lib/thumb/v7-m/nofp\libc_nano.a
LOAD C:/ST/STM32CubeIDE_1.19.0/STM32CubeIDE/plugins/com.st.stm32cube.ide.mcu.externaltools.gnu-tools-for-stm32.13.3.rel1.win32_1.0.0.202411081344/tools/bin/../lib/gcc/arm-none-eabi/13.3.1/../../../../arm-none-eabi/lib/thumb/v7-m/nofp\libm.a
END GROUP
START GROUP
LOAD C:/ST/STM32CubeIDE_1.19.0/STM32CubeIDE/plugins/com.st.stm32cube.ide.mcu.externaltools.gnu-tools-for-stm32.13.3.rel1.win32_1.0.0.202411081344/tools/bin/../lib/gcc/arm-none-eabi/13.3.1/thumb/v7-m/nofp\libgcc.a
LOAD C:/ST/STM32CubeIDE_1.19.0/STM32CubeIDE/plugins/com.st.stm32cube.ide.mcu.externaltools.gnu-tools-for-stm32.13.3.rel1.win32_1.0.0.202411081344/tools/bin/../lib/gcc/arm-none-eabi/13.3.1/../../../../arm-none-eabi/lib/thumb/v7-m/nofp\libc_nano.a
END GROUP
START GROUP
LOAD C:/ST/STM32CubeIDE_1.19.0/STM32CubeIDE/plugins/com.st.stm32cube.ide.mcu.externaltools.gnu-tools-for-stm32.13.3.rel1.win32_1.0.0.202411081344/tools/bin/../lib/gcc/arm-none-eabi/13.3.1/thumb/v7-m/nofp\libgcc.a
LOAD C:/ST/STM32CubeIDE_1.19.0/STM32CubeIDE/plugins/com.st.stm32cube.ide.mcu.externaltools.gnu-tools-for-stm32.13.3.rel1.win32_1.0.0.202411081344/tools/bin/../lib/gcc/arm-none-eabi/13.3.1/../../../../arm-none-eabi/lib/thumb/v7-m/nofp\libc_nano.a
LOAD C:/ST/STM32CubeIDE_1.19.0/STM32CubeIDE/plugins/com.st.stm32cube.ide.mcu.externaltools.gnu-tools-for-stm32.13.3.rel1.win32_1.0.0.202411081344/tools/bin/../lib/gcc/arm-none-eabi/13.3.1/../../../../arm-none-eabi/lib/thumb/v7-m/nofp\libnosys.a
END GROUP
START GROUP
LOAD C:/ST/STM32CubeIDE_1.19.0/STM32CubeIDE/plugins/com.st.stm32cube.ide.mcu.externaltools.gnu-tools-for-stm32.13.3.rel1.win32_1.0.0.202411081344/tools/bin/../lib/gcc/arm-none-eabi/13.3.1/thumb/v7-m/nofp\libgcc.a
LOAD C:/ST/STM32CubeIDE_1.19.0/STM32CubeIDE/plugins/com.st.stm32cube.ide.mcu.externaltools.gnu-tools-for-stm32.13.3.rel1.win32_1.0.0.202411081344/tools/bin/../lib/gcc/arm-none-eabi/13.3.1/../../../../arm-none-eabi/lib/thumb/v7-m/nofp\libc_nano.a
LOAD C:/ST/STM32CubeIDE_1.19.0/STM32CubeIDE/plugins/com.st.stm32cube.ide.mcu.externaltools.gnu-tools-for-stm32.13.3.rel1.win32_1.0.0.202411081344/tools/bin/../lib/gcc/arm-none-eabi/13.3.1/../../../../arm-none-eabi/lib/thumb/v7-m/nofp\libnosys.a
END GROUP
LOAD C:/ST/STM32CubeIDE_1.19.0/STM32CubeIDE/plugins/com.st.stm32cube.ide.mcu.externaltools.gnu-tools-for-stm32.13.3.rel1.win32_1.0.0.202411081344/tools/bin/../lib/gcc/arm-none-eabi/13.3.1/thumb/v7-m/nofp/crtend.o
LOAD C:/ST/STM32CubeIDE_1.19.0/STM32CubeIDE/plugins/com.st.stm32cube.ide.mcu.externaltools.gnu-tools-for-stm32.13.3.rel1.win32_1.0.0.202411081344/tools/bin/../lib/gcc/arm-none-eabi/13.3.1/thumb/v7-m/nofp/crtn.o
                0x20002800                        _estack = (ORIGIN (RAM) + LENGTH (RAM))
                0x00000200                        _Min_Heap_Size = 0x200
                0x00000400                        _Min_Stack_Size = 0x400

.isr_vector     0x08000000      0x10c
                0x08000000                        . = ALIGN (0x4)
 *(.isr_vector)
 .isr_vector    0x08000000      0x10c ./Core/Startup/startup_stm32f103c6tx.o
                0x08000000                g_pfnVectors
                0x0800010c                        . = ALIGN (0x4)

.text           0x0800010c     0x75f0
                0x0800010c                        . = ALIGN (0x4)
 *(.text)
 .text          0x0800010c       0x40 C:/ST/STM32CubeIDE_1.19.0/STM32CubeIDE/plugins/com.st.stm32cube.ide.mcu.externaltools.gnu-tools-for-stm32.13.3.rel1.win32_1.0.0.202411081344/tools/bin/../lib/gcc/arm-none-eabi/13.3.1/thumb/v7-m/nofp/crtbegin.o
 *(.text*)
 .text.MX_GPIO_Init
                0x0800014c       0x7c ./Core/Src/gpio.o
                0x0800014c                MX_GPIO_Init
 .text.main     0x080001c8       0x20 ./Core/Src/main.o
                0x080001c8                main
 .text.SystemClock_Config
                0x080001e8       0x76 ./Core/Src/main.o
                0x080001e8                SystemClock_Config
 .text.Error_Handler
                0x0800025e        0xc ./Core/Src/main.o
                0x0800025e                Error_Handler
 *fill*         0x0800026a        0x2 
 .text.HAL_MspInit
                0x0800026c       0x64 ./Core/Src/stm32f1xx_hal_msp.o
                0x0800026c                HAL_MspInit
 .text.NMI_Handler
                0x080002d0        0x8 ./Core/Src/stm32f1xx_it.o
                0x080002d0                NMI_Handler
 .text.HardFault_Handler
                0x080002d8        0x8 ./Core/Src/stm32f1xx_it.o
                0x080002d8                HardFault_Handler
 .text.MemManage_Handler
                0x080002e0        0x8 ./Core/Src/stm32f1xx_it.o
                0x080002e0                MemManage_Handler
 .text.BusFault_Handler
                0x080002e8        0x8 ./Core/Src/stm32f1xx_it.o
                0x080002e8                BusFault_Handler
 .text.UsageFault_Handler
                0x080002f0        0x8 ./Core/Src/stm32f1xx_it.o
                0x080002f0                UsageFault_Handler
 .text.SVC_Handler
                0x080002f8        0xc ./Core/Src/stm32f1xx_it.o
                0x080002f8                SVC_Handler
 .text.DebugMon_Handler
                0x08000304        0xc ./Core/Src/stm32f1xx_it.o
                0x08000304                DebugMon_Handler
 .text.PendSV_Handler
                0x08000310        0xc ./Core/Src/stm32f1xx_it.o
                0x08000310                PendSV_Handler
 .text.SysTick_Handler
                0x0800031c        0xc ./Core/Src/stm32f1xx_it.o
                0x0800031c                SysTick_Handler
 .text.USB_LP_CAN1_RX0_IRQHandler
                0x08000328       0x14 ./Core/Src/stm32f1xx_it.o
                0x08000328                USB_LP_CAN1_RX0_IRQHandler
 .text.SystemInit
                0x0800033c        0xc ./Core/Src/system_stm32f1xx.o
                0x0800033c                SystemInit
 .text.transmitData_Init
                0x08000348       0x1c ./Core/Src/transmit.o
                0x08000348                transmitData_Init
 .text.MX_USART1_UART_Init
                0x08000364       0x54 ./Core/Src/usart.o
                0x08000364                MX_USART1_UART_Init
 .text.HAL_UART_MspInit
                0x080003b8       0x98 ./Core/Src/usart.o
                0x080003b8                HAL_UART_MspInit
 .text.Reset_Handler
                0x08000450       0x48 ./Core/Startup/startup_stm32f103c6tx.o
                0x08000450                Reset_Handler
 .text.Default_Handler
                0x08000498        0x2 ./Core/Startup/startup_stm32f103c6tx.o
                0x08000498                RTC_Alarm_IRQHandler
                0x08000498                EXTI2_IRQHandler
                0x08000498                TIM1_CC_IRQHandler
                0x08000498                PVD_IRQHandler
                0x08000498                EXTI3_IRQHandler
                0x08000498                EXTI0_IRQHandler
                0x08000498                ADC1_2_IRQHandler
                0x08000498                SPI1_IRQHandler
                0x08000498                TAMPER_IRQHandler
                0x08000498                DMA1_Channel4_IRQHandler
                0x08000498                RTC_IRQHandler
                0x08000498                DMA1_Channel7_IRQHandler
                0x08000498                CAN1_RX1_IRQHandler
                0x08000498                I2C1_EV_IRQHandler
                0x08000498                DMA1_Channel6_IRQHandler
                0x08000498                TIM3_IRQHandler
                0x08000498                RCC_IRQHandler
                0x08000498                TIM1_TRG_COM_IRQHandler
                0x08000498                DMA1_Channel1_IRQHandler
                0x08000498                Default_Handler
                0x08000498                EXTI15_10_IRQHandler
                0x08000498                EXTI9_5_IRQHandler
                0x08000498                DMA1_Channel5_IRQHandler
                0x08000498                EXTI4_IRQHandler
                0x08000498                USB_HP_CAN1_TX_IRQHandler
                0x08000498                DMA1_Channel3_IRQHandler
                0x08000498                TIM1_UP_IRQHandler
                0x08000498                WWDG_IRQHandler
                0x08000498                TIM2_IRQHandler
                0x08000498                TIM1_BRK_IRQHandler
                0x08000498                EXTI1_IRQHandler
                0x08000498                USART2_IRQHandler
                0x08000498                DMA1_Channel2_IRQHandler
                0x08000498                CAN1_SCE_IRQHandler
                0x08000498                FLASH_IRQHandler
                0x08000498                USART1_IRQHandler
                0x08000498                I2C1_ER_IRQHandler
                0x08000498                USBWakeUp_IRQHandler
 *fill*         0x0800049a        0x2 
 .text.HAL_Init
                0x0800049c       0x2c ./Drivers/STM32F1xx_HAL_Driver/Src/stm32f1xx_hal.o
                0x0800049c                HAL_Init
 .text.HAL_InitTick
                0x080004c8       0x60 ./Drivers/STM32F1xx_HAL_Driver/Src/stm32f1xx_hal.o
                0x080004c8                HAL_InitTick
 .text.HAL_IncTick
                0x08000528       0x24 ./Drivers/STM32F1xx_HAL_Driver/Src/stm32f1xx_hal.o
                0x08000528                HAL_IncTick
 .text.HAL_GetTick
                0x0800054c       0x14 ./Drivers/STM32F1xx_HAL_Driver/Src/stm32f1xx_hal.o
                0x0800054c                HAL_GetTick
 .text.__NVIC_SetPriorityGrouping
                0x08000560       0x48 ./Drivers/STM32F1xx_HAL_Driver/Src/stm32f1xx_hal_cortex.o
 .text.__NVIC_GetPriorityGrouping
                0x080005a8       0x1c ./Drivers/STM32F1xx_HAL_Driver/Src/stm32f1xx_hal_cortex.o
 .text.__NVIC_EnableIRQ
                0x080005c4       0x38 ./Drivers/STM32F1xx_HAL_Driver/Src/stm32f1xx_hal_cortex.o
 .text.__NVIC_SetPriority
                0x080005fc       0x54 ./Drivers/STM32F1xx_HAL_Driver/Src/stm32f1xx_hal_cortex.o
 .text.NVIC_EncodePriority
                0x08000650       0x64 ./Drivers/STM32F1xx_HAL_Driver/Src/stm32f1xx_hal_cortex.o
 .text.SysTick_Config
                0x080006b4       0x44 ./Drivers/STM32F1xx_HAL_Driver/Src/stm32f1xx_hal_cortex.o
 .text.HAL_NVIC_SetPriorityGrouping
                0x080006f8       0x16 ./Drivers/STM32F1xx_HAL_Driver/Src/stm32f1xx_hal_cortex.o
                0x080006f8                HAL_NVIC_SetPriorityGrouping
 .text.HAL_NVIC_SetPriority
                0x0800070e       0x38 ./Drivers/STM32F1xx_HAL_Driver/Src/stm32f1xx_hal_cortex.o
                0x0800070e                HAL_NVIC_SetPriority
 .text.HAL_NVIC_EnableIRQ
                0x08000746       0x1c ./Drivers/STM32F1xx_HAL_Driver/Src/stm32f1xx_hal_cortex.o
                0x08000746                HAL_NVIC_EnableIRQ
 .text.HAL_SYSTICK_Config
                0x08000762       0x18 ./Drivers/STM32F1xx_HAL_Driver/Src/stm32f1xx_hal_cortex.o
                0x08000762                HAL_SYSTICK_Config
 *fill*         0x0800077a        0x2 
 .text.HAL_GPIO_Init
                0x0800077c      0x2f8 ./Drivers/STM32F1xx_HAL_Driver/Src/stm32f1xx_hal_gpio.o
                0x0800077c                HAL_GPIO_Init
 .text.HAL_GPIO_WritePin
                0x08000a74       0x30 ./Drivers/STM32F1xx_HAL_Driver/Src/stm32f1xx_hal_gpio.o
                0x08000a74                HAL_GPIO_WritePin
 .text.HAL_PCD_Init
                0x08000aa4      0x1ec ./Drivers/STM32F1xx_HAL_Driver/Src/stm32f1xx_hal_pcd.o
                0x08000aa4                HAL_PCD_Init
 .text.HAL_PCD_Start
                0x08000c90       0x4c ./Drivers/STM32F1xx_HAL_Driver/Src/stm32f1xx_hal_pcd.o
                0x08000c90                HAL_PCD_Start
 .text.HAL_PCD_IRQHandler
                0x08000cdc      0x260 ./Drivers/STM32F1xx_HAL_Driver/Src/stm32f1xx_hal_pcd.o
                0x08000cdc                HAL_PCD_IRQHandler
 .text.HAL_PCD_SetAddress
                0x08000f3c       0x48 ./Drivers/STM32F1xx_HAL_Driver/Src/stm32f1xx_hal_pcd.o
                0x08000f3c                HAL_PCD_SetAddress
 .text.HAL_PCD_EP_Open
                0x08000f84       0xba ./Drivers/STM32F1xx_HAL_Driver/Src/stm32f1xx_hal_pcd.o
                0x08000f84                HAL_PCD_EP_Open
 .text.HAL_PCD_EP_Close
                0x0800103e       0x90 ./Drivers/STM32F1xx_HAL_Driver/Src/stm32f1xx_hal_pcd.o
                0x0800103e                HAL_PCD_EP_Close
 .text.HAL_PCD_EP_Receive
                0x080010ce       0x62 ./Drivers/STM32F1xx_HAL_Driver/Src/stm32f1xx_hal_pcd.o
                0x080010ce                HAL_PCD_EP_Receive
 .text.HAL_PCD_EP_GetRxCount
                0x08001130       0x2e ./Drivers/STM32F1xx_HAL_Driver/Src/stm32f1xx_hal_pcd.o
                0x08001130                HAL_PCD_EP_GetRxCount
 .text.HAL_PCD_EP_Transmit
                0x0800115e       0x6e ./Drivers/STM32F1xx_HAL_Driver/Src/stm32f1xx_hal_pcd.o
                0x0800115e                HAL_PCD_EP_Transmit
 .text.HAL_PCD_EP_SetStall
                0x080011cc       0xc0 ./Drivers/STM32F1xx_HAL_Driver/Src/stm32f1xx_hal_pcd.o
                0x080011cc                HAL_PCD_EP_SetStall
 .text.HAL_PCD_EP_ClrStall
                0x0800128c       0xa8 ./Drivers/STM32F1xx_HAL_Driver/Src/stm32f1xx_hal_pcd.o
                0x0800128c                HAL_PCD_EP_ClrStall
 .text.PCD_EP_ISR_Handler
                0x08001334      0x79e ./Drivers/STM32F1xx_HAL_Driver/Src/stm32f1xx_hal_pcd.o
 .text.HAL_PCD_EP_DB_Receive
                0x08001ad2      0x21a ./Drivers/STM32F1xx_HAL_Driver/Src/stm32f1xx_hal_pcd.o
 .text.HAL_PCD_EP_DB_Transmit
                0x08001cec      0x7f4 ./Drivers/STM32F1xx_HAL_Driver/Src/stm32f1xx_hal_pcd.o
 .text.HAL_PCDEx_PMAConfig
                0x080024e0       0x84 ./Drivers/STM32F1xx_HAL_Driver/Src/stm32f1xx_hal_pcd_ex.o
                0x080024e0                HAL_PCDEx_PMAConfig
 .text.HAL_RCC_OscConfig
                0x08002564      0x504 ./Drivers/STM32F1xx_HAL_Driver/Src/stm32f1xx_hal_rcc.o
                0x08002564                HAL_RCC_OscConfig
 .text.HAL_RCC_ClockConfig
                0x08002a68      0x1d4 ./Drivers/STM32F1xx_HAL_Driver/Src/stm32f1xx_hal_rcc.o
                0x08002a68                HAL_RCC_ClockConfig
 .text.HAL_RCC_GetSysClockFreq
                0x08002c3c       0xa8 ./Drivers/STM32F1xx_HAL_Driver/Src/stm32f1xx_hal_rcc.o
                0x08002c3c                HAL_RCC_GetSysClockFreq
 .text.HAL_RCC_GetHCLKFreq
                0x08002ce4       0x14 ./Drivers/STM32F1xx_HAL_Driver/Src/stm32f1xx_hal_rcc.o
                0x08002ce4                HAL_RCC_GetHCLKFreq
 .text.HAL_RCC_GetPCLK1Freq
                0x08002cf8       0x28 ./Drivers/STM32F1xx_HAL_Driver/Src/stm32f1xx_hal_rcc.o
                0x08002cf8                HAL_RCC_GetPCLK1Freq
 .text.HAL_RCC_GetPCLK2Freq
                0x08002d20       0x28 ./Drivers/STM32F1xx_HAL_Driver/Src/stm32f1xx_hal_rcc.o
                0x08002d20                HAL_RCC_GetPCLK2Freq
 .text.RCC_Delay
                0x08002d48       0x3c ./Drivers/STM32F1xx_HAL_Driver/Src/stm32f1xx_hal_rcc.o
 .text.HAL_UART_Init
                0x08002d84       0xa0 ./Drivers/STM32F1xx_HAL_Driver/Src/stm32f1xx_hal_uart.o
                0x08002d84                HAL_UART_Init
 .text.HAL_UART_Receive_IT
                0x08002e24       0x4a ./Drivers/STM32F1xx_HAL_Driver/Src/stm32f1xx_hal_uart.o
                0x08002e24                HAL_UART_Receive_IT
 .text.UART_Start_Receive_IT
                0x08002e6e       0x72 ./Drivers/STM32F1xx_HAL_Driver/Src/stm32f1xx_hal_uart.o
                0x08002e6e                UART_Start_Receive_IT
 .text.UART_SetConfig
                0x08002ee0      0x11c ./Drivers/STM32F1xx_HAL_Driver/Src/stm32f1xx_hal_uart.o
 .text.USB_CoreInit
                0x08002ffc       0x1a ./Drivers/STM32F1xx_HAL_Driver/Src/stm32f1xx_ll_usb.o
                0x08002ffc                USB_CoreInit
 .text.USB_EnableGlobalInt
                0x08003016       0x2c ./Drivers/STM32F1xx_HAL_Driver/Src/stm32f1xx_ll_usb.o
                0x08003016                USB_EnableGlobalInt
 .text.USB_DisableGlobalInt
                0x08003042       0x34 ./Drivers/STM32F1xx_HAL_Driver/Src/stm32f1xx_ll_usb.o
                0x08003042                USB_DisableGlobalInt
 .text.USB_SetCurrentMode
                0x08003076       0x18 ./Drivers/STM32F1xx_HAL_Driver/Src/stm32f1xx_ll_usb.o
                0x08003076                USB_SetCurrentMode
 .text.USB_DevInit
                0x0800308e       0x3a ./Drivers/STM32F1xx_HAL_Driver/Src/stm32f1xx_ll_usb.o
                0x0800308e                USB_DevInit
 .text.USB_ActivateEndpoint
                0x080030c8      0x780 ./Drivers/STM32F1xx_HAL_Driver/Src/stm32f1xx_ll_usb.o
                0x080030c8                USB_ActivateEndpoint
 .text.USB_DeactivateEndpoint
                0x08003848      0x3d8 ./Drivers/STM32F1xx_HAL_Driver/Src/stm32f1xx_ll_usb.o
                0x08003848                USB_DeactivateEndpoint
 .text.USB_EPStartXfer
                0x08003c20     0x1762 ./Drivers/STM32F1xx_HAL_Driver/Src/stm32f1xx_ll_usb.o
                0x08003c20                USB_EPStartXfer
 .text.USB_EPSetStall
                0x08005382       0xa0 ./Drivers/STM32F1xx_HAL_Driver/Src/stm32f1xx_ll_usb.o
                0x08005382                USB_EPSetStall
 .text.USB_EPClearStall
                0x08005422      0x15a ./Drivers/STM32F1xx_HAL_Driver/Src/stm32f1xx_ll_usb.o
                0x08005422                USB_EPClearStall
 .text.USB_SetDevAddress
                0x0800557c       0x26 ./Drivers/STM32F1xx_HAL_Driver/Src/stm32f1xx_ll_usb.o
                0x0800557c                USB_SetDevAddress
 .text.USB_DevConnect
                0x080055a2       0x14 ./Drivers/STM32F1xx_HAL_Driver/Src/stm32f1xx_ll_usb.o
                0x080055a2                USB_DevConnect
 .text.USB_DevDisconnect
                0x080055b6       0x14 ./Drivers/STM32F1xx_HAL_Driver/Src/stm32f1xx_ll_usb.o
                0x080055b6                USB_DevDisconnect
 .text.USB_ReadInterrupts
                0x080055ca       0x1e ./Drivers/STM32F1xx_HAL_Driver/Src/stm32f1xx_ll_usb.o
                0x080055ca                USB_ReadInterrupts
 .text.USB_EP0_OutStart
                0x080055e8       0x16 ./Drivers/STM32F1xx_HAL_Driver/Src/stm32f1xx_ll_usb.o
                0x080055e8                USB_EP0_OutStart
 .text.USB_WritePMA
                0x080055fe       0x8c ./Drivers/STM32F1xx_HAL_Driver/Src/stm32f1xx_ll_usb.o
                0x080055fe                USB_WritePMA
 .text.USB_ReadPMA
                0x0800568a       0x9e ./Drivers/STM32F1xx_HAL_Driver/Src/stm32f1xx_ll_usb.o
                0x0800568a                USB_ReadPMA
 .text.USBD_CDC_Init
                0x08005728       0xf4 ./Middlewares/ST/STM32_USB_Device_Library/Class/CDC/Src/usbd_cdc.o
 .text.USBD_CDC_DeInit
                0x0800581c       0x6e ./Middlewares/ST/STM32_USB_Device_Library/Class/CDC/Src/usbd_cdc.o
 .text.USBD_CDC_Setup
                0x0800588a      0x146 ./Middlewares/ST/STM32_USB_Device_Library/Class/CDC/Src/usbd_cdc.o
 .text.USBD_CDC_DataIn
                0x080059d0       0xa6 ./Middlewares/ST/STM32_USB_Device_Library/Class/CDC/Src/usbd_cdc.o
 .text.USBD_CDC_DataOut
                0x08005a76       0x56 ./Middlewares/ST/STM32_USB_Device_Library/Class/CDC/Src/usbd_cdc.o
 .text.USBD_CDC_EP0_RxReady
                0x08005acc       0x4e ./Middlewares/ST/STM32_USB_Device_Library/Class/CDC/Src/usbd_cdc.o
 *fill*         0x08005b1a        0x2 
 .text.USBD_CDC_GetFSCfgDesc
                0x08005b1c       0x20 ./Middlewares/ST/STM32_USB_Device_Library/Class/CDC/Src/usbd_cdc.o
 .text.USBD_CDC_GetHSCfgDesc
                0x08005b3c       0x20 ./Middlewares/ST/STM32_USB_Device_Library/Class/CDC/Src/usbd_cdc.o
 .text.USBD_CDC_GetOtherSpeedCfgDesc
                0x08005b5c       0x20 ./Middlewares/ST/STM32_USB_Device_Library/Class/CDC/Src/usbd_cdc.o
 .text.USBD_CDC_GetDeviceQualifierDescriptor
                0x08005b7c       0x20 ./Middlewares/ST/STM32_USB_Device_Library/Class/CDC/Src/usbd_cdc.o
                0x08005b7c                USBD_CDC_GetDeviceQualifierDescriptor
 .text.USBD_CDC_RegisterInterface
                0x08005b9c       0x2c ./Middlewares/ST/STM32_USB_Device_Library/Class/CDC/Src/usbd_cdc.o
                0x08005b9c                USBD_CDC_RegisterInterface
 .text.USBD_CDC_SetTxBuffer
                0x08005bc8       0x32 ./Middlewares/ST/STM32_USB_Device_Library/Class/CDC/Src/usbd_cdc.o
                0x08005bc8                USBD_CDC_SetTxBuffer
 .text.USBD_CDC_SetRxBuffer
                0x08005bfa       0x26 ./Middlewares/ST/STM32_USB_Device_Library/Class/CDC/Src/usbd_cdc.o
                0x08005bfa                USBD_CDC_SetRxBuffer
 .text.USBD_CDC_ReceivePacket
                0x08005c20       0x54 ./Middlewares/ST/STM32_USB_Device_Library/Class/CDC/Src/usbd_cdc.o
                0x08005c20                USBD_CDC_ReceivePacket
 .text.USBD_Init
                0x08005c74       0x56 ./Middlewares/ST/STM32_USB_Device_Library/Core/Src/usbd_core.o
                0x08005c74                USBD_Init
 .text.USBD_RegisterClass
                0x08005cca       0x32 ./Middlewares/ST/STM32_USB_Device_Library/Core/Src/usbd_core.o
                0x08005cca                USBD_RegisterClass
 .text.USBD_Start
                0x08005cfc       0x18 ./Middlewares/ST/STM32_USB_Device_Library/Core/Src/usbd_core.o
                0x08005cfc                USBD_Start
 .text.USBD_RunTestMode
                0x08005d14       0x14 ./Middlewares/ST/STM32_USB_Device_Library/Core/Src/usbd_core.o
                0x08005d14                USBD_RunTestMode
 .text.USBD_SetClassConfig
                0x08005d28       0x3e ./Middlewares/ST/STM32_USB_Device_Library/Core/Src/usbd_core.o
                0x08005d28                USBD_SetClassConfig
 .text.USBD_ClrClassConfig
                0x08005d66       0x26 ./Middlewares/ST/STM32_USB_Device_Library/Core/Src/usbd_core.o
                0x08005d66                USBD_ClrClassConfig
 .text.USBD_LL_SetupStage
                0x08005d8c       0x9a ./Middlewares/ST/STM32_USB_Device_Library/Core/Src/usbd_core.o
                0x08005d8c                USBD_LL_SetupStage
 .text.USBD_LL_DataOutStage
                0x08005e26       0xe2 ./Middlewares/ST/STM32_USB_Device_Library/Core/Src/usbd_core.o
                0x08005e26                USBD_LL_DataOutStage
 .text.USBD_LL_DataInStage
                0x08005f08      0x14a ./Middlewares/ST/STM32_USB_Device_Library/Core/Src/usbd_core.o
                0x08005f08                USBD_LL_DataInStage
 .text.USBD_LL_Reset
                0x08006052       0x82 ./Middlewares/ST/STM32_USB_Device_Library/Core/Src/usbd_core.o
                0x08006052                USBD_LL_Reset
 .text.USBD_LL_SetSpeed
                0x080060d4       0x1e ./Middlewares/ST/STM32_USB_Device_Library/Core/Src/usbd_core.o
                0x080060d4                USBD_LL_SetSpeed
 .text.USBD_LL_Suspend
                0x080060f2       0x28 ./Middlewares/ST/STM32_USB_Device_Library/Core/Src/usbd_core.o
                0x080060f2                USBD_LL_Suspend
 .text.USBD_LL_Resume
                0x0800611a       0x2a ./Middlewares/ST/STM32_USB_Device_Library/Core/Src/usbd_core.o
                0x0800611a                USBD_LL_Resume
 .text.USBD_LL_SOF
                0x08006144       0x34 ./Middlewares/ST/STM32_USB_Device_Library/Core/Src/usbd_core.o
                0x08006144                USBD_LL_SOF
 .text.USBD_StdDevReq
                0x08006178       0xd4 ./Middlewares/ST/STM32_USB_Device_Library/Core/Src/usbd_ctlreq.o
                0x08006178                USBD_StdDevReq
 .text.USBD_StdItfReq
                0x0800624c       0x90 ./Middlewares/ST/STM32_USB_Device_Library/Core/Src/usbd_ctlreq.o
                0x0800624c                USBD_StdItfReq
 .text.USBD_StdEPReq
                0x080062dc      0x2c6 ./Middlewares/ST/STM32_USB_Device_Library/Core/Src/usbd_ctlreq.o
                0x080062dc                USBD_StdEPReq
 *fill*         0x080065a2        0x2 
 .text.USBD_GetDescriptor
                0x080065a4      0x2d0 ./Middlewares/ST/STM32_USB_Device_Library/Core/Src/usbd_ctlreq.o
 .text.USBD_SetAddress
                0x08006874       0x86 ./Middlewares/ST/STM32_USB_Device_Library/Core/Src/usbd_ctlreq.o
 *fill*         0x080068fa        0x2 
 .text.USBD_SetConfig
                0x080068fc      0x11c ./Middlewares/ST/STM32_USB_Device_Library/Core/Src/usbd_ctlreq.o
 .text.USBD_GetConfig
                0x08006a18       0x6a ./Middlewares/ST/STM32_USB_Device_Library/Core/Src/usbd_ctlreq.o
 .text.USBD_GetStatus
                0x08006a82       0x66 ./Middlewares/ST/STM32_USB_Device_Library/Core/Src/usbd_ctlreq.o
 .text.USBD_SetFeature
                0x08006ae8       0x28 ./Middlewares/ST/STM32_USB_Device_Library/Core/Src/usbd_ctlreq.o
 .text.USBD_ClrFeature
                0x08006b10       0x42 ./Middlewares/ST/STM32_USB_Device_Library/Core/Src/usbd_ctlreq.o
 .text.USBD_ParseSetupRequest
                0x08006b52       0x72 ./Middlewares/ST/STM32_USB_Device_Library/Core/Src/usbd_ctlreq.o
                0x08006b52                USBD_ParseSetupRequest
 .text.USBD_CtlError
                0x08006bc4       0x22 ./Middlewares/ST/STM32_USB_Device_Library/Core/Src/usbd_ctlreq.o
                0x08006bc4                USBD_CtlError
 .text.USBD_GetString
                0x08006be6       0x84 ./Middlewares/ST/STM32_USB_Device_Library/Core/Src/usbd_ctlreq.o
                0x08006be6                USBD_GetString
 .text.USBD_GetLen
                0x08006c6a       0x2e ./Middlewares/ST/STM32_USB_Device_Library/Core/Src/usbd_ctlreq.o
 .text.USBD_CtlSendData
                0x08006c98       0x38 ./Middlewares/ST/STM32_USB_Device_Library/Core/Src/usbd_ioreq.o
                0x08006c98                USBD_CtlSendData
 .text.USBD_CtlContinueSendData
                0x08006cd0       0x24 ./Middlewares/ST/STM32_USB_Device_Library/Core/Src/usbd_ioreq.o
                0x08006cd0                USBD_CtlContinueSendData
 .text.USBD_CtlPrepareRx
                0x08006cf4       0x3c ./Middlewares/ST/STM32_USB_Device_Library/Core/Src/usbd_ioreq.o
                0x08006cf4                USBD_CtlPrepareRx
 .text.USBD_CtlContinueRx
                0x08006d30       0x24 ./Middlewares/ST/STM32_USB_Device_Library/Core/Src/usbd_ioreq.o
                0x08006d30                USBD_CtlContinueRx
 .text.USBD_CtlSendStatus
                0x08006d54       0x26 ./Middlewares/ST/STM32_USB_Device_Library/Core/Src/usbd_ioreq.o
                0x08006d54                USBD_CtlSendStatus
 .text.USBD_CtlReceiveStatus
                0x08006d7a       0x26 ./Middlewares/ST/STM32_USB_Device_Library/Core/Src/usbd_ioreq.o
                0x08006d7a                USBD_CtlReceiveStatus
 .text.MX_USB_DEVICE_Init
                0x08006da0       0x60 ./USB_DEVICE/App/usb_device.o
                0x08006da0                MX_USB_DEVICE_Init
 .text.CDC_Init_FS
                0x08006e00       0x28 ./USB_DEVICE/App/usbd_cdc_if.o
 .text.CDC_DeInit_FS
                0x08006e28        0xe ./USB_DEVICE/App/usbd_cdc_if.o
 *fill*         0x08006e36        0x2 
 .text.CDC_Control_FS
                0x08006e38       0xbc ./USB_DEVICE/App/usbd_cdc_if.o
 .text.CDC_Receive_FS
                0x08006ef4       0x28 ./USB_DEVICE/App/usbd_cdc_if.o
 .text.USBD_FS_DeviceDescriptor
                0x08006f1c       0x24 ./USB_DEVICE/App/usbd_desc.o
                0x08006f1c                USBD_FS_DeviceDescriptor
 .text.USBD_FS_LangIDStrDescriptor
                0x08006f40       0x24 ./USB_DEVICE/App/usbd_desc.o
                0x08006f40                USBD_FS_LangIDStrDescriptor
 .text.USBD_FS_ProductStrDescriptor
                0x08006f64       0x3c ./USB_DEVICE/App/usbd_desc.o
                0x08006f64                USBD_FS_ProductStrDescriptor
 .text.USBD_FS_ManufacturerStrDescriptor
                0x08006fa0       0x28 ./USB_DEVICE/App/usbd_desc.o
                0x08006fa0                USBD_FS_ManufacturerStrDescriptor
 .text.USBD_FS_SerialStrDescriptor
                0x08006fc8       0x24 ./USB_DEVICE/App/usbd_desc.o
                0x08006fc8                USBD_FS_SerialStrDescriptor
 .text.USBD_FS_ConfigStrDescriptor
                0x08006fec       0x3c ./USB_DEVICE/App/usbd_desc.o
                0x08006fec                USBD_FS_ConfigStrDescriptor
 .text.USBD_FS_InterfaceStrDescriptor
                0x08007028       0x3c ./USB_DEVICE/App/usbd_desc.o
                0x08007028                USBD_FS_InterfaceStrDescriptor
 .text.Get_SerialNum
                0x08007064       0x58 ./USB_DEVICE/App/usbd_desc.o
 .text.IntToUnicode
                0x080070bc       0x7c ./USB_DEVICE/App/usbd_desc.o
 .text.HAL_PCD_MspInit
                0x08007138       0x4c ./USB_DEVICE/Target/usbd_conf.o
                0x08007138                HAL_PCD_MspInit
 .text.HAL_PCD_SetupStageCallback
                0x08007184       0x24 ./USB_DEVICE/Target/usbd_conf.o
                0x08007184                HAL_PCD_SetupStageCallback
 .text.HAL_PCD_DataOutStageCallback
                0x080071a8       0x36 ./USB_DEVICE/Target/usbd_conf.o
                0x080071a8                HAL_PCD_DataOutStageCallback
 .text.HAL_PCD_DataInStageCallback
                0x080071de       0x34 ./USB_DEVICE/Target/usbd_conf.o
                0x080071de                HAL_PCD_DataInStageCallback
 .text.HAL_PCD_SOFCallback
                0x08007212       0x1c ./USB_DEVICE/Target/usbd_conf.o
                0x08007212                HAL_PCD_SOFCallback
 .text.HAL_PCD_ResetCallback
                0x0800722e       0x3c ./USB_DEVICE/Target/usbd_conf.o
                0x0800722e                HAL_PCD_ResetCallback
 *fill*         0x0800726a        0x2 
 .text.HAL_PCD_SuspendCallback
                0x0800726c       0x34 ./USB_DEVICE/Target/usbd_conf.o
                0x0800726c                HAL_PCD_SuspendCallback
 .text.HAL_PCD_ResumeCallback
                0x080072a0       0x1c ./USB_DEVICE/Target/usbd_conf.o
                0x080072a0                HAL_PCD_ResumeCallback
 .text.USBD_LL_Init
                0x080072bc       0xb4 ./USB_DEVICE/Target/usbd_conf.o
                0x080072bc                USBD_LL_Init
 .text.USBD_LL_Start
                0x08007370       0x36 ./USB_DEVICE/Target/usbd_conf.o
                0x08007370                USBD_LL_Start
 .text.USBD_LL_OpenEP
                0x080073a6       0x4c ./USB_DEVICE/Target/usbd_conf.o
                0x080073a6                USBD_LL_OpenEP
 .text.USBD_LL_CloseEP
                0x080073f2       0x3e ./USB_DEVICE/Target/usbd_conf.o
                0x080073f2                USBD_LL_CloseEP
 .text.USBD_LL_StallEP
                0x08007430       0x3e ./USB_DEVICE/Target/usbd_conf.o
                0x08007430                USBD_LL_StallEP
 .text.USBD_LL_ClearStallEP
                0x0800746e       0x3e ./USB_DEVICE/Target/usbd_conf.o
                0x0800746e                USBD_LL_ClearStallEP
 .text.USBD_LL_IsStallEP
                0x080074ac       0x56 ./USB_DEVICE/Target/usbd_conf.o
                0x080074ac                USBD_LL_IsStallEP
 .text.USBD_LL_SetUSBAddress
                0x08007502       0x3e ./USB_DEVICE/Target/usbd_conf.o
                0x08007502                USBD_LL_SetUSBAddress
 .text.USBD_LL_Transmit
                0x08007540       0x46 ./USB_DEVICE/Target/usbd_conf.o
                0x08007540                USBD_LL_Transmit
 .text.USBD_LL_PrepareReceive
                0x08007586       0x46 ./USB_DEVICE/Target/usbd_conf.o
                0x08007586                USBD_LL_PrepareReceive
 .text.USBD_LL_GetRxDataSize
                0x080075cc       0x26 ./USB_DEVICE/Target/usbd_conf.o
                0x080075cc                USBD_LL_GetRxDataSize
 *fill*         0x080075f2        0x2 
 .text.USBD_static_malloc
                0x080075f4       0x18 ./USB_DEVICE/Target/usbd_conf.o
                0x080075f4                USBD_static_malloc
 .text.USBD_static_free
                0x0800760c       0x12 ./USB_DEVICE/Target/usbd_conf.o
                0x0800760c                USBD_static_free
 .text.HAL_PCDEx_SetConnectionState
                0x0800761e       0x16 ./USB_DEVICE/Target/usbd_conf.o
                0x0800761e                HAL_PCDEx_SetConnectionState
 .text.USBD_Get_USB_Status
                0x08007634       0x58 ./USB_DEVICE/Target/usbd_conf.o
 .text.memset   0x0800768c       0x10 C:/ST/STM32CubeIDE_1.19.0/STM32CubeIDE/plugins/com.st.stm32cube.ide.mcu.externaltools.gnu-tools-for-stm32.13.3.rel1.win32_1.0.0.202411081344/tools/bin/../lib/gcc/arm-none-eabi/13.3.1/../../../../arm-none-eabi/lib/thumb/v7-m/nofp\libc_nano.a(libc_a-memset.o)
                0x0800768c                memset
 .text.__libc_init_array
                0x0800769c       0x48 C:/ST/STM32CubeIDE_1.19.0/STM32CubeIDE/plugins/com.st.stm32cube.ide.mcu.externaltools.gnu-tools-for-stm32.13.3.rel1.win32_1.0.0.202411081344/tools/bin/../lib/gcc/arm-none-eabi/13.3.1/../../../../arm-none-eabi/lib/thumb/v7-m/nofp\libc_nano.a(libc_a-init.o)
                0x0800769c                __libc_init_array
 *(.glue_7)
 .glue_7        0x080076e4        0x0 linker stubs
 *(.glue_7t)
 .glue_7t       0x080076e4        0x0 linker stubs
 *(.eh_frame)
 .eh_frame      0x080076e4        0x0 C:/ST/STM32CubeIDE_1.19.0/STM32CubeIDE/plugins/com.st.stm32cube.ide.mcu.externaltools.gnu-tools-for-stm32.13.3.rel1.win32_1.0.0.202411081344/tools/bin/../lib/gcc/arm-none-eabi/13.3.1/thumb/v7-m/nofp/crtbegin.o
 *(.init)
 .init          0x080076e4        0x4 C:/ST/STM32CubeIDE_1.19.0/STM32CubeIDE/plugins/com.st.stm32cube.ide.mcu.externaltools.gnu-tools-for-stm32.13.3.rel1.win32_1.0.0.202411081344/tools/bin/../lib/gcc/arm-none-eabi/13.3.1/thumb/v7-m/nofp/crti.o
                0x080076e4                _init
 .init          0x080076e8        0x8 C:/ST/STM32CubeIDE_1.19.0/STM32CubeIDE/plugins/com.st.stm32cube.ide.mcu.externaltools.gnu-tools-for-stm32.13.3.rel1.win32_1.0.0.202411081344/tools/bin/../lib/gcc/arm-none-eabi/13.3.1/thumb/v7-m/nofp/crtn.o
 *(.fini)
 .fini          0x080076f0        0x4 C:/ST/STM32CubeIDE_1.19.0/STM32CubeIDE/plugins/com.st.stm32cube.ide.mcu.externaltools.gnu-tools-for-stm32.13.3.rel1.win32_1.0.0.202411081344/tools/bin/../lib/gcc/arm-none-eabi/13.3.1/thumb/v7-m/nofp/crti.o
                0x080076f0                _fini
 .fini          0x080076f4        0x8 C:/ST/STM32CubeIDE_1.19.0/STM32CubeIDE/plugins/com.st.stm32cube.ide.mcu.externaltools.gnu-tools-for-stm32.13.3.rel1.win32_1.0.0.202411081344/tools/bin/../lib/gcc/arm-none-eabi/13.3.1/thumb/v7-m/nofp/crtn.o
                0x080076fc                        . = ALIGN (0x4)
                0x080076fc                        _etext = .

.vfp11_veneer   0x080076fc        0x0
 .vfp11_veneer  0x080076fc        0x0 linker stubs

.v4_bx          0x080076fc        0x0
 .v4_bx         0x080076fc        0x0 linker stubs

.iplt           0x080076fc        0x0
 .iplt          0x080076fc        0x0 C:/ST/STM32CubeIDE_1.19.0/STM32CubeIDE/plugins/com.st.stm32cube.ide.mcu.externaltools.gnu-tools-for-stm32.13.3.rel1.win32_1.0.0.202411081344/tools/bin/../lib/gcc/arm-none-eabi/13.3.1/thumb/v7-m/nofp/crtbegin.o

.rodata         0x080076fc       0x74
                0x080076fc                        . = ALIGN (0x4)
 *(.rodata)
 .rodata        0x080076fc       0x46 ./USB_DEVICE/App/usbd_desc.o
 *(.rodata*)
 *fill*         0x08007742        0x2 
 .rodata.AHBPrescTable
                0x08007744       0x10 ./Core/Src/system_stm32f1xx.o
                0x08007744                AHBPrescTable
 .rodata.APBPrescTable
                0x08007754        0x8 ./Core/Src/system_stm32f1xx.o
                0x08007754                APBPrescTable
 .rodata.aPLLMULFactorTable.1
                0x0800775c       0x10 ./Drivers/STM32F1xx_HAL_Driver/Src/stm32f1xx_hal_rcc.o
 .rodata.aPredivFactorTable.0
                0x0800776c        0x2 ./Drivers/STM32F1xx_HAL_Driver/Src/stm32f1xx_hal_rcc.o
                0x08007770                        . = ALIGN (0x4)
 *fill*         0x0800776e        0x2 

.ARM.extab      0x08007770        0x0
                0x08007770                        . = ALIGN (0x4)
 *(.ARM.extab* .gnu.linkonce.armextab.*)
                0x08007770                        . = ALIGN (0x4)

.ARM            0x08007770        0x0
                0x08007770                        . = ALIGN (0x4)
                0x08007770                        __exidx_start = .
 *(.ARM.exidx*)
                0x08007770                        __exidx_end = .
                0x08007770                        . = ALIGN (0x4)

.preinit_array  0x08007770        0x0
                0x08007770                        . = ALIGN (0x4)
                0x08007770                        PROVIDE (__preinit_array_start = .)
 *(.preinit_array*)
                0x08007770                        PROVIDE (__preinit_array_end = .)
                0x08007770                        . = ALIGN (0x4)

.init_array     0x08007770        0x4
                0x08007770                        . = ALIGN (0x4)
                0x08007770                        PROVIDE (__init_array_start = .)
 *(SORT_BY_NAME(.init_array.*))
 *(.init_array*)
 .init_array    0x08007770        0x4 C:/ST/STM32CubeIDE_1.19.0/STM32CubeIDE/plugins/com.st.stm32cube.ide.mcu.externaltools.gnu-tools-for-stm32.13.3.rel1.win32_1.0.0.202411081344/tools/bin/../lib/gcc/arm-none-eabi/13.3.1/thumb/v7-m/nofp/crtbegin.o
                0x08007774                        PROVIDE (__init_array_end = .)
                0x08007774                        . = ALIGN (0x4)

.fini_array     0x08007774        0x4
                0x08007774                        . = ALIGN (0x4)
                [!provide]                        PROVIDE (__fini_array_start = .)
 *(SORT_BY_NAME(.fini_array.*))
 *(.fini_array*)
 .fini_array    0x08007774        0x4 C:/ST/STM32CubeIDE_1.19.0/STM32CubeIDE/plugins/com.st.stm32cube.ide.mcu.externaltools.gnu-tools-for-stm32.13.3.rel1.win32_1.0.0.202411081344/tools/bin/../lib/gcc/arm-none-eabi/13.3.1/thumb/v7-m/nofp/crtbegin.o
                [!provide]                        PROVIDE (__fini_array_end = .)
                0x08007778                        . = ALIGN (0x4)
                0x08007778                        _sidata = LOADADDR (.data)

.rel.dyn        0x08007778        0x0
 .rel.iplt      0x08007778        0x0 C:/ST/STM32CubeIDE_1.19.0/STM32CubeIDE/plugins/com.st.stm32cube.ide.mcu.externaltools.gnu-tools-for-stm32.13.3.rel1.win32_1.0.0.202411081344/tools/bin/../lib/gcc/arm-none-eabi/13.3.1/thumb/v7-m/nofp/crtbegin.o

.data           0x20000000      0x17c load address 0x08007778
                0x20000000                        . = ALIGN (0x4)
                0x20000000                        _sdata = .
 *(.data)
 *(.data*)
 .data.SystemCoreClock
                0x20000000        0x4 ./Core/Src/system_stm32f1xx.o
                0x20000000                SystemCoreClock
 .data.uwTickPrio
                0x20000004        0x4 ./Drivers/STM32F1xx_HAL_Driver/Src/stm32f1xx_hal.o
                0x20000004                uwTickPrio
 .data.uwTickFreq
                0x20000008        0x1 ./Drivers/STM32F1xx_HAL_Driver/Src/stm32f1xx_hal.o
                0x20000008                uwTickFreq
 *fill*         0x20000009        0x3 
 .data.USBD_CDC_DeviceQualifierDesc
                0x2000000c        0xa ./Middlewares/ST/STM32_USB_Device_Library/Class/CDC/Src/usbd_cdc.o
 *fill*         0x20000016        0x2 
 .data.USBD_CDC
                0x20000018       0x38 ./Middlewares/ST/STM32_USB_Device_Library/Class/CDC/Src/usbd_cdc.o
                0x20000018                USBD_CDC
 .data.USBD_CDC_CfgHSDesc
                0x20000050       0x43 ./Middlewares/ST/STM32_USB_Device_Library/Class/CDC/Src/usbd_cdc.o
                0x20000050                USBD_CDC_CfgHSDesc
 *fill*         0x20000093        0x1 
 .data.USBD_CDC_CfgFSDesc
                0x20000094       0x43 ./Middlewares/ST/STM32_USB_Device_Library/Class/CDC/Src/usbd_cdc.o
                0x20000094                USBD_CDC_CfgFSDesc
 *fill*         0x200000d7        0x1 
 .data.USBD_CDC_OtherSpeedCfgDesc
                0x200000d8       0x43 ./Middlewares/ST/STM32_USB_Device_Library/Class/CDC/Src/usbd_cdc.o
                0x200000d8                USBD_CDC_OtherSpeedCfgDesc
 *fill*         0x2000011b        0x1 
 .data.USBD_Interface_fops_FS
                0x2000011c       0x10 ./USB_DEVICE/App/usbd_cdc_if.o
                0x2000011c                USBD_Interface_fops_FS
 .data.FS_Desc  0x2000012c       0x1c ./USB_DEVICE/App/usbd_desc.o
                0x2000012c                FS_Desc
 .data.USBD_FS_DeviceDesc
                0x20000148       0x12 ./USB_DEVICE/App/usbd_desc.o
                0x20000148                USBD_FS_DeviceDesc
 *fill*         0x2000015a        0x2 
 .data.USBD_LangIDDesc
                0x2000015c        0x4 ./USB_DEVICE/App/usbd_desc.o
                0x2000015c                USBD_LangIDDesc
 .data.USBD_StringSerial
                0x20000160       0x1a ./USB_DEVICE/App/usbd_desc.o
                0x20000160                USBD_StringSerial
 *(.RamFunc)
 *(.RamFunc*)
                0x2000017c                        . = ALIGN (0x4)
 *fill*         0x2000017a        0x2 
                0x2000017c                        _edata = .

.igot.plt       0x2000017c        0x0 load address 0x080078f4
 .igot.plt      0x2000017c        0x0 C:/ST/STM32CubeIDE_1.19.0/STM32CubeIDE/plugins/com.st.stm32cube.ide.mcu.externaltools.gnu-tools-for-stm32.13.3.rel1.win32_1.0.0.202411081344/tools/bin/../lib/gcc/arm-none-eabi/13.3.1/thumb/v7-m/nofp/crtbegin.o
                0x2000017c                        . = ALIGN (0x4)

.bss            0x2000017c     0x1268 load address 0x080078f4
                0x2000017c                        _sbss = .
                0x2000017c                        __bss_start__ = _sbss
 *(.bss)
 .bss           0x2000017c       0x1c C:/ST/STM32CubeIDE_1.19.0/STM32CubeIDE/plugins/com.st.stm32cube.ide.mcu.externaltools.gnu-tools-for-stm32.13.3.rel1.win32_1.0.0.202411081344/tools/bin/../lib/gcc/arm-none-eabi/13.3.1/thumb/v7-m/nofp/crtbegin.o
 *(.bss*)
 .bss.huart1    0x20000198       0x48 ./Core/Src/main.o
                0x20000198                huart1
 .bss.uart_rx_buffer
                0x200001e0       0x40 ./Core/Src/transmit.o
                0x200001e0                uart_rx_buffer
 .bss.uwTick    0x20000220        0x4 ./Drivers/STM32F1xx_HAL_Driver/Src/stm32f1xx_hal.o
                0x20000220                uwTick
 .bss.cfgidx.0  0x20000224        0x1 ./Middlewares/ST/STM32_USB_Device_Library/Core/Src/usbd_ctlreq.o
 *fill*         0x20000225        0x3 
 .bss.hUsbDeviceFS
                0x20000228      0x2c4 ./USB_DEVICE/App/usb_device.o
                0x20000228                hUsbDeviceFS
 .bss.UserRxBufferFS
                0x200004ec      0x400 ./USB_DEVICE/App/usbd_cdc_if.o
                0x200004ec                UserRxBufferFS
 .bss.UserTxBufferFS
                0x200008ec      0x400 ./USB_DEVICE/App/usbd_cdc_if.o
                0x200008ec                UserTxBufferFS
 .bss.USBD_StrDesc
                0x20000cec      0x200 ./USB_DEVICE/App/usbd_desc.o
                0x20000cec                USBD_StrDesc
 .bss.hpcd_USB_FS
                0x20000eec      0x2d8 ./USB_DEVICE/Target/usbd_conf.o
                0x20000eec                hpcd_USB_FS
 .bss.mem.0     0x200011c4      0x220 ./USB_DEVICE/Target/usbd_conf.o
 *(COMMON)
                0x200013e4                        . = ALIGN (0x4)
                0x200013e4                        _ebss = .
                0x200013e4                        __bss_end__ = _ebss

._user_heap_stack
                0x200013e4      0x604 load address 0x080078f4
                0x200013e8                        . = ALIGN (0x8)
 *fill*         0x200013e4        0x4 
                [!provide]                        PROVIDE (end = .)
                0x200013e8                        PROVIDE (_end = .)
                0x200015e8                        . = (. + _Min_Heap_Size)
 *fill*         0x200013e8      0x200 
                0x200019e8                        . = (. + _Min_Stack_Size)
 *fill*         0x200015e8      0x400 
                0x200019e8                        . = ALIGN (0x8)

/DISCARD/
 libc.a(*)
 libm.a(*)
 libgcc.a(*)

.ARM.attributes
                0x00000000       0x29
 *(.ARM.attributes)
 .ARM.attributes
                0x00000000       0x1d C:/ST/STM32CubeIDE_1.19.0/STM32CubeIDE/plugins/com.st.stm32cube.ide.mcu.externaltools.gnu-tools-for-stm32.13.3.rel1.win32_1.0.0.202411081344/tools/bin/../lib/gcc/arm-none-eabi/13.3.1/thumb/v7-m/nofp/crti.o
 .ARM.attributes
                0x0000001d       0x2d C:/ST/STM32CubeIDE_1.19.0/STM32CubeIDE/plugins/com.st.stm32cube.ide.mcu.externaltools.gnu-tools-for-stm32.13.3.rel1.win32_1.0.0.202411081344/tools/bin/../lib/gcc/arm-none-eabi/13.3.1/thumb/v7-m/nofp/crtbegin.o
 .ARM.attributes
                0x0000004a       0x2d ./Core/Src/gpio.o
 .ARM.attributes
                0x00000077       0x2d ./Core/Src/main.o
 .ARM.attributes
                0x000000a4       0x2d ./Core/Src/stm32f1xx_hal_msp.o
 .ARM.attributes
                0x000000d1       0x2d ./Core/Src/stm32f1xx_it.o
 .ARM.attributes
                0x000000fe       0x2d ./Core/Src/system_stm32f1xx.o
 .ARM.attributes
                0x0000012b       0x2d ./Core/Src/transmit.o
 .ARM.attributes
                0x00000158       0x2d ./Core/Src/usart.o
 .ARM.attributes
                0x00000185       0x21 ./Core/Startup/startup_stm32f103c6tx.o
 .ARM.attributes
                0x000001a6       0x2d ./Drivers/STM32F1xx_HAL_Driver/Src/stm32f1xx_hal.o
 .ARM.attributes
                0x000001d3       0x2d ./Drivers/STM32F1xx_HAL_Driver/Src/stm32f1xx_hal_cortex.o
 .ARM.attributes
                0x00000200       0x2d ./Drivers/STM32F1xx_HAL_Driver/Src/stm32f1xx_hal_gpio.o
 .ARM.attributes
                0x0000022d       0x2d ./Drivers/STM32F1xx_HAL_Driver/Src/stm32f1xx_hal_pcd.o
 .ARM.attributes
                0x0000025a       0x2d ./Drivers/STM32F1xx_HAL_Driver/Src/stm32f1xx_hal_pcd_ex.o
 .ARM.attributes
                0x00000287       0x2d ./Drivers/STM32F1xx_HAL_Driver/Src/stm32f1xx_hal_rcc.o
 .ARM.attributes
                0x000002b4       0x2d ./Drivers/STM32F1xx_HAL_Driver/Src/stm32f1xx_hal_uart.o
 .ARM.attributes
                0x000002e1       0x2d ./Drivers/STM32F1xx_HAL_Driver/Src/stm32f1xx_ll_usb.o
 .ARM.attributes
                0x0000030e       0x2d ./Middlewares/ST/STM32_USB_Device_Library/Class/CDC/Src/usbd_cdc.o
 .ARM.attributes
                0x0000033b       0x2d ./Middlewares/ST/STM32_USB_Device_Library/Core/Src/usbd_core.o
 .ARM.attributes
                0x00000368       0x2d ./Middlewares/ST/STM32_USB_Device_Library/Core/Src/usbd_ctlreq.o
 .ARM.attributes
                0x00000395       0x2d ./Middlewares/ST/STM32_USB_Device_Library/Core/Src/usbd_ioreq.o
 .ARM.attributes
                0x000003c2       0x2d ./USB_DEVICE/App/usb_device.o
 .ARM.attributes
                0x000003ef       0x2d ./USB_DEVICE/App/usbd_cdc_if.o
 .ARM.attributes
                0x0000041c       0x2d ./USB_DEVICE/App/usbd_desc.o
 .ARM.attributes
                0x00000449       0x2d ./USB_DEVICE/Target/usbd_conf.o
 .ARM.attributes
                0x00000476       0x2d C:/ST/STM32CubeIDE_1.19.0/STM32CubeIDE/plugins/com.st.stm32cube.ide.mcu.externaltools.gnu-tools-for-stm32.13.3.rel1.win32_1.0.0.202411081344/tools/bin/../lib/gcc/arm-none-eabi/13.3.1/../../../../arm-none-eabi/lib/thumb/v7-m/nofp\libc_nano.a(libc_a-memset.o)
 .ARM.attributes
                0x000004a3       0x2d C:/ST/STM32CubeIDE_1.19.0/STM32CubeIDE/plugins/com.st.stm32cube.ide.mcu.externaltools.gnu-tools-for-stm32.13.3.rel1.win32_1.0.0.202411081344/tools/bin/../lib/gcc/arm-none-eabi/13.3.1/../../../../arm-none-eabi/lib/thumb/v7-m/nofp\libc_nano.a(libc_a-init.o)
 .ARM.attributes
                0x000004d0       0x1d C:/ST/STM32CubeIDE_1.19.0/STM32CubeIDE/plugins/com.st.stm32cube.ide.mcu.externaltools.gnu-tools-for-stm32.13.3.rel1.win32_1.0.0.202411081344/tools/bin/../lib/gcc/arm-none-eabi/13.3.1/thumb/v7-m/nofp/crtn.o
OUTPUT(TCPstm32f103c6t6.elf elf32-littlearm)
LOAD linker stubs
LOAD C:/ST/STM32CubeIDE_1.19.0/STM32CubeIDE/plugins/com.st.stm32cube.ide.mcu.externaltools.gnu-tools-for-stm32.13.3.rel1.win32_1.0.0.202411081344/tools/bin/../lib/gcc/arm-none-eabi/13.3.1/../../../../arm-none-eabi/lib/thumb/v7-m/nofp\libc.a
LOAD C:/ST/STM32CubeIDE_1.19.0/STM32CubeIDE/plugins/com.st.stm32cube.ide.mcu.externaltools.gnu-tools-for-stm32.13.3.rel1.win32_1.0.0.202411081344/tools/bin/../lib/gcc/arm-none-eabi/13.3.1/../../../../arm-none-eabi/lib/thumb/v7-m/nofp\libm.a
LOAD C:/ST/STM32CubeIDE_1.19.0/STM32CubeIDE/plugins/com.st.stm32cube.ide.mcu.externaltools.gnu-tools-for-stm32.13.3.rel1.win32_1.0.0.202411081344/tools/bin/../lib/gcc/arm-none-eabi/13.3.1/thumb/v7-m/nofp\libgcc.a

.debug_info     0x00000000     0xfaa3
 .debug_info    0x00000000      0x29b ./Core/Src/gpio.o
 .debug_info    0x0000029b      0x7a0 ./Core/Src/main.o
 .debug_info    0x00000a3b      0x1f1 ./Core/Src/stm32f1xx_hal_msp.o
 .debug_info    0x00000c2c      0x602 ./Core/Src/stm32f1xx_it.o
 .debug_info    0x0000122e      0x222 ./Core/Src/system_stm32f1xx.o
 .debug_info    0x00001450      0x678 ./Core/Src/transmit.o
 .debug_info    0x00001ac8      0x798 ./Core/Src/usart.o
 .debug_info    0x00002260       0x30 ./Core/Startup/startup_stm32f103c6tx.o
 .debug_info    0x00002290      0x6e6 ./Drivers/STM32F1xx_HAL_Driver/Src/stm32f1xx_hal.o
 .debug_info    0x00002976      0xa69 ./Drivers/STM32F1xx_HAL_Driver/Src/stm32f1xx_hal_cortex.o
 .debug_info    0x000033df      0x5ab ./Drivers/STM32F1xx_HAL_Driver/Src/stm32f1xx_hal_gpio.o
 .debug_info    0x0000398a     0x16dc ./Drivers/STM32F1xx_HAL_Driver/Src/stm32f1xx_hal_pcd.o
 .debug_info    0x00005066      0x6c3 ./Drivers/STM32F1xx_HAL_Driver/Src/stm32f1xx_hal_pcd_ex.o
 .debug_info    0x00005729      0x7d5 ./Drivers/STM32F1xx_HAL_Driver/Src/stm32f1xx_hal_rcc.o
 .debug_info    0x00005efe     0x2eed ./Drivers/STM32F1xx_HAL_Driver/Src/stm32f1xx_hal_uart.o
 .debug_info    0x00008deb     0x17ae ./Drivers/STM32F1xx_HAL_Driver/Src/stm32f1xx_ll_usb.o
 .debug_info    0x0000a599     0x1043 ./Middlewares/ST/STM32_USB_Device_Library/Class/CDC/Src/usbd_cdc.o
 .debug_info    0x0000b5dc      0xa52 ./Middlewares/ST/STM32_USB_Device_Library/Core/Src/usbd_core.o
 .debug_info    0x0000c02e      0x91c ./Middlewares/ST/STM32_USB_Device_Library/Core/Src/usbd_ctlreq.o
 .debug_info    0x0000c94a      0x6a0 ./Middlewares/ST/STM32_USB_Device_Library/Core/Src/usbd_ioreq.o
 .debug_info    0x0000cfea      0x63d ./USB_DEVICE/App/usb_device.o
 .debug_info    0x0000d627      0x7ec ./USB_DEVICE/App/usbd_cdc_if.o
 .debug_info    0x0000de13      0x44a ./USB_DEVICE/App/usbd_desc.o
 .debug_info    0x0000e25d     0x1846 ./USB_DEVICE/Target/usbd_conf.o

.debug_abbrev   0x00000000     0x2fda
 .debug_abbrev  0x00000000      0x13f ./Core/Src/gpio.o
 .debug_abbrev  0x0000013f      0x224 ./Core/Src/main.o
 .debug_abbrev  0x00000363       0xdb ./Core/Src/stm32f1xx_hal_msp.o
 .debug_abbrev  0x0000043e      0x192 ./Core/Src/stm32f1xx_it.o
 .debug_abbrev  0x000005d0      0x13f ./Core/Src/system_stm32f1xx.o
 .debug_abbrev  0x0000070f      0x1fd ./Core/Src/transmit.o
 .debug_abbrev  0x0000090c      0x1e6 ./Core/Src/usart.o
 .debug_abbrev  0x00000af2       0x24 ./Core/Startup/startup_stm32f103c6tx.o
 .debug_abbrev  0x00000b16      0x201 ./Drivers/STM32F1xx_HAL_Driver/Src/stm32f1xx_hal.o
 .debug_abbrev  0x00000d17      0x2f8 ./Drivers/STM32F1xx_HAL_Driver/Src/stm32f1xx_hal_cortex.o
 .debug_abbrev  0x0000100f      0x1ca ./Drivers/STM32F1xx_HAL_Driver/Src/stm32f1xx_hal_gpio.o
 .debug_abbrev  0x000011d9      0x2d6 ./Drivers/STM32F1xx_HAL_Driver/Src/stm32f1xx_hal_pcd.o
 .debug_abbrev  0x000014af      0x189 ./Drivers/STM32F1xx_HAL_Driver/Src/stm32f1xx_hal_pcd_ex.o
 .debug_abbrev  0x00001638      0x2b3 ./Drivers/STM32F1xx_HAL_Driver/Src/stm32f1xx_hal_rcc.o
 .debug_abbrev  0x000018eb      0x2f8 ./Drivers/STM32F1xx_HAL_Driver/Src/stm32f1xx_hal_uart.o
 .debug_abbrev  0x00001be3      0x1de ./Drivers/STM32F1xx_HAL_Driver/Src/stm32f1xx_ll_usb.o
 .debug_abbrev  0x00001dc1      0x2d3 ./Middlewares/ST/STM32_USB_Device_Library/Class/CDC/Src/usbd_cdc.o
 .debug_abbrev  0x00002094      0x24a ./Middlewares/ST/STM32_USB_Device_Library/Core/Src/usbd_core.o
 .debug_abbrev  0x000022de      0x26b ./Middlewares/ST/STM32_USB_Device_Library/Core/Src/usbd_ctlreq.o
 .debug_abbrev  0x00002549      0x192 ./Middlewares/ST/STM32_USB_Device_Library/Core/Src/usbd_ioreq.o
 .debug_abbrev  0x000026db      0x18d ./USB_DEVICE/App/usb_device.o
 .debug_abbrev  0x00002868      0x25d ./USB_DEVICE/App/usbd_cdc_if.o
 .debug_abbrev  0x00002ac5      0x1ff ./USB_DEVICE/App/usbd_desc.o
 .debug_abbrev  0x00002cc4      0x316 ./USB_DEVICE/Target/usbd_conf.o

.debug_aranges  0x00000000      0xcc0
 .debug_aranges
                0x00000000       0x20 ./Core/Src/gpio.o
 .debug_aranges
                0x00000020       0x30 ./Core/Src/main.o
 .debug_aranges
                0x00000050       0x20 ./Core/Src/stm32f1xx_hal_msp.o
 .debug_aranges
                0x00000070       0x68 ./Core/Src/stm32f1xx_it.o
 .debug_aranges
                0x000000d8       0x28 ./Core/Src/system_stm32f1xx.o
 .debug_aranges
                0x00000100       0x30 ./Core/Src/transmit.o
 .debug_aranges
                0x00000130       0x30 ./Core/Src/usart.o
 .debug_aranges
                0x00000160       0x28 ./Core/Startup/startup_stm32f103c6tx.o
 .debug_aranges
                0x00000188       0xe0 ./Drivers/STM32F1xx_HAL_Driver/Src/stm32f1xx_hal.o
 .debug_aranges
                0x00000268      0x100 ./Drivers/STM32F1xx_HAL_Driver/Src/stm32f1xx_hal_cortex.o
 .debug_aranges
                0x00000368       0x58 ./Drivers/STM32F1xx_HAL_Driver/Src/stm32f1xx_hal_gpio.o
 .debug_aranges
                0x000003c0      0x140 ./Drivers/STM32F1xx_HAL_Driver/Src/stm32f1xx_hal_pcd.o
 .debug_aranges
                0x00000500       0x38 ./Drivers/STM32F1xx_HAL_Driver/Src/stm32f1xx_hal_pcd_ex.o
 .debug_aranges
                0x00000538       0x90 ./Drivers/STM32F1xx_HAL_Driver/Src/stm32f1xx_hal_rcc.o
 .debug_aranges
                0x000005c8      0x208 ./Drivers/STM32F1xx_HAL_Driver/Src/stm32f1xx_hal_uart.o
 .debug_aranges
                0x000007d0       0xf8 ./Drivers/STM32F1xx_HAL_Driver/Src/stm32f1xx_ll_usb.o
 .debug_aranges
                0x000008c8       0x90 ./Middlewares/ST/STM32_USB_Device_Library/Class/CDC/Src/usbd_cdc.o
 .debug_aranges
                0x00000958       0xb8 ./Middlewares/ST/STM32_USB_Device_Library/Core/Src/usbd_core.o
 .debug_aranges
                0x00000a10       0x88 ./Middlewares/ST/STM32_USB_Device_Library/Core/Src/usbd_ctlreq.o
 .debug_aranges
                0x00000a98       0x50 ./Middlewares/ST/STM32_USB_Device_Library/Core/Src/usbd_ioreq.o
 .debug_aranges
                0x00000ae8       0x20 ./USB_DEVICE/App/usb_device.o
 .debug_aranges
                0x00000b08       0x40 ./USB_DEVICE/App/usbd_cdc_if.o
 .debug_aranges
                0x00000b48       0x60 ./USB_DEVICE/App/usbd_desc.o
 .debug_aranges
                0x00000ba8      0x118 ./USB_DEVICE/Target/usbd_conf.o

.debug_rnglists
                0x00000000      0x97e
 .debug_rnglists
                0x00000000       0x13 ./Core/Src/gpio.o
 .debug_rnglists
                0x00000013       0x1f ./Core/Src/main.o
 .debug_rnglists
                0x00000032       0x13 ./Core/Src/stm32f1xx_hal_msp.o
 .debug_rnglists
                0x00000045       0x49 ./Core/Src/stm32f1xx_it.o
 .debug_rnglists
                0x0000008e       0x1a ./Core/Src/system_stm32f1xx.o
 .debug_rnglists
                0x000000a8       0x1f ./Core/Src/transmit.o
 .debug_rnglists
                0x000000c7       0x20 ./Core/Src/usart.o
 .debug_rnglists
                0x000000e7       0x19 ./Core/Startup/startup_stm32f103c6tx.o
 .debug_rnglists
                0x00000100       0xa3 ./Drivers/STM32F1xx_HAL_Driver/Src/stm32f1xx_hal.o
 .debug_rnglists
                0x000001a3       0xbb ./Drivers/STM32F1xx_HAL_Driver/Src/stm32f1xx_hal_cortex.o
 .debug_rnglists
                0x0000025e       0x3f ./Drivers/STM32F1xx_HAL_Driver/Src/stm32f1xx_hal_gpio.o
 .debug_rnglists
                0x0000029d       0xf4 ./Drivers/STM32F1xx_HAL_Driver/Src/stm32f1xx_hal_pcd.o
 .debug_rnglists
                0x00000391       0x26 ./Drivers/STM32F1xx_HAL_Driver/Src/stm32f1xx_hal_pcd_ex.o
 .debug_rnglists
                0x000003b7       0x6c ./Drivers/STM32F1xx_HAL_Driver/Src/stm32f1xx_hal_rcc.o
 .debug_rnglists
                0x00000423      0x1bc ./Drivers/STM32F1xx_HAL_Driver/Src/stm32f1xx_hal_uart.o
 .debug_rnglists
                0x000005df       0xbd ./Drivers/STM32F1xx_HAL_Driver/Src/stm32f1xx_ll_usb.o
 .debug_rnglists
                0x0000069c       0x6a ./Middlewares/ST/STM32_USB_Device_Library/Class/CDC/Src/usbd_cdc.o
 .debug_rnglists
                0x00000706       0x89 ./Middlewares/ST/STM32_USB_Device_Library/Core/Src/usbd_core.o
 .debug_rnglists
                0x0000078f       0x68 ./Middlewares/ST/STM32_USB_Device_Library/Core/Src/usbd_ctlreq.o
 .debug_rnglists
                0x000007f7       0x37 ./Middlewares/ST/STM32_USB_Device_Library/Core/Src/usbd_ioreq.o
 .debug_rnglists
                0x0000082e       0x13 ./USB_DEVICE/App/usb_device.o
 .debug_rnglists
                0x00000841       0x2c ./USB_DEVICE/App/usbd_cdc_if.o
 .debug_rnglists
                0x0000086d       0x43 ./USB_DEVICE/App/usbd_desc.o
 .debug_rnglists
                0x000008b0       0xce ./USB_DEVICE/Target/usbd_conf.o

.debug_macro    0x00000000    0x18a69
 .debug_macro   0x00000000      0x1c4 ./Core/Src/gpio.o
 .debug_macro   0x000001c4      0x21b ./Core/Src/gpio.o
 .debug_macro   0x000003df       0x2e ./Core/Src/gpio.o
 .debug_macro   0x0000040d       0x22 ./Core/Src/gpio.o
 .debug_macro   0x0000042f       0x22 ./Core/Src/gpio.o
 .debug_macro   0x00000451       0x8e ./Core/Src/gpio.o
 .debug_macro   0x000004df       0x51 ./Core/Src/gpio.o
 .debug_macro   0x00000530      0x103 ./Core/Src/gpio.o
 .debug_macro   0x00000633       0x6a ./Core/Src/gpio.o
 .debug_macro   0x0000069d      0x1df ./Core/Src/gpio.o
 .debug_macro   0x0000087c       0x1c ./Core/Src/gpio.o
 .debug_macro   0x00000898       0x22 ./Core/Src/gpio.o
 .debug_macro   0x000008ba       0xbd ./Core/Src/gpio.o
 .debug_macro   0x00000977      0xd23 ./Core/Src/gpio.o
 .debug_macro   0x0000169a     0xde75 ./Core/Src/gpio.o
 .debug_macro   0x0000f50f       0x6d ./Core/Src/gpio.o
 .debug_macro   0x0000f57c     0x34a2 ./Core/Src/gpio.o
 .debug_macro   0x00012a1e      0x190 ./Core/Src/gpio.o
 .debug_macro   0x00012bae       0x5c ./Core/Src/gpio.o
 .debug_macro   0x00012c0a      0x5bc ./Core/Src/gpio.o
 .debug_macro   0x000131c6      0x1b7 ./Core/Src/gpio.o
 .debug_macro   0x0001337d      0x1cb ./Core/Src/gpio.o
 .debug_macro   0x00013548      0x114 ./Core/Src/gpio.o
 .debug_macro   0x0001365c      0x1b2 ./Core/Src/gpio.o
 .debug_macro   0x0001380e       0x27 ./Core/Src/gpio.o
 .debug_macro   0x00013835      0x12f ./Core/Src/gpio.o
 .debug_macro   0x00013964      0x1bc ./Core/Src/gpio.o
 .debug_macro   0x00013b20       0x34 ./Core/Src/gpio.o
 .debug_macro   0x00013b54       0x3c ./Core/Src/gpio.o
 .debug_macro   0x00013b90       0x57 ./Core/Src/gpio.o
 .debug_macro   0x00013be7       0x87 ./Core/Src/gpio.o
 .debug_macro   0x00013c6e      0x183 ./Core/Src/gpio.o
 .debug_macro   0x00013df1      0x140 ./Core/Src/gpio.o
 .debug_macro   0x00013f31      0x28e ./Core/Src/gpio.o
 .debug_macro   0x000141bf       0xb7 ./Core/Src/gpio.o
 .debug_macro   0x00014276      0x242 ./Core/Src/gpio.o
 .debug_macro   0x000144b8       0x69 ./Core/Src/gpio.o
 .debug_macro   0x00014521      0x3a2 ./Core/Src/main.o
 .debug_macro   0x000148c3       0x61 ./Core/Src/main.o
 .debug_macro   0x00014924       0x24 ./Core/Src/main.o
 .debug_macro   0x00014948       0x43 ./Core/Src/main.o
 .debug_macro   0x0001498b       0x34 ./Core/Src/main.o
 .debug_macro   0x000149bf      0x370 ./Core/Src/main.o
 .debug_macro   0x00014d2f       0x16 ./Core/Src/main.o
 .debug_macro   0x00014d45       0x4a ./Core/Src/main.o
 .debug_macro   0x00014d8f       0x34 ./Core/Src/main.o
 .debug_macro   0x00014dc3       0x10 ./Core/Src/main.o
 .debug_macro   0x00014dd3       0x58 ./Core/Src/main.o
 .debug_macro   0x00014e2b       0x8e ./Core/Src/main.o
 .debug_macro   0x00014eb9       0x1c ./Core/Src/main.o
 .debug_macro   0x00014ed5      0x185 ./Core/Src/main.o
 .debug_macro   0x0001505a       0x10 ./Core/Src/main.o
 .debug_macro   0x0001506a       0x3c ./Core/Src/main.o
 .debug_macro   0x000150a6       0x20 ./Core/Src/main.o
 .debug_macro   0x000150c6       0x1c ./Core/Src/main.o
 .debug_macro   0x000150e2       0x10 ./Core/Src/main.o
 .debug_macro   0x000150f2       0x1c ./Core/Src/main.o
 .debug_macro   0x0001510e       0x16 ./Core/Src/main.o
 .debug_macro   0x00015124      0x146 ./Core/Src/main.o
 .debug_macro   0x0001526a       0x16 ./Core/Src/main.o
 .debug_macro   0x00015280       0x16 ./Core/Src/main.o
 .debug_macro   0x00015296       0x29 ./Core/Src/main.o
 .debug_macro   0x000152bf       0x5f ./Core/Src/main.o
 .debug_macro   0x0001531e      0x1c8 ./Core/Src/main.o
 .debug_macro   0x000154e6       0x8f ./Core/Src/main.o
 .debug_macro   0x00015575       0x10 ./Core/Src/main.o
 .debug_macro   0x00015585      0x1ba ./Core/Src/stm32f1xx_hal_msp.o
 .debug_macro   0x0001573f      0x1c4 ./Core/Src/stm32f1xx_it.o
 .debug_macro   0x00015903      0x1b0 ./Core/Src/system_stm32f1xx.o
 .debug_macro   0x00015ab3      0x336 ./Core/Src/transmit.o
 .debug_macro   0x00015de9      0x1c4 ./Core/Src/usart.o
 .debug_macro   0x00015fad      0x1d4 ./Drivers/STM32F1xx_HAL_Driver/Src/stm32f1xx_hal.o
 .debug_macro   0x00016181      0x1b0 ./Drivers/STM32F1xx_HAL_Driver/Src/stm32f1xx_hal_cortex.o
 .debug_macro   0x00016331      0x21b ./Drivers/STM32F1xx_HAL_Driver/Src/stm32f1xx_hal_gpio.o
 .debug_macro   0x0001654c      0x1bc ./Drivers/STM32F1xx_HAL_Driver/Src/stm32f1xx_hal_pcd.o
 .debug_macro   0x00016708      0x1b0 ./Drivers/STM32F1xx_HAL_Driver/Src/stm32f1xx_hal_pcd_ex.o
 .debug_macro   0x000168b8      0x1c2 ./Drivers/STM32F1xx_HAL_Driver/Src/stm32f1xx_hal_rcc.o
 .debug_macro   0x00016a7a      0x1b1 ./Drivers/STM32F1xx_HAL_Driver/Src/stm32f1xx_hal_uart.o
 .debug_macro   0x00016c2b      0x1b0 ./Drivers/STM32F1xx_HAL_Driver/Src/stm32f1xx_ll_usb.o
 .debug_macro   0x00016ddb      0x349 ./Middlewares/ST/STM32_USB_Device_Library/Class/CDC/Src/usbd_cdc.o
 .debug_macro   0x00017124      0x330 ./Middlewares/ST/STM32_USB_Device_Library/Core/Src/usbd_core.o
 .debug_macro   0x00017454      0x1ce ./Middlewares/ST/STM32_USB_Device_Library/Core/Src/usbd_core.o
 .debug_macro   0x00017622      0x33a ./Middlewares/ST/STM32_USB_Device_Library/Core/Src/usbd_ctlreq.o
 .debug_macro   0x0001795c      0x336 ./Middlewares/ST/STM32_USB_Device_Library/Core/Src/usbd_ioreq.o
 .debug_macro   0x00017c92      0x36f ./USB_DEVICE/App/usb_device.o
 .debug_macro   0x00018001       0x22 ./USB_DEVICE/App/usb_device.o
 .debug_macro   0x00018023       0x16 ./USB_DEVICE/App/usb_device.o
 .debug_macro   0x00018039      0x354 ./USB_DEVICE/App/usbd_cdc_if.o
 .debug_macro   0x0001838d      0x36d ./USB_DEVICE/App/usbd_desc.o
 .debug_macro   0x000186fa       0x1c ./USB_DEVICE/App/usbd_desc.o
 .debug_macro   0x00018716      0x353 ./USB_DEVICE/Target/usbd_conf.o

.debug_line     0x00000000    0x1194e
 .debug_line    0x00000000      0x720 ./Core/Src/gpio.o
 .debug_line    0x00000720      0xa70 ./Core/Src/main.o
 .debug_line    0x00001190      0x713 ./Core/Src/stm32f1xx_hal_msp.o
 .debug_line    0x000018a3      0x7d9 ./Core/Src/stm32f1xx_it.o
 .debug_line    0x0000207c      0x791 ./Core/Src/system_stm32f1xx.o
 .debug_line    0x0000280d      0x98d ./Core/Src/transmit.o
 .debug_line    0x0000319a      0x786 ./Core/Src/usart.o
 .debug_line    0x00003920       0x78 ./Core/Startup/startup_stm32f103c6tx.o
 .debug_line    0x00003998      0x9c2 ./Drivers/STM32F1xx_HAL_Driver/Src/stm32f1xx_hal.o
 .debug_line    0x0000435a      0xb8c ./Drivers/STM32F1xx_HAL_Driver/Src/stm32f1xx_hal_cortex.o
 .debug_line    0x00004ee6      0xa0a ./Drivers/STM32F1xx_HAL_Driver/Src/stm32f1xx_hal_gpio.o
 .debug_line    0x000058f0     0x1347 ./Drivers/STM32F1xx_HAL_Driver/Src/stm32f1xx_hal_pcd.o
 .debug_line    0x00006c37      0x78c ./Drivers/STM32F1xx_HAL_Driver/Src/stm32f1xx_hal_pcd_ex.o
 .debug_line    0x000073c3      0xe7b ./Drivers/STM32F1xx_HAL_Driver/Src/stm32f1xx_hal_rcc.o
 .debug_line    0x0000823e     0x24de ./Drivers/STM32F1xx_HAL_Driver/Src/stm32f1xx_hal_uart.o
 .debug_line    0x0000a71c     0x1132 ./Drivers/STM32F1xx_HAL_Driver/Src/stm32f1xx_ll_usb.o
 .debug_line    0x0000b84e      0xd1b ./Middlewares/ST/STM32_USB_Device_Library/Class/CDC/Src/usbd_cdc.o
 .debug_line    0x0000c569      0xd70 ./Middlewares/ST/STM32_USB_Device_Library/Core/Src/usbd_core.o
 .debug_line    0x0000d2d9      0xfba ./Middlewares/ST/STM32_USB_Device_Library/Core/Src/usbd_ctlreq.o
 .debug_line    0x0000e293      0xa26 ./Middlewares/ST/STM32_USB_Device_Library/Core/Src/usbd_ioreq.o
 .debug_line    0x0000ecb9      0x9f6 ./USB_DEVICE/App/usb_device.o
 .debug_line    0x0000f6af      0xa2e ./USB_DEVICE/App/usbd_cdc_if.o
 .debug_line    0x000100dd      0xa9f ./USB_DEVICE/App/usbd_desc.o
 .debug_line    0x00010b7c      0xdd2 ./USB_DEVICE/Target/usbd_conf.o

.debug_str      0x00000000    0x8494c
 .debug_str     0x00000000    0x8494c ./Core/Src/gpio.o
                              0x7d0f7 (size before relaxing)
 .debug_str     0x0008494c    0x81c50 ./Core/Src/main.o
 .debug_str     0x0008494c    0x7d07f ./Core/Src/stm32f1xx_hal_msp.o
 .debug_str     0x0008494c    0x7d45e ./Core/Src/stm32f1xx_it.o
 .debug_str     0x0008494c    0x7d0aa ./Core/Src/system_stm32f1xx.o
 .debug_str     0x0008494c    0x8176a ./Core/Src/transmit.o
 .debug_str     0x0008494c    0x7d53f ./Core/Src/usart.o
 .debug_str     0x0008494c       0x77 ./Core/Startup/startup_stm32f103c6tx.o
 .debug_str     0x0008494c    0x7d7a3 ./Drivers/STM32F1xx_HAL_Driver/Src/stm32f1xx_hal.o
 .debug_str     0x0008494c    0x7d6ef ./Drivers/STM32F1xx_HAL_Driver/Src/stm32f1xx_hal_cortex.o
 .debug_str     0x0008494c    0x7d430 ./Drivers/STM32F1xx_HAL_Driver/Src/stm32f1xx_hal_gpio.o
 .debug_str     0x0008494c    0x7d9c7 ./Drivers/STM32F1xx_HAL_Driver/Src/stm32f1xx_hal_pcd.o
 .debug_str     0x0008494c    0x7d529 ./Drivers/STM32F1xx_HAL_Driver/Src/stm32f1xx_hal_pcd_ex.o
 .debug_str     0x0008494c    0x7d4d9 ./Drivers/STM32F1xx_HAL_Driver/Src/stm32f1xx_hal_rcc.o
 .debug_str     0x0008494c    0x7db4a ./Drivers/STM32F1xx_HAL_Driver/Src/stm32f1xx_hal_uart.o
 .debug_str     0x0008494c    0x7d57b ./Drivers/STM32F1xx_HAL_Driver/Src/stm32f1xx_ll_usb.o
 .debug_str     0x0008494c    0x82016 ./Middlewares/ST/STM32_USB_Device_Library/Class/CDC/Src/usbd_cdc.o
 .debug_str     0x0008494c    0x81946 ./Middlewares/ST/STM32_USB_Device_Library/Core/Src/usbd_core.o
 .debug_str     0x0008494c    0x81860 ./Middlewares/ST/STM32_USB_Device_Library/Core/Src/usbd_ctlreq.o
 .debug_str     0x0008494c    0x8178d ./Middlewares/ST/STM32_USB_Device_Library/Core/Src/usbd_ioreq.o
 .debug_str     0x0008494c    0x81b18 ./USB_DEVICE/App/usb_device.o
 .debug_str     0x0008494c    0x81b3e ./USB_DEVICE/App/usbd_cdc_if.o
 .debug_str     0x0008494c    0x816c9 ./USB_DEVICE/App/usbd_desc.o
 .debug_str     0x0008494c    0x82569 ./USB_DEVICE/Target/usbd_conf.o

.comment        0x00000000       0x43
 .comment       0x00000000       0x43 ./Core/Src/gpio.o
                                 0x44 (size before relaxing)
 .comment       0x00000043       0x44 ./Core/Src/main.o
 .comment       0x00000043       0x44 ./Core/Src/stm32f1xx_hal_msp.o
 .comment       0x00000043       0x44 ./Core/Src/stm32f1xx_it.o
 .comment       0x00000043       0x44 ./Core/Src/system_stm32f1xx.o
 .comment       0x00000043       0x44 ./Core/Src/transmit.o
 .comment       0x00000043       0x44 ./Core/Src/usart.o
 .comment       0x00000043       0x44 ./Drivers/STM32F1xx_HAL_Driver/Src/stm32f1xx_hal.o
 .comment       0x00000043       0x44 ./Drivers/STM32F1xx_HAL_Driver/Src/stm32f1xx_hal_cortex.o
 .comment       0x00000043       0x44 ./Drivers/STM32F1xx_HAL_Driver/Src/stm32f1xx_hal_gpio.o
 .comment       0x00000043       0x44 ./Drivers/STM32F1xx_HAL_Driver/Src/stm32f1xx_hal_pcd.o
 .comment       0x00000043       0x44 ./Drivers/STM32F1xx_HAL_Driver/Src/stm32f1xx_hal_pcd_ex.o
 .comment       0x00000043       0x44 ./Drivers/STM32F1xx_HAL_Driver/Src/stm32f1xx_hal_rcc.o
 .comment       0x00000043       0x44 ./Drivers/STM32F1xx_HAL_Driver/Src/stm32f1xx_hal_uart.o
 .comment       0x00000043       0x44 ./Drivers/STM32F1xx_HAL_Driver/Src/stm32f1xx_ll_usb.o
 .comment       0x00000043       0x44 ./Middlewares/ST/STM32_USB_Device_Library/Class/CDC/Src/usbd_cdc.o
 .comment       0x00000043       0x44 ./Middlewares/ST/STM32_USB_Device_Library/Core/Src/usbd_core.o
 .comment       0x00000043       0x44 ./Middlewares/ST/STM32_USB_Device_Library/Core/Src/usbd_ctlreq.o
 .comment       0x00000043       0x44 ./Middlewares/ST/STM32_USB_Device_Library/Core/Src/usbd_ioreq.o
 .comment       0x00000043       0x44 ./USB_DEVICE/App/usb_device.o
 .comment       0x00000043       0x44 ./USB_DEVICE/App/usbd_cdc_if.o
 .comment       0x00000043       0x44 ./USB_DEVICE/App/usbd_desc.o
 .comment       0x00000043       0x44 ./USB_DEVICE/Target/usbd_conf.o

.debug_frame    0x00000000     0x3190
 .debug_frame   0x00000000       0x34 ./Core/Src/gpio.o
 .debug_frame   0x00000034       0x68 ./Core/Src/main.o
 .debug_frame   0x0000009c       0x38 ./Core/Src/stm32f1xx_hal_msp.o
 .debug_frame   0x000000d4      0x120 ./Core/Src/stm32f1xx_it.o
 .debug_frame   0x000001f4       0x58 ./Core/Src/system_stm32f1xx.o
 .debug_frame   0x0000024c       0x74 ./Core/Src/transmit.o
 .debug_frame   0x000002c0       0x74 ./Core/Src/usart.o
 .debug_frame   0x00000334      0x334 ./Drivers/STM32F1xx_HAL_Driver/Src/stm32f1xx_hal.o
 .debug_frame   0x00000668      0x428 ./Drivers/STM32F1xx_HAL_Driver/Src/stm32f1xx_hal_cortex.o
 .debug_frame   0x00000a90      0x14c ./Drivers/STM32F1xx_HAL_Driver/Src/stm32f1xx_hal_gpio.o
 .debug_frame   0x00000bdc      0x594 ./Drivers/STM32F1xx_HAL_Driver/Src/stm32f1xx_hal_pcd.o
 .debug_frame   0x00001170       0xb0 ./Drivers/STM32F1xx_HAL_Driver/Src/stm32f1xx_hal_pcd_ex.o
 .debug_frame   0x00001220      0x218 ./Drivers/STM32F1xx_HAL_Driver/Src/stm32f1xx_hal_rcc.o
 .debug_frame   0x00001438      0x944 ./Drivers/STM32F1xx_HAL_Driver/Src/stm32f1xx_hal_uart.o
 .debug_frame   0x00001d7c      0x470 ./Drivers/STM32F1xx_HAL_Driver/Src/stm32f1xx_ll_usb.o
 .debug_frame   0x000021ec      0x248 ./Middlewares/ST/STM32_USB_Device_Library/Class/CDC/Src/usbd_cdc.o
 .debug_frame   0x00002434      0x300 ./Middlewares/ST/STM32_USB_Device_Library/Core/Src/usbd_core.o
 .debug_frame   0x00002734      0x218 ./Middlewares/ST/STM32_USB_Device_Library/Core/Src/usbd_ctlreq.o
 .debug_frame   0x0000294c      0x10c ./Middlewares/ST/STM32_USB_Device_Library/Core/Src/usbd_ioreq.o
 .debug_frame   0x00002a58       0x2c ./USB_DEVICE/App/usb_device.o
 .debug_frame   0x00002a84       0xbc ./USB_DEVICE/App/usbd_cdc_if.o
 .debug_frame   0x00002b40      0x160 ./USB_DEVICE/App/usbd_desc.o
 .debug_frame   0x00002ca0      0x4a4 ./USB_DEVICE/Target/usbd_conf.o
 .debug_frame   0x00003144       0x20 C:/ST/STM32CubeIDE_1.19.0/STM32CubeIDE/plugins/com.st.stm32cube.ide.mcu.externaltools.gnu-tools-for-stm32.13.3.rel1.win32_1.0.0.202411081344/tools/bin/../lib/gcc/arm-none-eabi/13.3.1/../../../../arm-none-eabi/lib/thumb/v7-m/nofp\libc_nano.a(libc_a-memset.o)
 .debug_frame   0x00003164       0x2c C:/ST/STM32CubeIDE_1.19.0/STM32CubeIDE/plugins/com.st.stm32cube.ide.mcu.externaltools.gnu-tools-for-stm32.13.3.rel1.win32_1.0.0.202411081344/tools/bin/../lib/gcc/arm-none-eabi/13.3.1/../../../../arm-none-eabi/lib/thumb/v7-m/nofp\libc_nano.a(libc_a-init.o)

.debug_line_str
                0x00000000       0x5b
 .debug_line_str
                0x00000000       0x5b ./Core/Startup/startup_stm32f103c6tx.o
