Archive member included to satisfy reference by file (symbol)

/opt/st/stm32cubeide_1.19.0/plugins/com.st.stm32cube.ide.mcu.externaltools.gnu-tools-for-stm32.13.3.rel1.linux64_1.0.0.202410170706/tools/bin/../lib/gcc/arm-none-eabi/13.3.1/../../../../arm-none-eabi/lib/thumb/v7-m/nofp/libc_nano.a(libc_a-exit.o)
                              /opt/st/stm32cubeide_1.19.0/plugins/com.st.stm32cube.ide.mcu.externaltools.gnu-tools-for-stm32.13.3.rel1.linux64_1.0.0.202410170706/tools/bin/../lib/gcc/arm-none-eabi/13.3.1/../../../../arm-none-eabi/lib/thumb/v7-m/nofp/crt0.o (exit)
/opt/st/stm32cubeide_1.19.0/plugins/com.st.stm32cube.ide.mcu.externaltools.gnu-tools-for-stm32.13.3.rel1.linux64_1.0.0.202410170706/tools/bin/../lib/gcc/arm-none-eabi/13.3.1/../../../../arm-none-eabi/lib/thumb/v7-m/nofp/libc_nano.a(libc_a-findfp.o)
                              /opt/st/stm32cubeide_1.19.0/plugins/com.st.stm32cube.ide.mcu.externaltools.gnu-tools-for-stm32.13.3.rel1.linux64_1.0.0.202410170706/tools/bin/../lib/gcc/arm-none-eabi/13.3.1/../../../../arm-none-eabi/lib/thumb/v7-m/nofp/libc_nano.a(libc_a-exit.o) (__stdio_exit_handler)
/opt/st/stm32cubeide_1.19.0/plugins/com.st.stm32cube.ide.mcu.externaltools.gnu-tools-for-stm32.13.3.rel1.linux64_1.0.0.202410170706/tools/bin/../lib/gcc/arm-none-eabi/13.3.1/../../../../arm-none-eabi/lib/thumb/v7-m/nofp/libc_nano.a(libc_a-fwalk.o)
                              /opt/st/stm32cubeide_1.19.0/plugins/com.st.stm32cube.ide.mcu.externaltools.gnu-tools-for-stm32.13.3.rel1.linux64_1.0.0.202410170706/tools/bin/../lib/gcc/arm-none-eabi/13.3.1/../../../../arm-none-eabi/lib/thumb/v7-m/nofp/libc_nano.a(libc_a-findfp.o) (_fwalk_sglue)
/opt/st/stm32cubeide_1.19.0/plugins/com.st.stm32cube.ide.mcu.externaltools.gnu-tools-for-stm32.13.3.rel1.linux64_1.0.0.202410170706/tools/bin/../lib/gcc/arm-none-eabi/13.3.1/../../../../arm-none-eabi/lib/thumb/v7-m/nofp/libc_nano.a(libc_a-stdio.o)
                              /opt/st/stm32cubeide_1.19.0/plugins/com.st.stm32cube.ide.mcu.externaltools.gnu-tools-for-stm32.13.3.rel1.linux64_1.0.0.202410170706/tools/bin/../lib/gcc/arm-none-eabi/13.3.1/../../../../arm-none-eabi/lib/thumb/v7-m/nofp/libc_nano.a(libc_a-findfp.o) (__sread)
/opt/st/stm32cubeide_1.19.0/plugins/com.st.stm32cube.ide.mcu.externaltools.gnu-tools-for-stm32.13.3.rel1.linux64_1.0.0.202410170706/tools/bin/../lib/gcc/arm-none-eabi/13.3.1/../../../../arm-none-eabi/lib/thumb/v7-m/nofp/libc_nano.a(libc_a-memset.o)
                              /opt/st/stm32cubeide_1.19.0/plugins/com.st.stm32cube.ide.mcu.externaltools.gnu-tools-for-stm32.13.3.rel1.linux64_1.0.0.202410170706/tools/bin/../lib/gcc/arm-none-eabi/13.3.1/../../../../arm-none-eabi/lib/thumb/v7-m/nofp/crt0.o (memset)
/opt/st/stm32cubeide_1.19.0/plugins/com.st.stm32cube.ide.mcu.externaltools.gnu-tools-for-stm32.13.3.rel1.linux64_1.0.0.202410170706/tools/bin/../lib/gcc/arm-none-eabi/13.3.1/../../../../arm-none-eabi/lib/thumb/v7-m/nofp/libc_nano.a(libc_a-closer.o)
                              /opt/st/stm32cubeide_1.19.0/plugins/com.st.stm32cube.ide.mcu.externaltools.gnu-tools-for-stm32.13.3.rel1.linux64_1.0.0.202410170706/tools/bin/../lib/gcc/arm-none-eabi/13.3.1/../../../../arm-none-eabi/lib/thumb/v7-m/nofp/libc_nano.a(libc_a-stdio.o) (_close_r)
/opt/st/stm32cubeide_1.19.0/plugins/com.st.stm32cube.ide.mcu.externaltools.gnu-tools-for-stm32.13.3.rel1.linux64_1.0.0.202410170706/tools/bin/../lib/gcc/arm-none-eabi/13.3.1/../../../../arm-none-eabi/lib/thumb/v7-m/nofp/libc_nano.a(libc_a-reent.o)
                              /opt/st/stm32cubeide_1.19.0/plugins/com.st.stm32cube.ide.mcu.externaltools.gnu-tools-for-stm32.13.3.rel1.linux64_1.0.0.202410170706/tools/bin/../lib/gcc/arm-none-eabi/13.3.1/../../../../arm-none-eabi/lib/thumb/v7-m/nofp/libc_nano.a(libc_a-closer.o) (errno)
/opt/st/stm32cubeide_1.19.0/plugins/com.st.stm32cube.ide.mcu.externaltools.gnu-tools-for-stm32.13.3.rel1.linux64_1.0.0.202410170706/tools/bin/../lib/gcc/arm-none-eabi/13.3.1/../../../../arm-none-eabi/lib/thumb/v7-m/nofp/libc_nano.a(libc_a-impure.o)
                              /opt/st/stm32cubeide_1.19.0/plugins/com.st.stm32cube.ide.mcu.externaltools.gnu-tools-for-stm32.13.3.rel1.linux64_1.0.0.202410170706/tools/bin/../lib/gcc/arm-none-eabi/13.3.1/../../../../arm-none-eabi/lib/thumb/v7-m/nofp/libc_nano.a(libc_a-reent.o) (_impure_ptr)
/opt/st/stm32cubeide_1.19.0/plugins/com.st.stm32cube.ide.mcu.externaltools.gnu-tools-for-stm32.13.3.rel1.linux64_1.0.0.202410170706/tools/bin/../lib/gcc/arm-none-eabi/13.3.1/../../../../arm-none-eabi/lib/thumb/v7-m/nofp/libc_nano.a(libc_a-lseekr.o)
                              /opt/st/stm32cubeide_1.19.0/plugins/com.st.stm32cube.ide.mcu.externaltools.gnu-tools-for-stm32.13.3.rel1.linux64_1.0.0.202410170706/tools/bin/../lib/gcc/arm-none-eabi/13.3.1/../../../../arm-none-eabi/lib/thumb/v7-m/nofp/libc_nano.a(libc_a-stdio.o) (_lseek_r)
[...]
Memory Configuration

Name             Origin             Length             Attributes
RAM              0x20000000         0x00002800         xrw
FLASH            0x08000000         0x00008000         xr
*default*        0x00000000         0xffffffff

Linker script and memory map

LOAD /opt/st/stm32cubeide_1.19.0/plugins/com.st.stm32cube.ide.mcu.externaltools.gnu-tools-for-stm32.13.3.rel1.linux64_1.0.0.202410170706/tools/bin/../lib/gcc/arm-none-eabi/13.3.1/thumb/v7-m/nofp/crti.o
LOAD /opt/st/stm32cubeide_1.19.0/plugins/com.st.stm32cube.ide.mcu.externaltools.gnu-tools-for-stm32.13.3.rel1.linux64_1.0.0.202410170706/tools/bin/../lib/gcc/arm-none-eabi/13.3.1/thumb/v7-m/nofp/crtbegin.o
LOAD /opt/st/stm32cubeide_1.19.0/plugins/com.st.stm32cube.ide.mcu.externaltools.gnu-tools-for-stm32.13.3.rel1.linux64_1.0.0.202410170706/tools/bin/../lib/gcc/arm-none-eabi/13.3.1/../../../../arm-none-eabi/lib/thumb/v7-m/nofp/crt0.o
LOAD ./Core/Src/SoHConfig.o
LOAD ./Core/Src/action.o
LOAD ./Core/Src/freertos.o
LOAD ./Core/Src/gpio.o
LOAD ./Core/Src/main.o
LOAD ./Core/Src/parse.o
LOAD ./Core/Src/receive.o
LOAD ./Core/Src/stm32f1xx_hal_msp.o
LOAD ./Core/Src/stm32f1xx_it.o
LOAD ./Core/Src/syscalls.o
LOAD ./Core/Src/sysmem.o
LOAD ./Core/Src/system_stm32f1xx.o
LOAD ./Core/Src/tim.o
LOAD ./Core/Src/transmit.o
LOAD ./Core/Src/usart.o
LOAD ./Core/Startup/startup_stm32f103c6tx.o
LOAD ./Drivers/STM32F1xx_HAL_Driver/Src/stm32f1xx_hal.o
LOAD ./Drivers/STM32F1xx_HAL_Driver/Src/stm32f1xx_hal_cortex.o
LOAD ./Drivers/STM32F1xx_HAL_Driver/Src/stm32f1xx_hal_dma.o
LOAD ./Drivers/STM32F1xx_HAL_Driver/Src/stm32f1xx_hal_exti.o
LOAD ./Drivers/STM32F1xx_HAL_Driver/Src/stm32f1xx_hal_flash.o
LOAD ./Drivers/STM32F1xx_HAL_Driver/Src/stm32f1xx_hal_flash_ex.o
LOAD ./Drivers/STM32F1xx_HAL_Driver/Src/stm32f1xx_hal_gpio.o
LOAD ./Drivers/STM32F1xx_HAL_Driver/Src/stm32f1xx_hal_gpio_ex.o
LOAD ./Drivers/STM32F1xx_HAL_Driver/Src/stm32f1xx_hal_pcd.o
LOAD ./Drivers/STM32F1xx_HAL_Driver/Src/stm32f1xx_hal_pcd_ex.o
LOAD ./Drivers/STM32F1xx_HAL_Driver/Src/stm32f1xx_hal_pwr.o
LOAD ./Drivers/STM32F1xx_HAL_Driver/Src/stm32f1xx_hal_rcc.o
LOAD ./Drivers/STM32F1xx_HAL_Driver/Src/stm32f1xx_hal_rcc_ex.o
LOAD ./Drivers/STM32F1xx_HAL_Driver/Src/stm32f1xx_hal_tim.o
LOAD ./Drivers/STM32F1xx_HAL_Driver/Src/stm32f1xx_hal_tim_ex.o
LOAD ./Drivers/STM32F1xx_HAL_Driver/Src/stm32f1xx_hal_uart.o
LOAD ./Drivers/STM32F1xx_HAL_Driver/Src/stm32f1xx_ll_usb.o
LOAD ./Middlewares/ST/STM32_USB_Device_Library/Class/CDC/Src/usbd_cdc.o
LOAD ./Middlewares/ST/STM32_USB_Device_Library/Core/Src/usbd_core.o
LOAD ./Middlewares/ST/STM32_USB_Device_Library/Core/Src/usbd_ctlreq.o
LOAD ./Middlewares/ST/STM32_USB_Device_Library/Core/Src/usbd_ioreq.o
LOAD ./Middlewares/Third_Party/FreeRTOS/Source/CMSIS_RTOS/cmsis_os.o
LOAD ./Middlewares/Third_Party/FreeRTOS/Source/croutine.o
LOAD ./Middlewares/Third_Party/FreeRTOS/Source/event_groups.o
LOAD ./Middlewares/Third_Party/FreeRTOS/Source/list.o
LOAD ./Middlewares/Third_Party/FreeRTOS/Source/queue.o
LOAD ./Middlewares/Third_Party/FreeRTOS/Source/stream_buffer.o
LOAD ./Middlewares/Third_Party/FreeRTOS/Source/tasks.o
LOAD ./Middlewares/Third_Party/FreeRTOS/Source/timers.o
LOAD ./Middlewares/Third_Party/FreeRTOS/Source/portable/GCC/ARM_CM3/port.o
LOAD ./Middlewares/Third_Party/FreeRTOS/Source/portable/MemMang/heap_4.o
LOAD ./USB_DEVICE/App/usb_device.o
LOAD ./USB_DEVICE/App/usbd_cdc_if.o
LOAD ./USB_DEVICE/App/usbd_desc.o
LOAD ./USB_DEVICE/Target/usbd_conf.o
START GROUP
LOAD /opt/st/stm32cubeide_1.19.0/plugins/com.st.stm32cube.ide.mcu.externaltools.gnu-tools-for-stm32.13.3.rel1.linux64_1.0.0.202410170706/tools/bin/../lib/gcc/arm-none-eabi/13.3.1/../../../../arm-none-eabi/lib/thumb/v7-m/nofp/libc_nano.a
LOAD /opt/st/stm32cubeide_1.19.0/plugins/com.st.stm32cube.ide.mcu.externaltools.gnu-tools-for-stm32.13.3.rel1.linux64_1.0.0.202410170706/tools/bin/../lib/gcc/arm-none-eabi/13.3.1/../../../../arm-none-eabi/lib/thumb/v7-m/nofp/libm.a
END GROUP
START GROUP
LOAD /opt/st/stm32cubeide_1.19.0/plugins/com.st.stm32cube.ide.mcu.externaltools.gnu-tools-for-stm32.13.3.rel1.linux64_1.0.0.202410170706/tools/bin/../lib/gcc/arm-none-eabi/13.3.1/thumb/v7-m/nofp/libgcc.a
LOAD /opt/st/stm32cubeide_1.19.0/plugins/com.st.stm32cube.ide.mcu.externaltools.gnu-tools-for-stm32.13.3.rel1.linux64_1.0.0.202410170706/tools/bin/../lib/gcc/arm-none-eabi/13.3.1/../../../../arm-none-eabi/lib/thumb/v7-m/nofp/libc_nano.a
END GROUP
START GROUP
LOAD /opt/st/stm32cubeide_1.19.0/plugins/com.st.stm32cube.ide.mcu.externaltools.gnu-tools-for-stm32.13.3.rel1.linux64_1.0.0.202410170706/tools/bin/../lib/gcc/arm-none-eabi/13.3.1/thumb/v7-m/nofp/libgcc.a
LOAD /opt/st/stm32cubeide_1.19.0/plugins/com.st.stm32cube.ide.mcu.externaltools.gnu-tools-for-stm32.13.3.rel1.linux64_1.0.0.202410170706/tools/bin/../lib/gcc/arm-none-eabi/13.3.1/../../../../arm-none-eabi/lib/thumb/v7-m/nofp/libc_nano.a
LOAD /opt/st/stm32cubeide_1.19.0/plugins/com.st.stm32cube.ide.mcu.externaltools.gnu-tools-for-stm32.13.3.rel1.linux64_1.0.0.202410170706/tools/bin/../lib/gcc/arm-none-eabi/13.3.1/../../../../arm-none-eabi/lib/thumb/v7-m/nofp/libnosys.a
END GROUP
START GROUP
LOAD /opt/st/stm32cubeide_1.19.0/plugins/com.st.stm32cube.ide.mcu.externaltools.gnu-tools-for-stm32.13.3.rel1.linux64_1.0.0.202410170706/tools/bin/../lib/gcc/arm-none-eabi/13.3.1/thumb/v7-m/nofp/libgcc.a
LOAD /opt/st/stm32cubeide_1.19.0/plugins/com.st.stm32cube.ide.mcu.externaltools.gnu-tools-for-stm32.13.3.rel1.linux64_1.0.0.202410170706/tools/bin/../lib/gcc/arm-none-eabi/13.3.1/../../../../arm-none-eabi/lib/thumb/v7-m/nofp/libc_nano.a
LOAD /opt/st/stm32cubeide_1.19.0/plugins/com.st.stm32cube.ide.mcu.externaltools.gnu-tools-for-stm32.13.3.rel1.linux64_1.0.0.202410170706/tools/bin/../lib/gcc/arm-none-eabi/13.3.1/../../../../arm-none-eabi/lib/thumb/v7-m/nofp/libnosys.a
END GROUP
LOAD /opt/st/stm32cubeide_1.19.0/plugins/com.st.stm32cube.ide.mcu.externaltools.gnu-tools-for-stm32.13.3.rel1.linux64_1.0.0.202410170706/tools/bin/../lib/gcc/arm-none-eabi/13.3.1/thumb/v7-m/nofp/crtend.o
LOAD /opt/st/stm32cubeide_1.19.0/plugins/com.st.stm32cube.ide.mcu.externaltools.gnu-tools-for-stm32.13.3.rel1.linux64_1.0.0.202410170706/tools/bin/../lib/gcc/arm-none-eabi/13.3.1/thumb/v7-m/nofp/crtn.o
                0x20002800                        _estack = (ORIGIN (RAM) + LENGTH (RAM))
                0x00000200                        _Min_Heap_Size = 0x200
                0x00000400                        _Min_Stack_Size = 0x400

.isr_vector     0x08000000      0x10c
                0x08000000                        . = ALIGN (0x4)
 *(.isr_vector)
 .isr_vector    0x08000000      0x10c ./Core/Startup/startup_stm32f103c6tx.o
                0x08000000                g_pfnVectors
                0x0800010c                        . = ALIGN (0x4)

.text           0x08000110     0x9844
                0x08000110                        . = ALIGN (0x4)
 *(.text)
 .text          0x08000110       0x40 /opt/st/stm32cubeide_1.19.0/plugins/com.st.stm32cube.ide.mcu.externaltools.gnu-tools-for-stm32.13.3.rel1.linux64_1.0.0.202410170706/tools/bin/../lib/gcc/arm-none-eabi/13.3.1/thumb/v7-m/nofp/crtbegin.o
 *(.text*)
 .text.vApplicationGetIdleTaskMemory
                0x08000150       0x30 ./Core/Src/freertos.o
                0x08000150                vApplicationGetIdleTaskMemory
 .text.MX_FREERTOS_Init
                0x08000180       0x38 ./Core/Src/freertos.o
                0x08000180                MX_FREERTOS_Init
 .text.StartDefaultTask
                0x080001b8       0x14 ./Core/Src/freertos.o
                0x080001b8                StartDefaultTask
 .text.MX_GPIO_Init
                0x080001cc       0x94 ./Core/Src/gpio.o
                0x080001cc                MX_GPIO_Init
 .text.main     0x08000260       0x28 ./Core/Src/main.o
                0x08000260                main
 .text.SystemClock_Config
                0x08000288       0xb4 ./Core/Src/main.o
                0x08000288                SystemClock_Config
 .text.Error_Handler
                0x0800033c        0xc ./Core/Src/main.o
                0x0800033c                Error_Handler
 .text.HAL_MspInit
                0x08000348       0x70 ./Core/Src/stm32f1xx_hal_msp.o
                0x08000348                HAL_MspInit
 .text.NMI_Handler
                0x080003b8        0x8 ./Core/Src/stm32f1xx_it.o
                0x080003b8                NMI_Handler
 .text.HardFault_Handler
                0x080003c0        0x8 ./Core/Src/stm32f1xx_it.o
                0x080003c0                HardFault_Handler
 .text.MemManage_Handler
                0x080003c8        0x8 ./Core/Src/stm32f1xx_it.o
                0x080003c8                MemManage_Handler
 .text.BusFault_Handler
                0x080003d0        0x8 ./Core/Src/stm32f1xx_it.o
                0x080003d0                BusFault_Handler
 .text.UsageFault_Handler
                0x080003d8        0x8 ./Core/Src/stm32f1xx_it.o
                0x080003d8                UsageFault_Handler
 .text.DebugMon_Handler
                0x080003e0        0xc ./Core/Src/stm32f1xx_it.o
                0x080003e0                DebugMon_Handler
 .text.SysTick_Handler
                0x080003ec       0x1a ./Core/Src/stm32f1xx_it.o
                0x080003ec                SysTick_Handler
 *fill*         0x08000406        0x2 
 .text.USB_LP_CAN1_RX0_IRQHandler
                0x08000408       0x14 ./Core/Src/stm32f1xx_it.o
                0x08000408                USB_LP_CAN1_RX0_IRQHandler
 .text.SystemInit
                0x0800041c        0xc ./Core/Src/system_stm32f1xx.o
                0x0800041c                SystemInit
 .text.MX_TIM2_Init
                0x08000428       0xec ./Core/Src/tim.o
                0x08000428                MX_TIM2_Init
 .text.MX_TIM3_Init
                0x08000514       0xb4 ./Core/Src/tim.o
                0x08000514                MX_TIM3_Init
 .text.HAL_TIM_Base_MspInit
                0x080005c8       0x38 ./Core/Src/tim.o
                0x080005c8                HAL_TIM_Base_MspInit
 .text.HAL_TIM_PWM_MspInit
                0x08000600       0x3c ./Core/Src/tim.o
                0x08000600                HAL_TIM_PWM_MspInit
 .text.HAL_TIM_MspPostInit
                0x0800063c       0xa4 ./Core/Src/tim.o
                0x0800063c                HAL_TIM_MspPostInit
 .text.MX_USART1_UART_Init
                0x080006e0       0x54 ./Core/Src/usart.o
                0x080006e0                MX_USART1_UART_Init
 .text.HAL_UART_MspInit
                0x08000734       0x98 ./Core/Src/usart.o
                0x08000734                HAL_UART_MspInit
 .text.Reset_Handler
                0x080007cc       0x48 ./Core/Startup/startup_stm32f103c6tx.o
                0x080007cc                Reset_Handler
 .text.Default_Handler
                0x08000814        0x2 ./Core/Startup/startup_stm32f103c6tx.o
                0x08000814                RTC_Alarm_IRQHandler
                0x08000814                EXTI2_IRQHandler
                0x08000814                TIM1_CC_IRQHandler
                0x08000814                PVD_IRQHandler
                0x08000814                EXTI3_IRQHandler
                0x08000814                EXTI0_IRQHandler
                0x08000814                ADC1_2_IRQHandler
                0x08000814                SPI1_IRQHandler
                0x08000814                TAMPER_IRQHandler
                0x08000814                DMA1_Channel4_IRQHandler
                0x08000814                RTC_IRQHandler
                0x08000814                DMA1_Channel7_IRQHandler
                0x08000814                CAN1_RX1_IRQHandler
                0x08000814                I2C1_EV_IRQHandler
                0x08000814                DMA1_Channel6_IRQHandler
                0x08000814                TIM3_IRQHandler
                0x08000814                RCC_IRQHandler
                0x08000814                TIM1_TRG_COM_IRQHandler
                0x08000814                DMA1_Channel1_IRQHandler
                0x08000814                Default_Handler
                0x08000814                EXTI15_10_IRQHandler
                0x08000814                EXTI9_5_IRQHandler
                0x08000814                DMA1_Channel5_IRQHandler
                0x08000814                EXTI4_IRQHandler
                0x08000814                USB_HP_CAN1_TX_IRQHandler
                0x08000814                DMA1_Channel3_IRQHandler
                0x08000814                TIM1_UP_IRQHandler
                0x08000814                WWDG_IRQHandler
                0x08000814                TIM2_IRQHandler
                0x08000814                TIM1_BRK_IRQHandler
                0x08000814                EXTI1_IRQHandler
                0x08000814                USART2_IRQHandler
                0x08000814                DMA1_Channel2_IRQHandler
                0x08000814                CAN1_SCE_IRQHandler
                0x08000814                FLASH_IRQHandler
                0x08000814                USART1_IRQHandler
                0x08000814                I2C1_ER_IRQHandler
                0x08000814                USBWakeUp_IRQHandler
 *fill*         0x08000816        0x2 
 .text.HAL_Init
                0x08000818       0x2c ./Drivers/STM32F1xx_HAL_Driver/Src/stm32f1xx_hal.o
                0x08000818                HAL_Init
 .text.HAL_InitTick
                0x08000844       0x60 ./Drivers/STM32F1xx_HAL_Driver/Src/stm32f1xx_hal.o
                0x08000844                HAL_InitTick
 .text.HAL_IncTick
                0x080008a4       0x24 ./Drivers/STM32F1xx_HAL_Driver/Src/stm32f1xx_hal.o
                0x080008a4                HAL_IncTick
 .text.HAL_GetTick
                0x080008c8       0x14 ./Drivers/STM32F1xx_HAL_Driver/Src/stm32f1xx_hal.o
                0x080008c8                HAL_GetTick
 .text.__NVIC_SetPriorityGrouping
                0x080008dc       0x48 ./Drivers/STM32F1xx_HAL_Driver/Src/stm32f1xx_hal_cortex.o
 .text.__NVIC_GetPriorityGrouping
                0x08000924       0x1c ./Drivers/STM32F1xx_HAL_Driver/Src/stm32f1xx_hal_cortex.o
 .text.__NVIC_EnableIRQ
                0x08000940       0x38 ./Drivers/STM32F1xx_HAL_Driver/Src/stm32f1xx_hal_cortex.o
 .text.__NVIC_SetPriority
                0x08000978       0x54 ./Drivers/STM32F1xx_HAL_Driver/Src/stm32f1xx_hal_cortex.o
 .text.NVIC_EncodePriority
                0x080009cc       0x64 ./Drivers/STM32F1xx_HAL_Driver/Src/stm32f1xx_hal_cortex.o
 .text.SysTick_Config
                0x08000a30       0x44 ./Drivers/STM32F1xx_HAL_Driver/Src/stm32f1xx_hal_cortex.o
 .text.HAL_NVIC_SetPriorityGrouping
                0x08000a74       0x16 ./Drivers/STM32F1xx_HAL_Driver/Src/stm32f1xx_hal_cortex.o
                0x08000a74                HAL_NVIC_SetPriorityGrouping
 .text.HAL_NVIC_SetPriority
                0x08000a8a       0x38 ./Drivers/STM32F1xx_HAL_Driver/Src/stm32f1xx_hal_cortex.o
                0x08000a8a                HAL_NVIC_SetPriority
 .text.HAL_NVIC_EnableIRQ
                0x08000ac2       0x1c ./Drivers/STM32F1xx_HAL_Driver/Src/stm32f1xx_hal_cortex.o
                0x08000ac2                HAL_NVIC_EnableIRQ
 .text.HAL_SYSTICK_Config
                0x08000ade       0x18 ./Drivers/STM32F1xx_HAL_Driver/Src/stm32f1xx_hal_cortex.o
                0x08000ade                HAL_SYSTICK_Config
 *fill*         0x08000af6        0x2 
 .text.HAL_GPIO_Init
                0x08000af8      0x2f8 ./Drivers/STM32F1xx_HAL_Driver/Src/stm32f1xx_hal_gpio.o
                0x08000af8                HAL_GPIO_Init
 .text.HAL_GPIO_WritePin
                0x08000df0       0x30 ./Drivers/STM32F1xx_HAL_Driver/Src/stm32f1xx_hal_gpio.o
                0x08000df0                HAL_GPIO_WritePin
 .text.HAL_PCD_Init
                0x08000e20      0x1ec ./Drivers/STM32F1xx_HAL_Driver/Src/stm32f1xx_hal_pcd.o
                0x08000e20                HAL_PCD_Init
 .text.HAL_PCD_Start
                0x0800100c       0x4c ./Drivers/STM32F1xx_HAL_Driver/Src/stm32f1xx_hal_pcd.o
                0x0800100c                HAL_PCD_Start
 .text.HAL_PCD_IRQHandler
                0x08001058      0x260 ./Drivers/STM32F1xx_HAL_Driver/Src/stm32f1xx_hal_pcd.o
                0x08001058                HAL_PCD_IRQHandler
 .text.HAL_PCD_SetAddress
                0x080012b8       0x48 ./Drivers/STM32F1xx_HAL_Driver/Src/stm32f1xx_hal_pcd.o
                0x080012b8                HAL_PCD_SetAddress
 .text.HAL_PCD_EP_Open
                0x08001300       0xba ./Drivers/STM32F1xx_HAL_Driver/Src/stm32f1xx_hal_pcd.o
                0x08001300                HAL_PCD_EP_Open
 .text.HAL_PCD_EP_Close
                0x080013ba       0x90 ./Drivers/STM32F1xx_HAL_Driver/Src/stm32f1xx_hal_pcd.o
                0x080013ba                HAL_PCD_EP_Close
 .text.HAL_PCD_EP_Receive
                0x0800144a       0x62 ./Drivers/STM32F1xx_HAL_Driver/Src/stm32f1xx_hal_pcd.o
                0x0800144a                HAL_PCD_EP_Receive
 .text.HAL_PCD_EP_GetRxCount
                0x080014ac       0x2e ./Drivers/STM32F1xx_HAL_Driver/Src/stm32f1xx_hal_pcd.o
                0x080014ac                HAL_PCD_EP_GetRxCount
 .text.HAL_PCD_EP_Transmit
                0x080014da       0x6e ./Drivers/STM32F1xx_HAL_Driver/Src/stm32f1xx_hal_pcd.o
                0x080014da                HAL_PCD_EP_Transmit
 .text.HAL_PCD_EP_SetStall
                0x08001548       0xc0 ./Drivers/STM32F1xx_HAL_Driver/Src/stm32f1xx_hal_pcd.o
                0x08001548                HAL_PCD_EP_SetStall
 .text.HAL_PCD_EP_ClrStall
                0x08001608       0xa8 ./Drivers/STM32F1xx_HAL_Driver/Src/stm32f1xx_hal_pcd.o
                0x08001608                HAL_PCD_EP_ClrStall
 .text.PCD_EP_ISR_Handler
                0x080016b0      0x79e ./Drivers/STM32F1xx_HAL_Driver/Src/stm32f1xx_hal_pcd.o
 .text.HAL_PCD_EP_DB_Receive
                0x08001e4e      0x21a ./Drivers/STM32F1xx_HAL_Driver/Src/stm32f1xx_hal_pcd.o
 .text.HAL_PCD_EP_DB_Transmit
                0x08002068      0x7f4 ./Drivers/STM32F1xx_HAL_Driver/Src/stm32f1xx_hal_pcd.o
 .text.HAL_PCDEx_PMAConfig
                0x0800285c       0x84 ./Drivers/STM32F1xx_HAL_Driver/Src/stm32f1xx_hal_pcd_ex.o
                0x0800285c                HAL_PCDEx_PMAConfig
 .text.HAL_RCC_OscConfig
                0x080028e0      0x504 ./Drivers/STM32F1xx_HAL_Driver/Src/stm32f1xx_hal_rcc.o
                0x080028e0                HAL_RCC_OscConfig
 .text.HAL_RCC_ClockConfig
                0x08002de4      0x1d4 ./Drivers/STM32F1xx_HAL_Driver/Src/stm32f1xx_hal_rcc.o
                0x08002de4                HAL_RCC_ClockConfig
 .text.HAL_RCC_GetSysClockFreq
                0x08002fb8       0xa8 ./Drivers/STM32F1xx_HAL_Driver/Src/stm32f1xx_hal_rcc.o
                0x08002fb8                HAL_RCC_GetSysClockFreq
 .text.HAL_RCC_GetHCLKFreq
                0x08003060       0x14 ./Drivers/STM32F1xx_HAL_Driver/Src/stm32f1xx_hal_rcc.o
                0x08003060                HAL_RCC_GetHCLKFreq
 .text.HAL_RCC_GetPCLK1Freq
                0x08003074       0x28 ./Drivers/STM32F1xx_HAL_Driver/Src/stm32f1xx_hal_rcc.o
                0x08003074                HAL_RCC_GetPCLK1Freq
 .text.HAL_RCC_GetPCLK2Freq
                0x0800309c       0x28 ./Drivers/STM32F1xx_HAL_Driver/Src/stm32f1xx_hal_rcc.o
                0x0800309c                HAL_RCC_GetPCLK2Freq
 .text.RCC_Delay
                0x080030c4       0x3c ./Drivers/STM32F1xx_HAL_Driver/Src/stm32f1xx_hal_rcc.o
 .text.HAL_RCCEx_PeriphCLKConfig
                0x08003100      0x16c ./Drivers/STM32F1xx_HAL_Driver/Src/stm32f1xx_hal_rcc_ex.o
                0x08003100                HAL_RCCEx_PeriphCLKConfig
 .text.HAL_TIM_Base_Init
                0x0800326c       0x9e ./Drivers/STM32F1xx_HAL_Driver/Src/stm32f1xx_hal_tim.o
                0x0800326c                HAL_TIM_Base_Init
 .text.HAL_TIM_PWM_Init
                0x0800330a       0x9e ./Drivers/STM32F1xx_HAL_Driver/Src/stm32f1xx_hal_tim.o
                0x0800330a                HAL_TIM_PWM_Init
 .text.HAL_TIM_PWM_ConfigChannel
                0x080033a8      0x184 ./Drivers/STM32F1xx_HAL_Driver/Src/stm32f1xx_hal_tim.o
                0x080033a8                HAL_TIM_PWM_ConfigChannel
 .text.HAL_TIM_ConfigClockSource
                0x0800352c      0x18e ./Drivers/STM32F1xx_HAL_Driver/Src/stm32f1xx_hal_tim.o
                0x0800352c                HAL_TIM_ConfigClockSource
 *fill*         0x080036ba        0x2 
 .text.TIM_Base_SetConfig
                0x080036bc       0xc8 ./Drivers/STM32F1xx_HAL_Driver/Src/stm32f1xx_hal_tim.o
                0x080036bc                TIM_Base_SetConfig
 .text.TIM_OC1_SetConfig
                0x08003784       0xcc ./Drivers/STM32F1xx_HAL_Driver/Src/stm32f1xx_hal_tim.o
 .text.TIM_OC2_SetConfig
                0x08003850       0xd4 ./Drivers/STM32F1xx_HAL_Driver/Src/stm32f1xx_hal_tim.o
                0x08003850                TIM_OC2_SetConfig
 .text.TIM_OC3_SetConfig
                0x08003924       0xd4 ./Drivers/STM32F1xx_HAL_Driver/Src/stm32f1xx_hal_tim.o
 .text.TIM_OC4_SetConfig
                0x080039f8       0x9c ./Drivers/STM32F1xx_HAL_Driver/Src/stm32f1xx_hal_tim.o
 .text.TIM_TI1_ConfigInputStage
                0x08003a94       0x5c ./Drivers/STM32F1xx_HAL_Driver/Src/stm32f1xx_hal_tim.o
 .text.TIM_TI2_ConfigInputStage
                0x08003af0       0x5e ./Drivers/STM32F1xx_HAL_Driver/Src/stm32f1xx_hal_tim.o
 .text.TIM_ITRx_SetConfig
                0x08003b4e       0x34 ./Drivers/STM32F1xx_HAL_Driver/Src/stm32f1xx_hal_tim.o
 .text.TIM_ETR_SetConfig
                0x08003b82       0x3e ./Drivers/STM32F1xx_HAL_Driver/Src/stm32f1xx_hal_tim.o
                0x08003b82                TIM_ETR_SetConfig
 .text.HAL_TIMEx_MasterConfigSynchronization
                0x08003bc0       0xb0 ./Drivers/STM32F1xx_HAL_Driver/Src/stm32f1xx_hal_tim_ex.o
                0x08003bc0                HAL_TIMEx_MasterConfigSynchronization
 .text.HAL_UART_Init
                0x08003c70       0xa0 ./Drivers/STM32F1xx_HAL_Driver/Src/stm32f1xx_hal_uart.o
                0x08003c70                HAL_UART_Init
 .text.UART_SetConfig
                0x08003d10      0x11c ./Drivers/STM32F1xx_HAL_Driver/Src/stm32f1xx_hal_uart.o
 .text.USB_CoreInit
                0x08003e2c       0x1a ./Drivers/STM32F1xx_HAL_Driver/Src/stm32f1xx_ll_usb.o
                0x08003e2c                USB_CoreInit
 .text.USB_EnableGlobalInt
                0x08003e46       0x2c ./Drivers/STM32F1xx_HAL_Driver/Src/stm32f1xx_ll_usb.o
                0x08003e46                USB_EnableGlobalInt
 .text.USB_DisableGlobalInt
                0x08003e72       0x34 ./Drivers/STM32F1xx_HAL_Driver/Src/stm32f1xx_ll_usb.o
                0x08003e72                USB_DisableGlobalInt
 .text.USB_SetCurrentMode
                0x08003ea6       0x18 ./Drivers/STM32F1xx_HAL_Driver/Src/stm32f1xx_ll_usb.o
                0x08003ea6                USB_SetCurrentMode
 .text.USB_DevInit
                0x08003ebe       0x3a ./Drivers/STM32F1xx_HAL_Driver/Src/stm32f1xx_ll_usb.o
                0x08003ebe                USB_DevInit
 .text.USB_ActivateEndpoint
                0x08003ef8      0x780 ./Drivers/STM32F1xx_HAL_Driver/Src/stm32f1xx_ll_usb.o
                0x08003ef8                USB_ActivateEndpoint
 .text.USB_DeactivateEndpoint
                0x08004678      0x3d8 ./Drivers/STM32F1xx_HAL_Driver/Src/stm32f1xx_ll_usb.o
                0x08004678                USB_DeactivateEndpoint
 .text.USB_EPStartXfer
                0x08004a50     0x1762 ./Drivers/STM32F1xx_HAL_Driver/Src/stm32f1xx_ll_usb.o
                0x08004a50                USB_EPStartXfer
 .text.USB_EPSetStall
                0x080061b2       0xa0 ./Drivers/STM32F1xx_HAL_Driver/Src/stm32f1xx_ll_usb.o
                0x080061b2                USB_EPSetStall
 .text.USB_EPClearStall
                0x08006252      0x15a ./Drivers/STM32F1xx_HAL_Driver/Src/stm32f1xx_ll_usb.o
                0x08006252                USB_EPClearStall
 .text.USB_SetDevAddress
                0x080063ac       0x26 ./Drivers/STM32F1xx_HAL_Driver/Src/stm32f1xx_ll_usb.o
                0x080063ac                USB_SetDevAddress
 .text.USB_DevConnect
                0x080063d2       0x14 ./Drivers/STM32F1xx_HAL_Driver/Src/stm32f1xx_ll_usb.o
                0x080063d2                USB_DevConnect
 .text.USB_DevDisconnect
                0x080063e6       0x14 ./Drivers/STM32F1xx_HAL_Driver/Src/stm32f1xx_ll_usb.o
                0x080063e6                USB_DevDisconnect
 .text.USB_ReadInterrupts
                0x080063fa       0x1e ./Drivers/STM32F1xx_HAL_Driver/Src/stm32f1xx_ll_usb.o
                0x080063fa                USB_ReadInterrupts
 .text.USB_EP0_OutStart
                0x08006418       0x16 ./Drivers/STM32F1xx_HAL_Driver/Src/stm32f1xx_ll_usb.o
                0x08006418                USB_EP0_OutStart
 .text.USB_WritePMA
                0x0800642e       0x8c ./Drivers/STM32F1xx_HAL_Driver/Src/stm32f1xx_ll_usb.o
                0x0800642e                USB_WritePMA
 .text.USB_ReadPMA
                0x080064ba       0x9e ./Drivers/STM32F1xx_HAL_Driver/Src/stm32f1xx_ll_usb.o
                0x080064ba                USB_ReadPMA
 .text.USBD_CDC_Init
                0x08006558       0xf4 ./Middlewares/ST/STM32_USB_Device_Library/Class/CDC/Src/usbd_cdc.o
 .text.USBD_CDC_DeInit
                0x0800664c       0x6e ./Middlewares/ST/STM32_USB_Device_Library/Class/CDC/Src/usbd_cdc.o
 .text.USBD_CDC_Setup
                0x080066ba      0x146 ./Middlewares/ST/STM32_USB_Device_Library/Class/CDC/Src/usbd_cdc.o
 .text.USBD_CDC_DataIn
                0x08006800       0xa6 ./Middlewares/ST/STM32_USB_Device_Library/Class/CDC/Src/usbd_cdc.o
 .text.USBD_CDC_DataOut
                0x080068a6       0x56 ./Middlewares/ST/STM32_USB_Device_Library/Class/CDC/Src/usbd_cdc.o
 .text.USBD_CDC_EP0_RxReady
                0x080068fc       0x4e ./Middlewares/ST/STM32_USB_Device_Library/Class/CDC/Src/usbd_cdc.o
 *fill*         0x0800694a        0x2 
 .text.USBD_CDC_GetFSCfgDesc
                0x0800694c       0x20 ./Middlewares/ST/STM32_USB_Device_Library/Class/CDC/Src/usbd_cdc.o
 .text.USBD_CDC_GetHSCfgDesc
                0x0800696c       0x20 ./Middlewares/ST/STM32_USB_Device_Library/Class/CDC/Src/usbd_cdc.o
 .text.USBD_CDC_GetOtherSpeedCfgDesc
                0x0800698c       0x20 ./Middlewares/ST/STM32_USB_Device_Library/Class/CDC/Src/usbd_cdc.o
 .text.USBD_CDC_GetDeviceQualifierDescriptor
                0x080069ac       0x20 ./Middlewares/ST/STM32_USB_Device_Library/Class/CDC/Src/usbd_cdc.o
                0x080069ac                USBD_CDC_GetDeviceQualifierDescriptor
 .text.USBD_CDC_RegisterInterface
                0x080069cc       0x2c ./Middlewares/ST/STM32_USB_Device_Library/Class/CDC/Src/usbd_cdc.o
                0x080069cc                USBD_CDC_RegisterInterface
 .text.USBD_CDC_SetTxBuffer
                0x080069f8       0x32 ./Middlewares/ST/STM32_USB_Device_Library/Class/CDC/Src/usbd_cdc.o
                0x080069f8                USBD_CDC_SetTxBuffer
 .text.USBD_CDC_SetRxBuffer
                0x08006a2a       0x26 ./Middlewares/ST/STM32_USB_Device_Library/Class/CDC/Src/usbd_cdc.o
                0x08006a2a                USBD_CDC_SetRxBuffer
 .text.USBD_CDC_ReceivePacket
                0x08006a50       0x54 ./Middlewares/ST/STM32_USB_Device_Library/Class/CDC/Src/usbd_cdc.o
                0x08006a50                USBD_CDC_ReceivePacket
 .text.USBD_Init
                0x08006aa4       0x56 ./Middlewares/ST/STM32_USB_Device_Library/Core/Src/usbd_core.o
                0x08006aa4                USBD_Init
 .text.USBD_RegisterClass
                0x08006afa       0x32 ./Middlewares/ST/STM32_USB_Device_Library/Core/Src/usbd_core.o
                0x08006afa                USBD_RegisterClass
 .text.USBD_Start
                0x08006b2c       0x18 ./Middlewares/ST/STM32_USB_Device_Library/Core/Src/usbd_core.o
                0x08006b2c                USBD_Start
 .text.USBD_RunTestMode
                0x08006b44       0x14 ./Middlewares/ST/STM32_USB_Device_Library/Core/Src/usbd_core.o
                0x08006b44                USBD_RunTestMode
 .text.USBD_SetClassConfig
                0x08006b58       0x3e ./Middlewares/ST/STM32_USB_Device_Library/Core/Src/usbd_core.o
                0x08006b58                USBD_SetClassConfig
 .text.USBD_ClrClassConfig
                0x08006b96       0x26 ./Middlewares/ST/STM32_USB_Device_Library/Core/Src/usbd_core.o
                0x08006b96                USBD_ClrClassConfig
 .text.USBD_LL_SetupStage
                0x08006bbc       0x9a ./Middlewares/ST/STM32_USB_Device_Library/Core/Src/usbd_core.o
                0x08006bbc                USBD_LL_SetupStage
 .text.USBD_LL_DataOutStage
                0x08006c56       0xe2 ./Middlewares/ST/STM32_USB_Device_Library/Core/Src/usbd_core.o
                0x08006c56                USBD_LL_DataOutStage
 .text.USBD_LL_DataInStage
                0x08006d38      0x14a ./Middlewares/ST/STM32_USB_Device_Library/Core/Src/usbd_core.o
                0x08006d38                USBD_LL_DataInStage
 .text.USBD_LL_Reset
                0x08006e82       0x82 ./Middlewares/ST/STM32_USB_Device_Library/Core/Src/usbd_core.o
                0x08006e82                USBD_LL_Reset
 .text.USBD_LL_SetSpeed
                0x08006f04       0x1e ./Middlewares/ST/STM32_USB_Device_Library/Core/Src/usbd_core.o
                0x08006f04                USBD_LL_SetSpeed
 .text.USBD_LL_Suspend
                0x08006f22       0x28 ./Middlewares/ST/STM32_USB_Device_Library/Core/Src/usbd_core.o
                0x08006f22                USBD_LL_Suspend
 .text.USBD_LL_Resume
                0x08006f4a       0x2a ./Middlewares/ST/STM32_USB_Device_Library/Core/Src/usbd_core.o
                0x08006f4a                USBD_LL_Resume
 .text.USBD_LL_SOF
                0x08006f74       0x34 ./Middlewares/ST/STM32_USB_Device_Library/Core/Src/usbd_core.o
                0x08006f74                USBD_LL_SOF
 .text.USBD_StdDevReq
                0x08006fa8       0xd4 ./Middlewares/ST/STM32_USB_Device_Library/Core/Src/usbd_ctlreq.o
                0x08006fa8                USBD_StdDevReq
 .text.USBD_StdItfReq
                0x0800707c       0x90 ./Middlewares/ST/STM32_USB_Device_Library/Core/Src/usbd_ctlreq.o
                0x0800707c                USBD_StdItfReq
 .text.USBD_StdEPReq
                0x0800710c      0x2c6 ./Middlewares/ST/STM32_USB_Device_Library/Core/Src/usbd_ctlreq.o
                0x0800710c                USBD_StdEPReq
 *fill*         0x080073d2        0x2 
 .text.USBD_GetDescriptor
                0x080073d4      0x2d0 ./Middlewares/ST/STM32_USB_Device_Library/Core/Src/usbd_ctlreq.o
 .text.USBD_SetAddress
                0x080076a4       0x86 ./Middlewares/ST/STM32_USB_Device_Library/Core/Src/usbd_ctlreq.o
 *fill*         0x0800772a        0x2 
 .text.USBD_SetConfig
                0x0800772c      0x11c ./Middlewares/ST/STM32_USB_Device_Library/Core/Src/usbd_ctlreq.o
 .text.USBD_GetConfig
                0x08007848       0x6a ./Middlewares/ST/STM32_USB_Device_Library/Core/Src/usbd_ctlreq.o
 .text.USBD_GetStatus
                0x080078b2       0x66 ./Middlewares/ST/STM32_USB_Device_Library/Core/Src/usbd_ctlreq.o
 .text.USBD_SetFeature
                0x08007918       0x28 ./Middlewares/ST/STM32_USB_Device_Library/Core/Src/usbd_ctlreq.o
 .text.USBD_ClrFeature
                0x08007940       0x42 ./Middlewares/ST/STM32_USB_Device_Library/Core/Src/usbd_ctlreq.o
 .text.USBD_ParseSetupRequest
                0x08007982       0x72 ./Middlewares/ST/STM32_USB_Device_Library/Core/Src/usbd_ctlreq.o
                0x08007982                USBD_ParseSetupRequest
 .text.USBD_CtlError
                0x080079f4       0x22 ./Middlewares/ST/STM32_USB_Device_Library/Core/Src/usbd_ctlreq.o
                0x080079f4                USBD_CtlError
 .text.USBD_GetString
                0x08007a16       0x84 ./Middlewares/ST/STM32_USB_Device_Library/Core/Src/usbd_ctlreq.o
                0x08007a16                USBD_GetString
 .text.USBD_GetLen
                0x08007a9a       0x2e ./Middlewares/ST/STM32_USB_Device_Library/Core/Src/usbd_ctlreq.o
 .text.USBD_CtlSendData
                0x08007ac8       0x38 ./Middlewares/ST/STM32_USB_Device_Library/Core/Src/usbd_ioreq.o
                0x08007ac8                USBD_CtlSendData
 .text.USBD_CtlContinueSendData
                0x08007b00       0x24 ./Middlewares/ST/STM32_USB_Device_Library/Core/Src/usbd_ioreq.o
                0x08007b00                USBD_CtlContinueSendData
 .text.USBD_CtlPrepareRx
                0x08007b24       0x3c ./Middlewares/ST/STM32_USB_Device_Library/Core/Src/usbd_ioreq.o
                0x08007b24                USBD_CtlPrepareRx
 .text.USBD_CtlContinueRx
                0x08007b60       0x24 ./Middlewares/ST/STM32_USB_Device_Library/Core/Src/usbd_ioreq.o
                0x08007b60                USBD_CtlContinueRx
 .text.USBD_CtlSendStatus
                0x08007b84       0x26 ./Middlewares/ST/STM32_USB_Device_Library/Core/Src/usbd_ioreq.o
                0x08007b84                USBD_CtlSendStatus
 .text.USBD_CtlReceiveStatus
                0x08007baa       0x26 ./Middlewares/ST/STM32_USB_Device_Library/Core/Src/usbd_ioreq.o
                0x08007baa                USBD_CtlReceiveStatus
 .text.makeFreeRtosPriority
                0x08007bd0       0x2e ./Middlewares/Third_Party/FreeRTOS/Source/CMSIS_RTOS/cmsis_os.o
 .text.osKernelStart
                0x08007bfe        0xe ./Middlewares/Third_Party/FreeRTOS/Source/CMSIS_RTOS/cmsis_os.o
                0x08007bfe                osKernelStart
 .text.osThreadCreate
                0x08007c0c       0x98 ./Middlewares/Third_Party/FreeRTOS/Source/CMSIS_RTOS/cmsis_os.o
                0x08007c0c                osThreadCreate
 .text.osDelay  0x08007ca4       0x28 ./Middlewares/Third_Party/FreeRTOS/Source/CMSIS_RTOS/cmsis_os.o
                0x08007ca4                osDelay
 .text.vListInitialise
                0x08007ccc       0x3e ./Middlewares/Third_Party/FreeRTOS/Source/list.o
                0x08007ccc                vListInitialise
 .text.vListInitialiseItem
                0x08007d0a       0x18 ./Middlewares/Third_Party/FreeRTOS/Source/list.o
                0x08007d0a                vListInitialiseItem
 .text.vListInsertEnd
                0x08007d22       0x46 ./Middlewares/Third_Party/FreeRTOS/Source/list.o
                0x08007d22                vListInsertEnd
 .text.vListInsert
                0x08007d68       0x70 ./Middlewares/Third_Party/FreeRTOS/Source/list.o
                0x08007d68                vListInsert
 .text.uxListRemove
                0x08007dd8       0x52 ./Middlewares/Third_Party/FreeRTOS/Source/list.o
                0x08007dd8                uxListRemove
 .text.xTaskCreateStatic
                0x08007e2a       0xc0 ./Middlewares/Third_Party/FreeRTOS/Source/tasks.o
                0x08007e2a                xTaskCreateStatic
 .text.xTaskCreate
                0x08007eea       0x8a ./Middlewares/Third_Party/FreeRTOS/Source/tasks.o
                0x08007eea                xTaskCreate
 .text.prvInitialiseNewTask
                0x08007f74      0x110 ./Middlewares/Third_Party/FreeRTOS/Source/tasks.o
 .text.prvAddNewTaskToReadyList
                0x08008084       0xd4 ./Middlewares/Third_Party/FreeRTOS/Source/tasks.o
 .text.vTaskDelay
                0x08008158       0x6c ./Middlewares/Third_Party/FreeRTOS/Source/tasks.o
                0x08008158                vTaskDelay
 .text.vTaskStartScheduler
                0x080081c4       0xc4 ./Middlewares/Third_Party/FreeRTOS/Source/tasks.o
                0x080081c4                vTaskStartScheduler
 .text.vTaskSuspendAll
                0x08008288       0x1c ./Middlewares/Third_Party/FreeRTOS/Source/tasks.o
                0x08008288                vTaskSuspendAll
 .text.xTaskResumeAll
                0x080082a4      0x13c ./Middlewares/Third_Party/FreeRTOS/Source/tasks.o
                0x080082a4                xTaskResumeAll
 .text.xTaskIncrementTick
                0x080083e0      0x174 ./Middlewares/Third_Party/FreeRTOS/Source/tasks.o
                0x080083e0                xTaskIncrementTick
 .text.vTaskSwitchContext
                0x08008554       0xb8 ./Middlewares/Third_Party/FreeRTOS/Source/tasks.o
                0x08008554                vTaskSwitchContext
 .text.prvIdleTask
                0x0800860c       0x30 ./Middlewares/Third_Party/FreeRTOS/Source/tasks.o
 .text.prvInitialiseTaskLists
                0x0800863c       0x80 ./Middlewares/Third_Party/FreeRTOS/Source/tasks.o
 .text.prvCheckTasksWaitingTermination
                0x080086bc       0x5c ./Middlewares/Third_Party/FreeRTOS/Source/tasks.o
 .text.prvDeleteTCB
                0x08008718       0x60 ./Middlewares/Third_Party/FreeRTOS/Source/tasks.o
 .text.prvResetNextTaskUnblockTime
                0x08008778       0x40 ./Middlewares/Third_Party/FreeRTOS/Source/tasks.o
 .text.xTaskGetSchedulerState
                0x080087b8       0x3c ./Middlewares/Third_Party/FreeRTOS/Source/tasks.o
                0x080087b8                xTaskGetSchedulerState
 .text.prvAddCurrentTaskToDelayedList
                0x080087f4       0xcc ./Middlewares/Third_Party/FreeRTOS/Source/tasks.o
 .text.pxPortInitialiseStack
                0x080088c0       0x58 ./Middlewares/Third_Party/FreeRTOS/Source/portable/GCC/ARM_CM3/port.o
                0x080088c0                pxPortInitialiseStack
 .text.prvTaskExitError
                0x08008918       0x58 ./Middlewares/Third_Party/FreeRTOS/Source/portable/GCC/ARM_CM3/port.o
 .text.SVC_Handler
                0x08008970       0x28 ./Middlewares/Third_Party/FreeRTOS/Source/portable/GCC/ARM_CM3/port.o
                0x08008970                SVC_Handler
 .text.prvPortStartFirstTask
                0x08008998       0x20 ./Middlewares/Third_Party/FreeRTOS/Source/portable/GCC/ARM_CM3/port.o
 .text.xPortStartScheduler
                0x080089b8       0xe4 ./Middlewares/Third_Party/FreeRTOS/Source/portable/GCC/ARM_CM3/port.o
                0x080089b8                xPortStartScheduler
 .text.vPortEnterCritical
                0x08008a9c       0x60 ./Middlewares/Third_Party/FreeRTOS/Source/portable/GCC/ARM_CM3/port.o
                0x08008a9c                vPortEnterCritical
 .text.vPortExitCritical
                0x08008afc       0x54 ./Middlewares/Third_Party/FreeRTOS/Source/portable/GCC/ARM_CM3/port.o
                0x08008afc                vPortExitCritical
 .text.PendSV_Handler
                0x08008b50       0x48 ./Middlewares/Third_Party/FreeRTOS/Source/portable/GCC/ARM_CM3/port.o
                0x08008b50                PendSV_Handler
 .text.xPortSysTickHandler
                0x08008b98       0x44 ./Middlewares/Third_Party/FreeRTOS/Source/portable/GCC/ARM_CM3/port.o
                0x08008b98                xPortSysTickHandler
 .text.vPortSetupTimerInterrupt
                0x08008bdc       0x44 ./Middlewares/Third_Party/FreeRTOS/Source/portable/GCC/ARM_CM3/port.o
                0x08008bdc                vPortSetupTimerInterrupt
 .text.pvPortMalloc
                0x08008c20      0x19c ./Middlewares/Third_Party/FreeRTOS/Source/portable/MemMang/heap_4.o
                0x08008c20                pvPortMalloc
 .text.vPortFree
                0x08008dbc       0xc8 ./Middlewares/Third_Party/FreeRTOS/Source/portable/MemMang/heap_4.o
                0x08008dbc                vPortFree
 .text.prvHeapInit
                0x08008e84       0xc4 ./Middlewares/Third_Party/FreeRTOS/Source/portable/MemMang/heap_4.o
 .text.prvInsertBlockIntoFreeList
                0x08008f48       0xb0 ./Middlewares/Third_Party/FreeRTOS/Source/portable/MemMang/heap_4.o
 .text.MX_USB_DEVICE_Init
                0x08008ff8       0x60 ./USB_DEVICE/App/usb_device.o
                0x08008ff8                MX_USB_DEVICE_Init
 .text.CDC_Init_FS
                0x08009058       0x28 ./USB_DEVICE/App/usbd_cdc_if.o
 .text.CDC_DeInit_FS
                0x08009080        0xe ./USB_DEVICE/App/usbd_cdc_if.o
 *fill*         0x0800908e        0x2 
 .text.CDC_Control_FS
                0x08009090       0xbc ./USB_DEVICE/App/usbd_cdc_if.o
 .text.CDC_Receive_FS
                0x0800914c       0x28 ./USB_DEVICE/App/usbd_cdc_if.o
 .text.USBD_FS_DeviceDescriptor
                0x08009174       0x24 ./USB_DEVICE/App/usbd_desc.o
                0x08009174                USBD_FS_DeviceDescriptor
 .text.USBD_FS_LangIDStrDescriptor
                0x08009198       0x24 ./USB_DEVICE/App/usbd_desc.o
                0x08009198                USBD_FS_LangIDStrDescriptor
 .text.USBD_FS_ProductStrDescriptor
                0x080091bc       0x3c ./USB_DEVICE/App/usbd_desc.o
                0x080091bc                USBD_FS_ProductStrDescriptor
 .text.USBD_FS_ManufacturerStrDescriptor
                0x080091f8       0x28 ./USB_DEVICE/App/usbd_desc.o
                0x080091f8                USBD_FS_ManufacturerStrDescriptor
 .text.USBD_FS_SerialStrDescriptor
                0x08009220       0x24 ./USB_DEVICE/App/usbd_desc.o
                0x08009220                USBD_FS_SerialStrDescriptor
 .text.USBD_FS_ConfigStrDescriptor
                0x08009244       0x3c ./USB_DEVICE/App/usbd_desc.o
                0x08009244                USBD_FS_ConfigStrDescriptor
 .text.USBD_FS_InterfaceStrDescriptor
                0x08009280       0x3c ./USB_DEVICE/App/usbd_desc.o
                0x08009280                USBD_FS_InterfaceStrDescriptor
 .text.Get_SerialNum
                0x080092bc       0x58 ./USB_DEVICE/App/usbd_desc.o
 .text.IntToUnicode
                0x08009314       0x7c ./USB_DEVICE/App/usbd_desc.o
 .text.HAL_PCD_MspInit
                0x08009390       0x4c ./USB_DEVICE/Target/usbd_conf.o
                0x08009390                HAL_PCD_MspInit
 .text.HAL_PCD_SetupStageCallback
                0x080093dc       0x24 ./USB_DEVICE/Target/usbd_conf.o
                0x080093dc                HAL_PCD_SetupStageCallback
 .text.HAL_PCD_DataOutStageCallback
                0x08009400       0x36 ./USB_DEVICE/Target/usbd_conf.o
                0x08009400                HAL_PCD_DataOutStageCallback
 .text.HAL_PCD_DataInStageCallback
                0x08009436       0x34 ./USB_DEVICE/Target/usbd_conf.o
                0x08009436                HAL_PCD_DataInStageCallback
 .text.HAL_PCD_SOFCallback
                0x0800946a       0x1c ./USB_DEVICE/Target/usbd_conf.o
                0x0800946a                HAL_PCD_SOFCallback
 .text.HAL_PCD_ResetCallback
                0x08009486       0x3c ./USB_DEVICE/Target/usbd_conf.o
                0x08009486                HAL_PCD_ResetCallback
 *fill*         0x080094c2        0x2 
 .text.HAL_PCD_SuspendCallback
                0x080094c4       0x34 ./USB_DEVICE/Target/usbd_conf.o
                0x080094c4                HAL_PCD_SuspendCallback
 .text.HAL_PCD_ResumeCallback
                0x080094f8       0x1c ./USB_DEVICE/Target/usbd_conf.o
                0x080094f8                HAL_PCD_ResumeCallback
 .text.USBD_LL_Init
                0x08009514       0xb4 ./USB_DEVICE/Target/usbd_conf.o
                0x08009514                USBD_LL_Init
 .text.USBD_LL_Start
                0x080095c8       0x36 ./USB_DEVICE/Target/usbd_conf.o
                0x080095c8                USBD_LL_Start
 .text.USBD_LL_OpenEP
                0x080095fe       0x4c ./USB_DEVICE/Target/usbd_conf.o
                0x080095fe                USBD_LL_OpenEP
 .text.USBD_LL_CloseEP
                0x0800964a       0x3e ./USB_DEVICE/Target/usbd_conf.o
                0x0800964a                USBD_LL_CloseEP
 .text.USBD_LL_StallEP
                0x08009688       0x3e ./USB_DEVICE/Target/usbd_conf.o
                0x08009688                USBD_LL_StallEP
 .text.USBD_LL_ClearStallEP
                0x080096c6       0x3e ./USB_DEVICE/Target/usbd_conf.o
                0x080096c6                USBD_LL_ClearStallEP
 .text.USBD_LL_IsStallEP
                0x08009704       0x56 ./USB_DEVICE/Target/usbd_conf.o
                0x08009704                USBD_LL_IsStallEP
 .text.USBD_LL_SetUSBAddress
                0x0800975a       0x3e ./USB_DEVICE/Target/usbd_conf.o
                0x0800975a                USBD_LL_SetUSBAddress
 .text.USBD_LL_Transmit
                0x08009798       0x46 ./USB_DEVICE/Target/usbd_conf.o
                0x08009798                USBD_LL_Transmit
 .text.USBD_LL_PrepareReceive
                0x080097de       0x46 ./USB_DEVICE/Target/usbd_conf.o
                0x080097de                USBD_LL_PrepareReceive
 .text.USBD_LL_GetRxDataSize
                0x08009824       0x26 ./USB_DEVICE/Target/usbd_conf.o
                0x08009824                USBD_LL_GetRxDataSize
 *fill*         0x0800984a        0x2 
 .text.USBD_static_malloc
                0x0800984c       0x18 ./USB_DEVICE/Target/usbd_conf.o
                0x0800984c                USBD_static_malloc
 .text.USBD_static_free
                0x08009864       0x12 ./USB_DEVICE/Target/usbd_conf.o
                0x08009864                USBD_static_free
 .text.HAL_PCDEx_SetConnectionState
                0x08009876       0x16 ./USB_DEVICE/Target/usbd_conf.o
                0x08009876                HAL_PCDEx_SetConnectionState
 .text.USBD_Get_USB_Status
                0x0800988c       0x58 ./USB_DEVICE/Target/usbd_conf.o
 .text.memset   0x080098e4       0x10 /opt/st/stm32cubeide_1.19.0/plugins/com.st.stm32cube.ide.mcu.externaltools.gnu-tools-for-stm32.13.3.rel1.linux64_1.0.0.202410170706/tools/bin/../lib/gcc/arm-none-eabi/13.3.1/../../../../arm-none-eabi/lib/thumb/v7-m/nofp/libc_nano.a(libc_a-memset.o)
                0x080098e4                memset
 .text.__libc_init_array
                0x080098f4       0x48 /opt/st/stm32cubeide_1.19.0/plugins/com.st.stm32cube.ide.mcu.externaltools.gnu-tools-for-stm32.13.3.rel1.linux64_1.0.0.202410170706/tools/bin/../lib/gcc/arm-none-eabi/13.3.1/../../../../arm-none-eabi/lib/thumb/v7-m/nofp/libc_nano.a(libc_a-init.o)
                0x080098f4                __libc_init_array
 *(.glue_7)
 .glue_7        0x0800993c        0x0 linker stubs
 *(.glue_7t)
 .glue_7t       0x0800993c        0x0 linker stubs
 *(.eh_frame)
 .eh_frame      0x0800993c        0x0 /opt/st/stm32cubeide_1.19.0/plugins/com.st.stm32cube.ide.mcu.externaltools.gnu-tools-for-stm32.13.3.rel1.linux64_1.0.0.202410170706/tools/bin/../lib/gcc/arm-none-eabi/13.3.1/thumb/v7-m/nofp/crtbegin.o
 *(.init)
 .init          0x0800993c        0x4 /opt/st/stm32cubeide_1.19.0/plugins/com.st.stm32cube.ide.mcu.externaltools.gnu-tools-for-stm32.13.3.rel1.linux64_1.0.0.202410170706/tools/bin/../lib/gcc/arm-none-eabi/13.3.1/thumb/v7-m/nofp/crti.o
                0x0800993c                _init
 .init          0x08009940        0x8 /opt/st/stm32cubeide_1.19.0/plugins/com.st.stm32cube.ide.mcu.externaltools.gnu-tools-for-stm32.13.3.rel1.linux64_1.0.0.202410170706/tools/bin/../lib/gcc/arm-none-eabi/13.3.1/thumb/v7-m/nofp/crtn.o
 *(.fini)
 .fini          0x08009948        0x4 /opt/st/stm32cubeide_1.19.0/plugins/com.st.stm32cube.ide.mcu.externaltools.gnu-tools-for-stm32.13.3.rel1.linux64_1.0.0.202410170706/tools/bin/../lib/gcc/arm-none-eabi/13.3.1/thumb/v7-m/nofp/crti.o
                0x08009948                _fini
 .fini          0x0800994c        0x8 /opt/st/stm32cubeide_1.19.0/plugins/com.st.stm32cube.ide.mcu.externaltools.gnu-tools-for-stm32.13.3.rel1.linux64_1.0.0.202410170706/tools/bin/../lib/gcc/arm-none-eabi/13.3.1/thumb/v7-m/nofp/crtn.o
                0x08009954                        . = ALIGN (0x4)
                0x08009954                        _etext = .

.vfp11_veneer   0x08009954        0x0
 .vfp11_veneer  0x08009954        0x0 linker stubs

.v4_bx          0x08009954        0x0
 .v4_bx         0x08009954        0x0 linker stubs

.iplt           0x08009954        0x0
 .iplt          0x08009954        0x0 /opt/st/stm32cubeide_1.19.0/plugins/com.st.stm32cube.ide.mcu.externaltools.gnu-tools-for-stm32.13.3.rel1.linux64_1.0.0.202410170706/tools/bin/../lib/gcc/arm-none-eabi/13.3.1/thumb/v7-m/nofp/crtbegin.o

.rodata         0x08009954       0xa4
                0x08009954                        . = ALIGN (0x4)
 *(.rodata)
 .rodata        0x08009954       0x28 ./Core/Src/freertos.o
 .rodata        0x0800997c        0x5 ./Middlewares/Third_Party/FreeRTOS/Source/tasks.o
 *fill*         0x08009981        0x3 
 .rodata        0x08009984       0x46 ./USB_DEVICE/App/usbd_desc.o
 *(.rodata*)
 *fill*         0x080099ca        0x2 
 .rodata.AHBPrescTable
                0x080099cc       0x10 ./Core/Src/system_stm32f1xx.o
                0x080099cc                AHBPrescTable
 .rodata.APBPrescTable
                0x080099dc        0x8 ./Core/Src/system_stm32f1xx.o
                0x080099dc                APBPrescTable
 .rodata.aPLLMULFactorTable.1
                0x080099e4       0x10 ./Drivers/STM32F1xx_HAL_Driver/Src/stm32f1xx_hal_rcc.o
 .rodata.aPredivFactorTable.0
                0x080099f4        0x2 ./Drivers/STM32F1xx_HAL_Driver/Src/stm32f1xx_hal_rcc.o
                0x080099f8                        . = ALIGN (0x4)
 *fill*         0x080099f6        0x2 

.ARM.extab      0x080099f8        0x0
                0x080099f8                        . = ALIGN (0x4)
 *(.ARM.extab* .gnu.linkonce.armextab.*)
                0x080099f8                        . = ALIGN (0x4)

.ARM            0x080099f8        0x0
                0x080099f8                        . = ALIGN (0x4)
                0x080099f8                        __exidx_start = .
 *(.ARM.exidx*)
                0x080099f8                        __exidx_end = .
                0x080099f8                        . = ALIGN (0x4)

.preinit_array  0x080099f8        0x0
                0x080099f8                        . = ALIGN (0x4)
                0x080099f8                        PROVIDE (__preinit_array_start = .)
 *(.preinit_array*)
                0x080099f8                        PROVIDE (__preinit_array_end = .)
                0x080099f8                        . = ALIGN (0x4)

.init_array     0x080099f8        0x4
                0x080099f8                        . = ALIGN (0x4)
                0x080099f8                        PROVIDE (__init_array_start = .)
 *(SORT_BY_NAME(.init_array.*))
 *(.init_array*)
 .init_array    0x080099f8        0x4 /opt/st/stm32cubeide_1.19.0/plugins/com.st.stm32cube.ide.mcu.externaltools.gnu-tools-for-stm32.13.3.rel1.linux64_1.0.0.202410170706/tools/bin/../lib/gcc/arm-none-eabi/13.3.1/thumb/v7-m/nofp/crtbegin.o
                0x080099fc                        PROVIDE (__init_array_end = .)
                0x080099fc                        . = ALIGN (0x4)

.fini_array     0x080099fc        0x4
                0x080099fc                        . = ALIGN (0x4)
                [!provide]                        PROVIDE (__fini_array_start = .)
 *(SORT_BY_NAME(.fini_array.*))
 *(.fini_array*)
 .fini_array    0x080099fc        0x4 /opt/st/stm32cubeide_1.19.0/plugins/com.st.stm32cube.ide.mcu.externaltools.gnu-tools-for-stm32.13.3.rel1.linux64_1.0.0.202410170706/tools/bin/../lib/gcc/arm-none-eabi/13.3.1/thumb/v7-m/nofp/crtbegin.o
                [!provide]                        PROVIDE (__fini_array_end = .)
                0x08009a00                        . = ALIGN (0x4)
                0x08009a00                        _sidata = LOADADDR (.data)

.rel.dyn        0x08009a00        0x0
 .rel.iplt      0x08009a00        0x0 /opt/st/stm32cubeide_1.19.0/plugins/com.st.stm32cube.ide.mcu.externaltools.gnu-tools-for-stm32.13.3.rel1.linux64_1.0.0.202410170706/tools/bin/../lib/gcc/arm-none-eabi/13.3.1/thumb/v7-m/nofp/crtbegin.o

.data           0x20000000      0x180 load address 0x08009a00
                0x20000000                        . = ALIGN (0x4)
                0x20000000                        _sdata = .
 *(.data)
 *(.data*)
 .data.SystemCoreClock
                0x20000000        0x4 ./Core/Src/system_stm32f1xx.o
                0x20000000                SystemCoreClock
 .data.uwTickPrio
                0x20000004        0x4 ./Drivers/STM32F1xx_HAL_Driver/Src/stm32f1xx_hal.o
                0x20000004                uwTickPrio
 .data.uwTickFreq
                0x20000008        0x1 ./Drivers/STM32F1xx_HAL_Driver/Src/stm32f1xx_hal.o
                0x20000008                uwTickFreq
 *fill*         0x20000009        0x3 
 .data.USBD_CDC_DeviceQualifierDesc
                0x2000000c        0xa ./Middlewares/ST/STM32_USB_Device_Library/Class/CDC/Src/usbd_cdc.o
 *fill*         0x20000016        0x2 
 .data.USBD_CDC
                0x20000018       0x38 ./Middlewares/ST/STM32_USB_Device_Library/Class/CDC/Src/usbd_cdc.o
                0x20000018                USBD_CDC
 .data.USBD_CDC_CfgHSDesc
                0x20000050       0x43 ./Middlewares/ST/STM32_USB_Device_Library/Class/CDC/Src/usbd_cdc.o
                0x20000050                USBD_CDC_CfgHSDesc
 *fill*         0x20000093        0x1 
 .data.USBD_CDC_CfgFSDesc
                0x20000094       0x43 ./Middlewares/ST/STM32_USB_Device_Library/Class/CDC/Src/usbd_cdc.o
                0x20000094                USBD_CDC_CfgFSDesc
 *fill*         0x200000d7        0x1 
 .data.USBD_CDC_OtherSpeedCfgDesc
                0x200000d8       0x43 ./Middlewares/ST/STM32_USB_Device_Library/Class/CDC/Src/usbd_cdc.o
                0x200000d8                USBD_CDC_OtherSpeedCfgDesc
 *fill*         0x2000011b        0x1 
 .data.uxCriticalNesting
                0x2000011c        0x4 ./Middlewares/Third_Party/FreeRTOS/Source/portable/GCC/ARM_CM3/port.o
 .data.USBD_Interface_fops_FS
                0x20000120       0x10 ./USB_DEVICE/App/usbd_cdc_if.o
                0x20000120                USBD_Interface_fops_FS
 .data.FS_Desc  0x20000130       0x1c ./USB_DEVICE/App/usbd_desc.o
                0x20000130                FS_Desc
 .data.USBD_FS_DeviceDesc
                0x2000014c       0x12 ./USB_DEVICE/App/usbd_desc.o
                0x2000014c                USBD_FS_DeviceDesc
 *fill*         0x2000015e        0x2 
 .data.USBD_LangIDDesc
                0x20000160        0x4 ./USB_DEVICE/App/usbd_desc.o
                0x20000160                USBD_LangIDDesc
 .data.USBD_StringSerial
                0x20000164       0x1a ./USB_DEVICE/App/usbd_desc.o
                0x20000164                USBD_StringSerial
 *(.RamFunc)
 *(.RamFunc*)
                0x20000180                        . = ALIGN (0x4)
 *fill*         0x2000017e        0x2 
                0x20000180                        _edata = .

.igot.plt       0x20000180        0x0 load address 0x08009b80
 .igot.plt      0x20000180        0x0 /opt/st/stm32cubeide_1.19.0/plugins/com.st.stm32cube.ide.mcu.externaltools.gnu-tools-for-stm32.13.3.rel1.linux64_1.0.0.202410170706/tools/bin/../lib/gcc/arm-none-eabi/13.3.1/thumb/v7-m/nofp/crtbegin.o
                0x20000180                        . = ALIGN (0x4)

.bss            0x20000180     0x2264 load address 0x08009b80
                0x20000180                        _sbss = .
                0x20000180                        __bss_start__ = _sbss
 *(.bss)
 .bss           0x20000180       0x1c /opt/st/stm32cubeide_1.19.0/plugins/com.st.stm32cube.ide.mcu.externaltools.gnu-tools-for-stm32.13.3.rel1.linux64_1.0.0.202410170706/tools/bin/../lib/gcc/arm-none-eabi/13.3.1/thumb/v7-m/nofp/crtbegin.o
 *(.bss*)
 .bss.defaultTaskHandle
                0x2000019c        0x4 ./Core/Src/freertos.o
                0x2000019c                defaultTaskHandle
 .bss.xIdleTaskTCBBuffer
                0x200001a0       0x54 ./Core/Src/freertos.o
 .bss.xIdleStack
                0x200001f4      0x200 ./Core/Src/freertos.o
 .bss.htim2     0x200003f4       0x48 ./Core/Src/tim.o
                0x200003f4                htim2
 .bss.htim3     0x2000043c       0x48 ./Core/Src/tim.o
                0x2000043c                htim3
 .bss.huart1    0x20000484       0x48 ./Core/Src/usart.o
                0x20000484                huart1
 .bss.uwTick    0x200004cc        0x4 ./Drivers/STM32F1xx_HAL_Driver/Src/stm32f1xx_hal.o
                0x200004cc                uwTick
 .bss.cfgidx.0  0x200004d0        0x1 ./Middlewares/ST/STM32_USB_Device_Library/Core/Src/usbd_ctlreq.o
 *fill*         0x200004d1        0x3 
 .bss.pxCurrentTCB
                0x200004d4        0x4 ./Middlewares/Third_Party/FreeRTOS/Source/tasks.o
                0x200004d4                pxCurrentTCB
 .bss.pxReadyTasksLists
                0x200004d8       0x8c ./Middlewares/Third_Party/FreeRTOS/Source/tasks.o
 .bss.xDelayedTaskList1
                0x20000564       0x14 ./Middlewares/Third_Party/FreeRTOS/Source/tasks.o
 .bss.xDelayedTaskList2
                0x20000578       0x14 ./Middlewares/Third_Party/FreeRTOS/Source/tasks.o
 .bss.pxDelayedTaskList
                0x2000058c        0x4 ./Middlewares/Third_Party/FreeRTOS/Source/tasks.o
 .bss.pxOverflowDelayedTaskList
                0x20000590        0x4 ./Middlewares/Third_Party/FreeRTOS/Source/tasks.o
 .bss.xPendingReadyList
                0x20000594       0x14 ./Middlewares/Third_Party/FreeRTOS/Source/tasks.o
 .bss.xTasksWaitingTermination
                0x200005a8       0x14 ./Middlewares/Third_Party/FreeRTOS/Source/tasks.o
 .bss.uxDeletedTasksWaitingCleanUp
                0x200005bc        0x4 ./Middlewares/Third_Party/FreeRTOS/Source/tasks.o
 .bss.xSuspendedTaskList
                0x200005c0       0x14 ./Middlewares/Third_Party/FreeRTOS/Source/tasks.o
 .bss.uxCurrentNumberOfTasks
                0x200005d4        0x4 ./Middlewares/Third_Party/FreeRTOS/Source/tasks.o
 .bss.xTickCount
                0x200005d8        0x4 ./Middlewares/Third_Party/FreeRTOS/Source/tasks.o
 .bss.uxTopReadyPriority
                0x200005dc        0x4 ./Middlewares/Third_Party/FreeRTOS/Source/tasks.o
 .bss.xSchedulerRunning
                0x200005e0        0x4 ./Middlewares/Third_Party/FreeRTOS/Source/tasks.o
 .bss.xPendedTicks
                0x200005e4        0x4 ./Middlewares/Third_Party/FreeRTOS/Source/tasks.o
 .bss.xYieldPending
                0x200005e8        0x4 ./Middlewares/Third_Party/FreeRTOS/Source/tasks.o
 .bss.xNumOfOverflows
                0x200005ec        0x4 ./Middlewares/Third_Party/FreeRTOS/Source/tasks.o
 .bss.uxTaskNumber
                0x200005f0        0x4 ./Middlewares/Third_Party/FreeRTOS/Source/tasks.o
 .bss.xNextTaskUnblockTime
                0x200005f4        0x4 ./Middlewares/Third_Party/FreeRTOS/Source/tasks.o
 .bss.xIdleTaskHandle
                0x200005f8        0x4 ./Middlewares/Third_Party/FreeRTOS/Source/tasks.o
 .bss.uxSchedulerSuspended
                0x200005fc        0x4 ./Middlewares/Third_Party/FreeRTOS/Source/tasks.o
 .bss.ucMaxSysCallPriority
                0x20000600        0x1 ./Middlewares/Third_Party/FreeRTOS/Source/portable/GCC/ARM_CM3/port.o
 *fill*         0x20000601        0x3 
 .bss.ulMaxPRIGROUPValue
                0x20000604        0x4 ./Middlewares/Third_Party/FreeRTOS/Source/portable/GCC/ARM_CM3/port.o
 .bss.ucHeap    0x20000608      0xc00 ./Middlewares/Third_Party/FreeRTOS/Source/portable/MemMang/heap_4.o
 .bss.xStart    0x20001208        0x8 ./Middlewares/Third_Party/FreeRTOS/Source/portable/MemMang/heap_4.o
 .bss.pxEnd     0x20001210        0x4 ./Middlewares/Third_Party/FreeRTOS/Source/portable/MemMang/heap_4.o
 .bss.xFreeBytesRemaining
                0x20001214        0x4 ./Middlewares/Third_Party/FreeRTOS/Source/portable/MemMang/heap_4.o
 .bss.xMinimumEverFreeBytesRemaining
                0x20001218        0x4 ./Middlewares/Third_Party/FreeRTOS/Source/portable/MemMang/heap_4.o
 .bss.xNumberOfSuccessfulAllocations
                0x2000121c        0x4 ./Middlewares/Third_Party/FreeRTOS/Source/portable/MemMang/heap_4.o
 .bss.xNumberOfSuccessfulFrees
                0x20001220        0x4 ./Middlewares/Third_Party/FreeRTOS/Source/portable/MemMang/heap_4.o
 .bss.xBlockAllocatedBit
                0x20001224        0x4 ./Middlewares/Third_Party/FreeRTOS/Source/portable/MemMang/heap_4.o
 .bss.hUsbDeviceFS
                0x20001228      0x2c4 ./USB_DEVICE/App/usb_device.o
                0x20001228                hUsbDeviceFS
 .bss.UserRxBufferFS
                0x200014ec      0x400 ./USB_DEVICE/App/usbd_cdc_if.o
                0x200014ec                UserRxBufferFS
 .bss.UserTxBufferFS
                0x200018ec      0x400 ./USB_DEVICE/App/usbd_cdc_if.o
                0x200018ec                UserTxBufferFS
 .bss.USBD_StrDesc
                0x20001cec      0x200 ./USB_DEVICE/App/usbd_desc.o
                0x20001cec                USBD_StrDesc
 .bss.hpcd_USB_FS
                0x20001eec      0x2d8 ./USB_DEVICE/Target/usbd_conf.o
                0x20001eec                hpcd_USB_FS
 .bss.mem.0     0x200021c4      0x220 ./USB_DEVICE/Target/usbd_conf.o
 *(COMMON)
                0x200023e4                        . = ALIGN (0x4)
                0x200023e4                        _ebss = .
                0x200023e4                        __bss_end__ = _ebss

._user_heap_stack
                0x200023e4      0x604 load address 0x08009b80
                0x200023e8                        . = ALIGN (0x8)
 *fill*         0x200023e4        0x4 
                [!provide]                        PROVIDE (end = .)
                0x200023e8                        PROVIDE (_end = .)
                0x200025e8                        . = (. + _Min_Heap_Size)
 *fill*         0x200023e8      0x200 
                0x200029e8                        . = (. + _Min_Stack_Size)
 *fill*         0x200025e8      0x400 
                0x200029e8                        . = ALIGN (0x8)

/DISCARD/
 libc.a(*)
 libm.a(*)
 libgcc.a(*)

.ARM.attributes
                0x00000000       0x29
 *(.ARM.attributes)
 .ARM.attributes
                0x00000000       0x1d /opt/st/stm32cubeide_1.19.0/plugins/com.st.stm32cube.ide.mcu.externaltools.gnu-tools-for-stm32.13.3.rel1.linux64_1.0.0.202410170706/tools/bin/../lib/gcc/arm-none-eabi/13.3.1/thumb/v7-m/nofp/crti.o
 .ARM.attributes
                0x0000001d       0x2d /opt/st/stm32cubeide_1.19.0/plugins/com.st.stm32cube.ide.mcu.externaltools.gnu-tools-for-stm32.13.3.rel1.linux64_1.0.0.202410170706/tools/bin/../lib/gcc/arm-none-eabi/13.3.1/thumb/v7-m/nofp/crtbegin.o
 .ARM.attributes
                0x0000004a       0x2d ./Core/Src/freertos.o
 .ARM.attributes
                0x00000077       0x2d ./Core/Src/gpio.o
 .ARM.attributes
                0x000000a4       0x2d ./Core/Src/main.o
 .ARM.attributes
                0x000000d1       0x2d ./Core/Src/stm32f1xx_hal_msp.o
 .ARM.attributes
                0x000000fe       0x2d ./Core/Src/stm32f1xx_it.o
 .ARM.attributes
                0x0000012b       0x2d ./Core/Src/system_stm32f1xx.o
 .ARM.attributes
                0x00000158       0x2d ./Core/Src/tim.o
 .ARM.attributes
                0x00000185       0x2d ./Core/Src/usart.o
 .ARM.attributes
                0x000001b2       0x21 ./Core/Startup/startup_stm32f103c6tx.o
 .ARM.attributes
                0x000001d3       0x2d ./Drivers/STM32F1xx_HAL_Driver/Src/stm32f1xx_hal.o
 .ARM.attributes
                0x00000200       0x2d ./Drivers/STM32F1xx_HAL_Driver/Src/stm32f1xx_hal_cortex.o
 .ARM.attributes
                0x0000022d       0x2d ./Drivers/STM32F1xx_HAL_Driver/Src/stm32f1xx_hal_gpio.o
 .ARM.attributes
                0x0000025a       0x2d ./Drivers/STM32F1xx_HAL_Driver/Src/stm32f1xx_hal_pcd.o
 .ARM.attributes
                0x00000287       0x2d ./Drivers/STM32F1xx_HAL_Driver/Src/stm32f1xx_hal_pcd_ex.o
 .ARM.attributes
                0x000002b4       0x2d ./Drivers/STM32F1xx_HAL_Driver/Src/stm32f1xx_hal_rcc.o
 .ARM.attributes
                0x000002e1       0x2d ./Drivers/STM32F1xx_HAL_Driver/Src/stm32f1xx_hal_rcc_ex.o
 .ARM.attributes
                0x0000030e       0x2d ./Drivers/STM32F1xx_HAL_Driver/Src/stm32f1xx_hal_tim.o
 .ARM.attributes
                0x0000033b       0x2d ./Drivers/STM32F1xx_HAL_Driver/Src/stm32f1xx_hal_tim_ex.o
 .ARM.attributes
                0x00000368       0x2d ./Drivers/STM32F1xx_HAL_Driver/Src/stm32f1xx_hal_uart.o
 .ARM.attributes
                0x00000395       0x2d ./Drivers/STM32F1xx_HAL_Driver/Src/stm32f1xx_ll_usb.o
 .ARM.attributes
                0x000003c2       0x2d ./Middlewares/ST/STM32_USB_Device_Library/Class/CDC/Src/usbd_cdc.o
 .ARM.attributes
                0x000003ef       0x2d ./Middlewares/ST/STM32_USB_Device_Library/Core/Src/usbd_core.o
 .ARM.attributes
                0x0000041c       0x2d ./Middlewares/ST/STM32_USB_Device_Library/Core/Src/usbd_ctlreq.o
 .ARM.attributes
                0x00000449       0x2d ./Middlewares/ST/STM32_USB_Device_Library/Core/Src/usbd_ioreq.o
 .ARM.attributes
                0x00000476       0x2d ./Middlewares/Third_Party/FreeRTOS/Source/CMSIS_RTOS/cmsis_os.o
 .ARM.attributes
                0x000004a3       0x2d ./Middlewares/Third_Party/FreeRTOS/Source/list.o
 .ARM.attributes
                0x000004d0       0x2d ./Middlewares/Third_Party/FreeRTOS/Source/tasks.o
 .ARM.attributes
                0x000004fd       0x2d ./Middlewares/Third_Party/FreeRTOS/Source/portable/GCC/ARM_CM3/port.o
 .ARM.attributes
                0x0000052a       0x2d ./Middlewares/Third_Party/FreeRTOS/Source/portable/MemMang/heap_4.o
 .ARM.attributes
                0x00000557       0x2d ./USB_DEVICE/App/usb_device.o
 .ARM.attributes
                0x00000584       0x2d ./USB_DEVICE/App/usbd_cdc_if.o
 .ARM.attributes
                0x000005b1       0x2d ./USB_DEVICE/App/usbd_desc.o
 .ARM.attributes
                0x000005de       0x2d ./USB_DEVICE/Target/usbd_conf.o
 .ARM.attributes
                0x0000060b       0x2d /opt/st/stm32cubeide_1.19.0/plugins/com.st.stm32cube.ide.mcu.externaltools.gnu-tools-for-stm32.13.3.rel1.linux64_1.0.0.202410170706/tools/bin/../lib/gcc/arm-none-eabi/13.3.1/../../../../arm-none-eabi/lib/thumb/v7-m/nofp/libc_nano.a(libc_a-memset.o)
 .ARM.attributes
                0x00000638       0x2d /opt/st/stm32cubeide_1.19.0/plugins/com.st.stm32cube.ide.mcu.externaltools.gnu-tools-for-stm32.13.3.rel1.linux64_1.0.0.202410170706/tools/bin/../lib/gcc/arm-none-eabi/13.3.1/../../../../arm-none-eabi/lib/thumb/v7-m/nofp/libc_nano.a(libc_a-init.o)
 .ARM.attributes
                0x00000665       0x1d /opt/st/stm32cubeide_1.19.0/plugins/com.st.stm32cube.ide.mcu.externaltools.gnu-tools-for-stm32.13.3.rel1.linux64_1.0.0.202410170706/tools/bin/../lib/gcc/arm-none-eabi/13.3.1/thumb/v7-m/nofp/crtn.o
OUTPUT(TCPstm32f103c6t6.elf elf32-littlearm)
LOAD linker stubs
LOAD /opt/st/stm32cubeide_1.19.0/plugins/com.st.stm32cube.ide.mcu.externaltools.gnu-tools-for-stm32.13.3.rel1.linux64_1.0.0.202410170706/tools/bin/../lib/gcc/arm-none-eabi/13.3.1/../../../../arm-none-eabi/lib/thumb/v7-m/nofp/libc.a
LOAD /opt/st/stm32cubeide_1.19.0/plugins/com.st.stm32cube.ide.mcu.externaltools.gnu-tools-for-stm32.13.3.rel1.linux64_1.0.0.202410170706/tools/bin/../lib/gcc/arm-none-eabi/13.3.1/../../../../arm-none-eabi/lib/thumb/v7-m/nofp/libm.a
LOAD /opt/st/stm32cubeide_1.19.0/plugins/com.st.stm32cube.ide.mcu.externaltools.gnu-tools-for-stm32.13.3.rel1.linux64_1.0.0.202410170706/tools/bin/../lib/gcc/arm-none-eabi/13.3.1/thumb/v7-m/nofp/libgcc.a

.debug_info     0x00000000    0x1878f
 .debug_info    0x00000000      0x4be ./Core/Src/freertos.o
 .debug_info    0x000004be      0x2b7 ./Core/Src/gpio.o
 .debug_info    0x00000775      0x420 ./Core/Src/main.o
 .debug_info    0x00000b95      0x343 ./Core/Src/stm32f1xx_hal_msp.o
 .debug_info    0x00000ed8      0x60a ./Core/Src/stm32f1xx_it.o
 .debug_info    0x000014e2      0x222 ./Core/Src/system_stm32f1xx.o
 .debug_info    0x00001704      0xadd ./Core/Src/tim.o
 .debug_info    0x000021e1      0x798 ./Core/Src/usart.o
 .debug_info    0x00002979       0x30 ./Core/Startup/startup_stm32f103c6tx.o
 .debug_info    0x000029a9      0x6e6 ./Drivers/STM32F1xx_HAL_Driver/Src/stm32f1xx_hal.o
 .debug_info    0x0000308f      0xa69 ./Drivers/STM32F1xx_HAL_Driver/Src/stm32f1xx_hal_cortex.o
 .debug_info    0x00003af8      0x5ab ./Drivers/STM32F1xx_HAL_Driver/Src/stm32f1xx_hal_gpio.o
 .debug_info    0x000040a3     0x16dc ./Drivers/STM32F1xx_HAL_Driver/Src/stm32f1xx_hal_pcd.o
 .debug_info    0x0000577f      0x6c3 ./Drivers/STM32F1xx_HAL_Driver/Src/stm32f1xx_hal_pcd_ex.o
 .debug_info    0x00005e42      0x7d5 ./Drivers/STM32F1xx_HAL_Driver/Src/stm32f1xx_hal_rcc.o
 .debug_info    0x00006617      0x3c0 ./Drivers/STM32F1xx_HAL_Driver/Src/stm32f1xx_hal_rcc_ex.o
 .debug_info    0x000069d7     0x2959 ./Drivers/STM32F1xx_HAL_Driver/Src/stm32f1xx_hal_tim.o
 .debug_info    0x00009330     0x149b ./Drivers/STM32F1xx_HAL_Driver/Src/stm32f1xx_hal_tim_ex.o
 .debug_info    0x0000a7cb     0x2eed ./Drivers/STM32F1xx_HAL_Driver/Src/stm32f1xx_hal_uart.o
 .debug_info    0x0000d6b8     0x17ae ./Drivers/STM32F1xx_HAL_Driver/Src/stm32f1xx_ll_usb.o
 .debug_info    0x0000ee66     0x1043 ./Middlewares/ST/STM32_USB_Device_Library/Class/CDC/Src/usbd_cdc.o
 .debug_info    0x0000fea9      0xa52 ./Middlewares/ST/STM32_USB_Device_Library/Core/Src/usbd_core.o
 .debug_info    0x000108fb      0x91c ./Middlewares/ST/STM32_USB_Device_Library/Core/Src/usbd_ctlreq.o
 .debug_info    0x00011217      0x6a0 ./Middlewares/ST/STM32_USB_Device_Library/Core/Src/usbd_ioreq.o
 .debug_info    0x000118b7     0x1b60 ./Middlewares/Third_Party/FreeRTOS/Source/CMSIS_RTOS/cmsis_os.o
 .debug_info    0x00013417      0x2af ./Middlewares/Third_Party/FreeRTOS/Source/list.o
 .debug_info    0x000136c6     0x1ca7 ./Middlewares/Third_Party/FreeRTOS/Source/tasks.o
 .debug_info    0x0001536d      0x494 ./Middlewares/Third_Party/FreeRTOS/Source/portable/GCC/ARM_CM3/port.o
 .debug_info    0x00015801      0x4d5 ./Middlewares/Third_Party/FreeRTOS/Source/portable/MemMang/heap_4.o
 .debug_info    0x00015cd6      0x63d ./USB_DEVICE/App/usb_device.o
 .debug_info    0x00016313      0x7ec ./USB_DEVICE/App/usbd_cdc_if.o
 .debug_info    0x00016aff      0x44a ./USB_DEVICE/App/usbd_desc.o
 .debug_info    0x00016f49     0x1846 ./USB_DEVICE/Target/usbd_conf.o

.debug_abbrev   0x00000000     0x4492
 .debug_abbrev  0x00000000      0x17e ./Core/Src/freertos.o
 .debug_abbrev  0x0000017e      0x13f ./Core/Src/gpio.o
 .debug_abbrev  0x000002bd      0x1c6 ./Core/Src/main.o
 .debug_abbrev  0x00000483      0x11c ./Core/Src/stm32f1xx_hal_msp.o
 .debug_abbrev  0x0000059f      0x1ba ./Core/Src/stm32f1xx_it.o
 .debug_abbrev  0x00000759      0x13f ./Core/Src/system_stm32f1xx.o
 .debug_abbrev  0x00000898      0x241 ./Core/Src/tim.o
 .debug_abbrev  0x00000ad9      0x1e6 ./Core/Src/usart.o
 .debug_abbrev  0x00000cbf       0x24 ./Core/Startup/startup_stm32f103c6tx.o
 .debug_abbrev  0x00000ce3      0x201 ./Drivers/STM32F1xx_HAL_Driver/Src/stm32f1xx_hal.o
 .debug_abbrev  0x00000ee4      0x2f8 ./Drivers/STM32F1xx_HAL_Driver/Src/stm32f1xx_hal_cortex.o
 .debug_abbrev  0x000011dc      0x1ca ./Drivers/STM32F1xx_HAL_Driver/Src/stm32f1xx_hal_gpio.o
 .debug_abbrev  0x000013a6      0x2d6 ./Drivers/STM32F1xx_HAL_Driver/Src/stm32f1xx_hal_pcd.o
 .debug_abbrev  0x0000167c      0x189 ./Drivers/STM32F1xx_HAL_Driver/Src/stm32f1xx_hal_pcd_ex.o
 .debug_abbrev  0x00001805      0x2b3 ./Drivers/STM32F1xx_HAL_Driver/Src/stm32f1xx_hal_rcc.o
 .debug_abbrev  0x00001ab8      0x188 ./Drivers/STM32F1xx_HAL_Driver/Src/stm32f1xx_hal_rcc_ex.o
 .debug_abbrev  0x00001c40      0x277 ./Drivers/STM32F1xx_HAL_Driver/Src/stm32f1xx_hal_tim.o
 .debug_abbrev  0x00001eb7      0x282 ./Drivers/STM32F1xx_HAL_Driver/Src/stm32f1xx_hal_tim_ex.o
 .debug_abbrev  0x00002139      0x2f8 ./Drivers/STM32F1xx_HAL_Driver/Src/stm32f1xx_hal_uart.o
 .debug_abbrev  0x00002431      0x1de ./Drivers/STM32F1xx_HAL_Driver/Src/stm32f1xx_ll_usb.o
 .debug_abbrev  0x0000260f      0x2d3 ./Middlewares/ST/STM32_USB_Device_Library/Class/CDC/Src/usbd_cdc.o
 .debug_abbrev  0x000028e2      0x24a ./Middlewares/ST/STM32_USB_Device_Library/Core/Src/usbd_core.o
 .debug_abbrev  0x00002b2c      0x26b ./Middlewares/ST/STM32_USB_Device_Library/Core/Src/usbd_ctlreq.o
 .debug_abbrev  0x00002d97      0x192 ./Middlewares/ST/STM32_USB_Device_Library/Core/Src/usbd_ioreq.o
 .debug_abbrev  0x00002f29      0x3a7 ./Middlewares/Third_Party/FreeRTOS/Source/CMSIS_RTOS/cmsis_os.o
 .debug_abbrev  0x000032d0       0xf5 ./Middlewares/Third_Party/FreeRTOS/Source/list.o
 .debug_abbrev  0x000033c5      0x359 ./Middlewares/Third_Party/FreeRTOS/Source/tasks.o
 .debug_abbrev  0x0000371e      0x258 ./Middlewares/Third_Party/FreeRTOS/Source/portable/GCC/ARM_CM3/port.o
 .debug_abbrev  0x00003976      0x21d ./Middlewares/Third_Party/FreeRTOS/Source/portable/MemMang/heap_4.o
 .debug_abbrev  0x00003b93      0x18d ./USB_DEVICE/App/usb_device.o
 .debug_abbrev  0x00003d20      0x25d ./USB_DEVICE/App/usbd_cdc_if.o
 .debug_abbrev  0x00003f7d      0x1ff ./USB_DEVICE/App/usbd_desc.o
 .debug_abbrev  0x0000417c      0x316 ./USB_DEVICE/Target/usbd_conf.o

.debug_aranges  0x00000000     0x1708
 .debug_aranges
                0x00000000       0x30 ./Core/Src/freertos.o
 .debug_aranges
                0x00000030       0x20 ./Core/Src/gpio.o
 .debug_aranges
                0x00000050       0x30 ./Core/Src/main.o
 .debug_aranges
                0x00000080       0x20 ./Core/Src/stm32f1xx_hal_msp.o
 .debug_aranges
                0x000000a0       0x58 ./Core/Src/stm32f1xx_it.o
 .debug_aranges
                0x000000f8       0x28 ./Core/Src/system_stm32f1xx.o
 .debug_aranges
                0x00000120       0x50 ./Core/Src/tim.o
 .debug_aranges
                0x00000170       0x30 ./Core/Src/usart.o
 .debug_aranges
                0x000001a0       0x28 ./Core/Startup/startup_stm32f103c6tx.o
 .debug_aranges
                0x000001c8       0xe0 ./Drivers/STM32F1xx_HAL_Driver/Src/stm32f1xx_hal.o
 .debug_aranges
                0x000002a8      0x100 ./Drivers/STM32F1xx_HAL_Driver/Src/stm32f1xx_hal_cortex.o
 .debug_aranges
                0x000003a8       0x58 ./Drivers/STM32F1xx_HAL_Driver/Src/stm32f1xx_hal_gpio.o
 .debug_aranges
                0x00000400      0x140 ./Drivers/STM32F1xx_HAL_Driver/Src/stm32f1xx_hal_pcd.o
 .debug_aranges
                0x00000540       0x38 ./Drivers/STM32F1xx_HAL_Driver/Src/stm32f1xx_hal_pcd_ex.o
 .debug_aranges
                0x00000578       0x90 ./Drivers/STM32F1xx_HAL_Driver/Src/stm32f1xx_hal_rcc.o
 .debug_aranges
                0x00000608       0x30 ./Drivers/STM32F1xx_HAL_Driver/Src/stm32f1xx_hal_rcc_ex.o
 .debug_aranges
                0x00000638      0x3d0 ./Drivers/STM32F1xx_HAL_Driver/Src/stm32f1xx_hal_tim.o
 .debug_aranges
                0x00000a08      0x168 ./Drivers/STM32F1xx_HAL_Driver/Src/stm32f1xx_hal_tim_ex.o
 .debug_aranges
                0x00000b70      0x208 ./Drivers/STM32F1xx_HAL_Driver/Src/stm32f1xx_hal_uart.o
 .debug_aranges
                0x00000d78       0xf8 ./Drivers/STM32F1xx_HAL_Driver/Src/stm32f1xx_ll_usb.o
 .debug_aranges
                0x00000e70       0x90 ./Middlewares/ST/STM32_USB_Device_Library/Class/CDC/Src/usbd_cdc.o
 .debug_aranges
                0x00000f00       0xb8 ./Middlewares/ST/STM32_USB_Device_Library/Core/Src/usbd_core.o
 .debug_aranges
                0x00000fb8       0x88 ./Middlewares/ST/STM32_USB_Device_Library/Core/Src/usbd_ctlreq.o
 .debug_aranges
                0x00001040       0x50 ./Middlewares/ST/STM32_USB_Device_Library/Core/Src/usbd_ioreq.o
 .debug_aranges
                0x00001090      0x1d8 ./Middlewares/Third_Party/FreeRTOS/Source/CMSIS_RTOS/cmsis_os.o
 .debug_aranges
                0x00001268       0x40 ./Middlewares/Third_Party/FreeRTOS/Source/list.o
 .debug_aranges
                0x000012a8      0x1b8 ./Middlewares/Third_Party/FreeRTOS/Source/tasks.o
 .debug_aranges
                0x00001460       0x78 ./Middlewares/Third_Party/FreeRTOS/Source/portable/GCC/ARM_CM3/port.o
 .debug_aranges
                0x000014d8       0x58 ./Middlewares/Third_Party/FreeRTOS/Source/portable/MemMang/heap_4.o
 .debug_aranges
                0x00001530       0x20 ./USB_DEVICE/App/usb_device.o
 .debug_aranges
                0x00001550       0x40 ./USB_DEVICE/App/usbd_cdc_if.o
 .debug_aranges
                0x00001590       0x60 ./USB_DEVICE/App/usbd_desc.o
 .debug_aranges
                0x000015f0      0x118 ./USB_DEVICE/Target/usbd_conf.o

.debug_rnglists
                0x00000000     0x119b
 .debug_rnglists
                0x00000000       0x1f ./Core/Src/freertos.o
 .debug_rnglists
                0x0000001f       0x14 ./Core/Src/gpio.o
 .debug_rnglists
                0x00000033       0x20 ./Core/Src/main.o
 .debug_rnglists
                0x00000053       0x13 ./Core/Src/stm32f1xx_hal_msp.o
 .debug_rnglists
                0x00000066       0x3d ./Core/Src/stm32f1xx_it.o
 .debug_rnglists
                0x000000a3       0x1a ./Core/Src/system_stm32f1xx.o
 .debug_rnglists
                0x000000bd       0x3a ./Core/Src/tim.o
 .debug_rnglists
                0x000000f7       0x20 ./Core/Src/usart.o
 .debug_rnglists
                0x00000117       0x19 ./Core/Startup/startup_stm32f103c6tx.o
 .debug_rnglists
                0x00000130       0xa3 ./Drivers/STM32F1xx_HAL_Driver/Src/stm32f1xx_hal.o
 .debug_rnglists
                0x000001d3       0xbb ./Drivers/STM32F1xx_HAL_Driver/Src/stm32f1xx_hal_cortex.o
 .debug_rnglists
                0x0000028e       0x3f ./Drivers/STM32F1xx_HAL_Driver/Src/stm32f1xx_hal_gpio.o
 .debug_rnglists
                0x000002cd       0xf4 ./Drivers/STM32F1xx_HAL_Driver/Src/stm32f1xx_hal_pcd.o
 .debug_rnglists
                0x000003c1       0x26 ./Drivers/STM32F1xx_HAL_Driver/Src/stm32f1xx_hal_pcd_ex.o
 .debug_rnglists
                0x000003e7       0x6c ./Drivers/STM32F1xx_HAL_Driver/Src/stm32f1xx_hal_rcc.o
 .debug_rnglists
                0x00000453       0x21 ./Drivers/STM32F1xx_HAL_Driver/Src/stm32f1xx_hal_rcc_ex.o
 .debug_rnglists
                0x00000474      0x31a ./Drivers/STM32F1xx_HAL_Driver/Src/stm32f1xx_hal_tim.o
 .debug_rnglists
                0x0000078e      0x125 ./Drivers/STM32F1xx_HAL_Driver/Src/stm32f1xx_hal_tim_ex.o
 .debug_rnglists
                0x000008b3      0x1bc ./Drivers/STM32F1xx_HAL_Driver/Src/stm32f1xx_hal_uart.o
 .debug_rnglists
                0x00000a6f       0xbd ./Drivers/STM32F1xx_HAL_Driver/Src/stm32f1xx_ll_usb.o
 .debug_rnglists
                0x00000b2c       0x6a ./Middlewares/ST/STM32_USB_Device_Library/Class/CDC/Src/usbd_cdc.o
 .debug_rnglists
                0x00000b96       0x89 ./Middlewares/ST/STM32_USB_Device_Library/Core/Src/usbd_core.o
 .debug_rnglists
                0x00000c1f       0x68 ./Middlewares/ST/STM32_USB_Device_Library/Core/Src/usbd_ctlreq.o
 .debug_rnglists
                0x00000c87       0x37 ./Middlewares/ST/STM32_USB_Device_Library/Core/Src/usbd_ioreq.o
 .debug_rnglists
                0x00000cbe      0x16a ./Middlewares/Third_Party/FreeRTOS/Source/CMSIS_RTOS/cmsis_os.o
 .debug_rnglists
                0x00000e28       0x2b ./Middlewares/Third_Party/FreeRTOS/Source/list.o
 .debug_rnglists
                0x00000e53      0x15f ./Middlewares/Third_Party/FreeRTOS/Source/tasks.o
 .debug_rnglists
                0x00000fb2       0x57 ./Middlewares/Third_Party/FreeRTOS/Source/portable/GCC/ARM_CM3/port.o
 .debug_rnglists
                0x00001009       0x42 ./Middlewares/Third_Party/FreeRTOS/Source/portable/MemMang/heap_4.o
 .debug_rnglists
                0x0000104b       0x13 ./USB_DEVICE/App/usb_device.o
 .debug_rnglists
                0x0000105e       0x2c ./USB_DEVICE/App/usbd_cdc_if.o
 .debug_rnglists
                0x0000108a       0x43 ./USB_DEVICE/App/usbd_desc.o
 .debug_rnglists
                0x000010cd       0xce ./USB_DEVICE/Target/usbd_conf.o

.debug_macro    0x00000000    0x1b5a5
 .debug_macro   0x00000000      0x282 ./Core/Src/freertos.o
 .debug_macro   0x00000282      0x190 ./Core/Src/freertos.o
 .debug_macro   0x00000412       0x22 ./Core/Src/freertos.o
 .debug_macro   0x00000434       0x8e ./Core/Src/freertos.o
 .debug_macro   0x000004c2       0x51 ./Core/Src/freertos.o
 .debug_macro   0x00000513      0x103 ./Core/Src/freertos.o
 .debug_macro   0x00000616       0x6a ./Core/Src/freertos.o
 .debug_macro   0x00000680      0x1df ./Core/Src/freertos.o
 .debug_macro   0x0000085f       0xe4 ./Core/Src/freertos.o
 .debug_macro   0x00000943      0x15a ./Core/Src/freertos.o
 .debug_macro   0x00000a9d       0xde ./Core/Src/freertos.o
 .debug_macro   0x00000b7b       0x1c ./Core/Src/freertos.o
 .debug_macro   0x00000b97       0x26 ./Core/Src/freertos.o
 .debug_macro   0x00000bbd      0x504 ./Core/Src/freertos.o
 .debug_macro   0x000010c1       0xb5 ./Core/Src/freertos.o
 .debug_macro   0x00001176       0xaa ./Core/Src/freertos.o
 .debug_macro   0x00001220      0x221 ./Core/Src/freertos.o
 .debug_macro   0x00001441       0x2e ./Core/Src/freertos.o
 .debug_macro   0x0000146f       0x22 ./Core/Src/freertos.o
 .debug_macro   0x00001491       0x1c ./Core/Src/freertos.o
 .debug_macro   0x000014ad       0x22 ./Core/Src/freertos.o
 .debug_macro   0x000014cf       0xbd ./Core/Src/freertos.o
 .debug_macro   0x0000158c      0xd23 ./Core/Src/freertos.o
 .debug_macro   0x000022af     0xde75 ./Core/Src/freertos.o
 .debug_macro   0x00010124       0x6d ./Core/Src/freertos.o
 .debug_macro   0x00010191     0x34a2 ./Core/Src/freertos.o
 .debug_macro   0x00013633       0x5c ./Core/Src/freertos.o
 .debug_macro   0x0001368f      0x5bc ./Core/Src/freertos.o
 .debug_macro   0x00013c4b      0x1b7 ./Core/Src/freertos.o
 .debug_macro   0x00013e02      0x1cb ./Core/Src/freertos.o
 .debug_macro   0x00013fcd      0x114 ./Core/Src/freertos.o
 .debug_macro   0x000140e1      0x1b2 ./Core/Src/freertos.o
 .debug_macro   0x00014293       0x27 ./Core/Src/freertos.o
 .debug_macro   0x000142ba      0x12f ./Core/Src/freertos.o
 .debug_macro   0x000143e9      0x1bc ./Core/Src/freertos.o
 .debug_macro   0x000145a5       0x34 ./Core/Src/freertos.o
 .debug_macro   0x000145d9       0x3c ./Core/Src/freertos.o
 .debug_macro   0x00014615       0x57 ./Core/Src/freertos.o
 .debug_macro   0x0001466c       0x87 ./Core/Src/freertos.o
 .debug_macro   0x000146f3      0x183 ./Core/Src/freertos.o
 .debug_macro   0x00014876      0x140 ./Core/Src/freertos.o
 .debug_macro   0x000149b6      0x8ed ./Core/Src/freertos.o
 .debug_macro   0x000152a3      0x28e ./Core/Src/freertos.o
 .debug_macro   0x00015531       0xb7 ./Core/Src/freertos.o
 .debug_macro   0x000155e8      0x242 ./Core/Src/freertos.o
 .debug_macro   0x0001582a       0x69 ./Core/Src/freertos.o
 .debug_macro   0x00015893       0x91 ./Core/Src/freertos.o
 .debug_macro   0x00015924       0x8d ./Core/Src/freertos.o
 .debug_macro   0x000159b1       0x7e ./Core/Src/freertos.o
 .debug_macro   0x00015a2f       0x19 ./Core/Src/freertos.o
 .debug_macro   0x00015a48       0xf2 ./Core/Src/freertos.o
 .debug_macro   0x00015b3a      0x1d9 ./Core/Src/gpio.o
 .debug_macro   0x00015d13      0x430 ./Core/Src/main.o
 .debug_macro   0x00016143       0xe4 ./Core/Src/main.o
 .debug_macro   0x00016227       0x61 ./Core/Src/main.o
 .debug_macro   0x00016288       0x24 ./Core/Src/main.o
 .debug_macro   0x000162ac       0x43 ./Core/Src/main.o
 .debug_macro   0x000162ef       0x34 ./Core/Src/main.o
 .debug_macro   0x00016323       0x16 ./Core/Src/main.o
 .debug_macro   0x00016339       0x3c ./Core/Src/main.o
 .debug_macro   0x00016375      0x370 ./Core/Src/main.o
 .debug_macro   0x000166e5       0x10 ./Core/Src/main.o
 .debug_macro   0x000166f5       0x16 ./Core/Src/main.o
 .debug_macro   0x0001670b       0x4a ./Core/Src/main.o
 .debug_macro   0x00016755       0x34 ./Core/Src/main.o
 .debug_macro   0x00016789       0x10 ./Core/Src/main.o
 .debug_macro   0x00016799       0x58 ./Core/Src/main.o
 .debug_macro   0x000167f1       0x8e ./Core/Src/main.o
 .debug_macro   0x0001687f       0x1c ./Core/Src/main.o
 .debug_macro   0x0001689b      0x185 ./Core/Src/main.o
 .debug_macro   0x00016a20       0x16 ./Core/Src/main.o
 .debug_macro   0x00016a36       0x16 ./Core/Src/main.o
 .debug_macro   0x00016a4c      0x146 ./Core/Src/main.o
 .debug_macro   0x00016b92       0x16 ./Core/Src/main.o
 .debug_macro   0x00016ba8       0x16 ./Core/Src/main.o
 .debug_macro   0x00016bbe       0x29 ./Core/Src/main.o
 .debug_macro   0x00016be7       0x16 ./Core/Src/main.o
 .debug_macro   0x00016bfd       0x20 ./Core/Src/main.o
 .debug_macro   0x00016c1d       0x5f ./Core/Src/main.o
 .debug_macro   0x00016c7c      0x1c8 ./Core/Src/main.o
 .debug_macro   0x00016e44      0x1cf ./Core/Src/stm32f1xx_hal_msp.o
 .debug_macro   0x00017013      0x241 ./Core/Src/stm32f1xx_it.o
 .debug_macro   0x00017254      0x1c5 ./Core/Src/system_stm32f1xx.o
 .debug_macro   0x00017419      0x1d9 ./Core/Src/tim.o
 .debug_macro   0x000175f2      0x1d9 ./Core/Src/usart.o
 .debug_macro   0x000177cb      0x1e9 ./Drivers/STM32F1xx_HAL_Driver/Src/stm32f1xx_hal.o
 .debug_macro   0x000179b4      0x1c5 ./Drivers/STM32F1xx_HAL_Driver/Src/stm32f1xx_hal_cortex.o
 .debug_macro   0x00017b79      0x230 ./Drivers/STM32F1xx_HAL_Driver/Src/stm32f1xx_hal_gpio.o
 .debug_macro   0x00017da9      0x1d1 ./Drivers/STM32F1xx_HAL_Driver/Src/stm32f1xx_hal_pcd.o
 .debug_macro   0x00017f7a      0x1c5 ./Drivers/STM32F1xx_HAL_Driver/Src/stm32f1xx_hal_pcd_ex.o
 .debug_macro   0x0001813f      0x1d7 ./Drivers/STM32F1xx_HAL_Driver/Src/stm32f1xx_hal_rcc.o
 .debug_macro   0x00018316      0x1c5 ./Drivers/STM32F1xx_HAL_Driver/Src/stm32f1xx_hal_rcc_ex.o
 .debug_macro   0x000184db      0x1c6 ./Drivers/STM32F1xx_HAL_Driver/Src/stm32f1xx_hal_tim.o
 .debug_macro   0x000186a1      0x1c5 ./Drivers/STM32F1xx_HAL_Driver/Src/stm32f1xx_hal_tim_ex.o
 .debug_macro   0x00018866      0x1c6 ./Drivers/STM32F1xx_HAL_Driver/Src/stm32f1xx_hal_uart.o
 .debug_macro   0x00018a2c      0x1c5 ./Drivers/STM32F1xx_HAL_Driver/Src/stm32f1xx_ll_usb.o
 .debug_macro   0x00018bf1      0x35e ./Middlewares/ST/STM32_USB_Device_Library/Class/CDC/Src/usbd_cdc.o
 .debug_macro   0x00018f4f       0x9e ./Middlewares/ST/STM32_USB_Device_Library/Class/CDC/Src/usbd_cdc.o
 .debug_macro   0x00018fed      0x112 ./Middlewares/ST/STM32_USB_Device_Library/Class/CDC/Src/usbd_cdc.o
 .debug_macro   0x000190ff       0x56 ./Middlewares/ST/STM32_USB_Device_Library/Class/CDC/Src/usbd_cdc.o
 .debug_macro   0x00019155       0x8f ./Middlewares/ST/STM32_USB_Device_Library/Class/CDC/Src/usbd_cdc.o
 .debug_macro   0x000191e4      0x345 ./Middlewares/ST/STM32_USB_Device_Library/Core/Src/usbd_core.o
 .debug_macro   0x00019529      0x1ce ./Middlewares/ST/STM32_USB_Device_Library/Core/Src/usbd_core.o
 .debug_macro   0x000196f7      0x34f ./Middlewares/ST/STM32_USB_Device_Library/Core/Src/usbd_ctlreq.o
 .debug_macro   0x00019a46      0x34b ./Middlewares/ST/STM32_USB_Device_Library/Core/Src/usbd_ioreq.o
 .debug_macro   0x00019d91      0x1fe ./Middlewares/Third_Party/FreeRTOS/Source/CMSIS_RTOS/cmsis_os.o
 .debug_macro   0x00019f8f       0xab ./Middlewares/Third_Party/FreeRTOS/Source/CMSIS_RTOS/cmsis_os.o
 .debug_macro   0x0001a03a      0x187 ./Middlewares/Third_Party/FreeRTOS/Source/list.o
 .debug_macro   0x0001a1c1      0x279 ./Middlewares/Third_Party/FreeRTOS/Source/tasks.o
 .debug_macro   0x0001a43a       0x10 ./Middlewares/Third_Party/FreeRTOS/Source/tasks.o
 .debug_macro   0x0001a44a      0x172 ./Middlewares/Third_Party/FreeRTOS/Source/portable/GCC/ARM_CM3/port.o
 .debug_macro   0x0001a5bc      0x1ae ./Middlewares/Third_Party/FreeRTOS/Source/portable/MemMang/heap_4.o
 .debug_macro   0x0001a76a      0x384 ./USB_DEVICE/App/usb_device.o
 .debug_macro   0x0001aaee       0x22 ./USB_DEVICE/App/usb_device.o
 .debug_macro   0x0001ab10       0x16 ./USB_DEVICE/App/usb_device.o
 .debug_macro   0x0001ab26      0x369 ./USB_DEVICE/App/usbd_cdc_if.o
 .debug_macro   0x0001ae8f       0x10 ./USB_DEVICE/App/usbd_cdc_if.o
 .debug_macro   0x0001ae9f      0x382 ./USB_DEVICE/App/usbd_desc.o
 .debug_macro   0x0001b221       0x1c ./USB_DEVICE/App/usbd_desc.o
 .debug_macro   0x0001b23d      0x368 ./USB_DEVICE/Target/usbd_conf.o

.debug_line     0x00000000    0x1aab9
 .debug_line    0x00000000      0x840 ./Core/Src/freertos.o
 .debug_line    0x00000840      0x697 ./Core/Src/gpio.o
 .debug_line    0x00000ed7      0xaf1 ./Core/Src/main.o
 .debug_line    0x000019c8      0x68a ./Core/Src/stm32f1xx_hal_msp.o
 .debug_line    0x00002052      0x838 ./Core/Src/stm32f1xx_it.o
 .debug_line    0x0000288a      0x707 ./Core/Src/system_stm32f1xx.o
 .debug_line    0x00002f91      0x80f ./Core/Src/tim.o
 .debug_line    0x000037a0      0x6fc ./Core/Src/usart.o
 .debug_line    0x00003e9c       0x78 ./Core/Startup/startup_stm32f103c6tx.o
 .debug_line    0x00003f14      0x938 ./Drivers/STM32F1xx_HAL_Driver/Src/stm32f1xx_hal.o
 .debug_line    0x0000484c      0xb02 ./Drivers/STM32F1xx_HAL_Driver/Src/stm32f1xx_hal_cortex.o
 .debug_line    0x0000534e      0x980 ./Drivers/STM32F1xx_HAL_Driver/Src/stm32f1xx_hal_gpio.o
 .debug_line    0x00005cce     0x12bd ./Drivers/STM32F1xx_HAL_Driver/Src/stm32f1xx_hal_pcd.o
 .debug_line    0x00006f8b      0x702 ./Drivers/STM32F1xx_HAL_Driver/Src/stm32f1xx_hal_pcd_ex.o
 .debug_line    0x0000768d      0xdf1 ./Drivers/STM32F1xx_HAL_Driver/Src/stm32f1xx_hal_rcc.o
 .debug_line    0x0000847e      0x8a2 ./Drivers/STM32F1xx_HAL_Driver/Src/stm32f1xx_hal_rcc_ex.o
 .debug_line    0x00008d20     0x33dd ./Drivers/STM32F1xx_HAL_Driver/Src/stm32f1xx_hal_tim.o
 .debug_line    0x0000c0fd     0x17cc ./Drivers/STM32F1xx_HAL_Driver/Src/stm32f1xx_hal_tim_ex.o
 .debug_line    0x0000d8c9     0x2454 ./Drivers/STM32F1xx_HAL_Driver/Src/stm32f1xx_hal_uart.o
 .debug_line    0x0000fd1d     0x10a8 ./Drivers/STM32F1xx_HAL_Driver/Src/stm32f1xx_ll_usb.o
 .debug_line    0x00010dc5      0xc81 ./Middlewares/ST/STM32_USB_Device_Library/Class/CDC/Src/usbd_cdc.o
 .debug_line    0x00011a46      0xcd6 ./Middlewares/ST/STM32_USB_Device_Library/Core/Src/usbd_core.o
 .debug_line    0x0001271c      0xf20 ./Middlewares/ST/STM32_USB_Device_Library/Core/Src/usbd_ctlreq.o
 .debug_line    0x0001363c      0x98c ./Middlewares/ST/STM32_USB_Device_Library/Core/Src/usbd_ioreq.o
 .debug_line    0x00013fc8     0x1234 ./Middlewares/Third_Party/FreeRTOS/Source/CMSIS_RTOS/cmsis_os.o
 .debug_line    0x000151fc      0x6c0 ./Middlewares/Third_Party/FreeRTOS/Source/list.o
 .debug_line    0x000158bc     0x17fb ./Middlewares/Third_Party/FreeRTOS/Source/tasks.o
 .debug_line    0x000170b7      0x6ff ./Middlewares/Third_Party/FreeRTOS/Source/portable/GCC/ARM_CM3/port.o
 .debug_line    0x000177b6      0x8d6 ./Middlewares/Third_Party/FreeRTOS/Source/portable/MemMang/heap_4.o
 .debug_line    0x0001808c      0x95c ./USB_DEVICE/App/usb_device.o
 .debug_line    0x000189e8      0x994 ./USB_DEVICE/App/usbd_cdc_if.o
 .debug_line    0x0001937c      0xa05 ./USB_DEVICE/App/usbd_desc.o
 .debug_line    0x00019d81      0xd38 ./USB_DEVICE/Target/usbd_conf.o

.debug_str      0x00000000    0x95788
 .debug_str     0x00000000    0x95788 ./Core/Src/freertos.o
                              0x8a0a6 (size before relaxing)
 .debug_str     0x00095788    0x83e53 ./Core/Src/gpio.o
 .debug_str     0x00095788    0x8e36a ./Core/Src/main.o
 .debug_str     0x00095788    0x84095 ./Core/Src/stm32f1xx_hal_msp.o
 .debug_str     0x00095788    0x87f86 ./Core/Src/stm32f1xx_it.o
 .debug_str     0x00095788    0x83e06 ./Core/Src/system_stm32f1xx.o
 .debug_str     0x00095788    0x8453f ./Core/Src/tim.o
 .debug_str     0x00095788    0x8429b ./Core/Src/usart.o
 .debug_str     0x00095788       0x8a ./Core/Startup/startup_stm32f103c6tx.o
 .debug_str     0x00095788    0x844ff ./Drivers/STM32F1xx_HAL_Driver/Src/stm32f1xx_hal.o
 .debug_str     0x00095788    0x8444b ./Drivers/STM32F1xx_HAL_Driver/Src/stm32f1xx_hal_cortex.o
 .debug_str     0x00095788    0x8418c ./Drivers/STM32F1xx_HAL_Driver/Src/stm32f1xx_hal_gpio.o
 .debug_str     0x00095788    0x84723 ./Drivers/STM32F1xx_HAL_Driver/Src/stm32f1xx_hal_pcd.o
 .debug_str     0x00095788    0x84285 ./Drivers/STM32F1xx_HAL_Driver/Src/stm32f1xx_hal_pcd_ex.o
 .debug_str     0x00095788    0x84235 ./Drivers/STM32F1xx_HAL_Driver/Src/stm32f1xx_hal_rcc.o
 .debug_str     0x00095788    0x83f85 ./Drivers/STM32F1xx_HAL_Driver/Src/stm32f1xx_hal_rcc_ex.o
 .debug_str     0x00095788    0x85237 ./Drivers/STM32F1xx_HAL_Driver/Src/stm32f1xx_hal_tim.o
 .debug_str     0x00095788    0x84a43 ./Drivers/STM32F1xx_HAL_Driver/Src/stm32f1xx_hal_tim_ex.o
 .debug_str     0x00095788    0x848a6 ./Drivers/STM32F1xx_HAL_Driver/Src/stm32f1xx_hal_uart.o
 .debug_str     0x00095788    0x842d7 ./Drivers/STM32F1xx_HAL_Driver/Src/stm32f1xx_ll_usb.o
 .debug_str     0x00095788    0x88d72 ./Middlewares/ST/STM32_USB_Device_Library/Class/CDC/Src/usbd_cdc.o
 .debug_str     0x00095788    0x886a2 ./Middlewares/ST/STM32_USB_Device_Library/Core/Src/usbd_core.o
 .debug_str     0x00095788    0x885bc ./Middlewares/ST/STM32_USB_Device_Library/Core/Src/usbd_ctlreq.o
 .debug_str     0x00095788    0x884e9 ./Middlewares/ST/STM32_USB_Device_Library/Core/Src/usbd_ioreq.o
 .debug_str     0x00095788     0xe6bb ./Middlewares/Third_Party/FreeRTOS/Source/CMSIS_RTOS/cmsis_os.o
 .debug_str     0x00095788     0xabb7 ./Middlewares/Third_Party/FreeRTOS/Source/list.o
 .debug_str     0x00095788     0xcf22 ./Middlewares/Third_Party/FreeRTOS/Source/tasks.o
 .debug_str     0x00095788     0x865d ./Middlewares/Third_Party/FreeRTOS/Source/portable/GCC/ARM_CM3/port.o
 .debug_str     0x00095788     0xb4f9 ./Middlewares/Third_Party/FreeRTOS/Source/portable/MemMang/heap_4.o
 .debug_str     0x00095788    0x88874 ./USB_DEVICE/App/usb_device.o
 .debug_str     0x00095788    0x8889a ./USB_DEVICE/App/usbd_cdc_if.o
 .debug_str     0x00095788    0x88425 ./USB_DEVICE/App/usbd_desc.o
 .debug_str     0x00095788    0x892c5 ./USB_DEVICE/Target/usbd_conf.o

.comment        0x00000000       0x43
 .comment       0x00000000       0x43 ./Core/Src/freertos.o
                                 0x44 (size before relaxing)
 .comment       0x00000043       0x44 ./Core/Src/gpio.o
 .comment       0x00000043       0x44 ./Core/Src/main.o
 .comment       0x00000043       0x44 ./Core/Src/stm32f1xx_hal_msp.o
 .comment       0x00000043       0x44 ./Core/Src/stm32f1xx_it.o
 .comment       0x00000043       0x44 ./Core/Src/system_stm32f1xx.o
 .comment       0x00000043       0x44 ./Core/Src/tim.o
 .comment       0x00000043       0x44 ./Core/Src/usart.o
 .comment       0x00000043       0x44 ./Drivers/STM32F1xx_HAL_Driver/Src/stm32f1xx_hal.o
 .comment       0x00000043       0x44 ./Drivers/STM32F1xx_HAL_Driver/Src/stm32f1xx_hal_cortex.o
 .comment       0x00000043       0x44 ./Drivers/STM32F1xx_HAL_Driver/Src/stm32f1xx_hal_gpio.o
 .comment       0x00000043       0x44 ./Drivers/STM32F1xx_HAL_Driver/Src/stm32f1xx_hal_pcd.o
 .comment       0x00000043       0x44 ./Drivers/STM32F1xx_HAL_Driver/Src/stm32f1xx_hal_pcd_ex.o
 .comment       0x00000043       0x44 ./Drivers/STM32F1xx_HAL_Driver/Src/stm32f1xx_hal_rcc.o
 .comment       0x00000043       0x44 ./Drivers/STM32F1xx_HAL_Driver/Src/stm32f1xx_hal_rcc_ex.o
 .comment       0x00000043       0x44 ./Drivers/STM32F1xx_HAL_Driver/Src/stm32f1xx_hal_tim.o
 .comment       0x00000043       0x44 ./Drivers/STM32F1xx_HAL_Driver/Src/stm32f1xx_hal_tim_ex.o
 .comment       0x00000043       0x44 ./Drivers/STM32F1xx_HAL_Driver/Src/stm32f1xx_hal_uart.o